Copyright 1986-2022 Xilinx, Inc. All Rights Reserved. Copyright 2022-2025 Advanced Micro Devices, Inc. All Rights Reserved.
-----------------------------------------------------------------------------------------------------------------------------------------------------------------------------------------------------
| Tool Version : Vivado v.2025.2 (lin64) Build 6299465 Fri Nov 14 12:34:56 MST 2025
| Date         : Sun Aug  2 15:41:54 2026
| Host         : radoslaw-feiglewicz running 64-bit Ubuntu 24.04.2 LTS
| Command      : report_timing -max_paths 2 -unique_pins -delay_type max -file /home/radoslaw-feiglewicz/Pulpit/Git_projects/exp_eval_benchmarks/ai_math_modeling/build/vivado_compare/chk_lut_8.rpt
| Design       : bf16_expe_lut
| Device       : 7a200t-fbg484
| Speed File   : -1  PRODUCTION 1.23 2018-06-13
| Design State : Synthesized
-----------------------------------------------------------------------------------------------------------------------------------------------------------------------------------------------------

Timing Report

Slack (VIOLATED) :        -1.935ns  (required time - arrival time)
  Source:                 u_rom/gen_sync.data_reg_0/CLKARDCLK
                            (rising edge-triggered cell RAMB36E1 clocked by clk  {rise@0.000ns fall@1.000ns period=2.000ns})
  Destination:            u_pipe_pad/gen_delay.gen_stage[1].gen_reg_rst.chain_reg[1][0]_srl3_gen_axi_pipelined.vld_sr_reg_c_1/D
                            (rising edge-triggered cell SRL16E clocked by clk  {rise@0.000ns fall@1.000ns period=2.000ns})
  Path Group:             clk
  Path Type:              Setup (Max at Slow Process Corner)
  Requirement:            2.000ns  (clk rise@2.000ns - clk rise@0.000ns)
  Data Path Delay:        3.711ns  (logic 2.578ns (69.475%)  route 1.133ns (30.526%))
  Logic Levels:           1  (LUT3=1)
  Clock Path Skew:        -0.145ns (DCD - SCD + CPR)
    Destination Clock Delay (DCD):    2.100ns = ( 4.100 - 2.000 ) 
    Source Clock Delay      (SCD):    2.424ns
    Clock Pessimism Removal (CPR):    0.178ns
  Clock Uncertainty:      0.035ns  ((TSJ^2 + TIJ^2)^1/2 + DJ) / 2 + PE
    Total System Jitter     (TSJ):    0.071ns
    Total Input Jitter      (TIJ):    0.000ns
    Discrete Jitter          (DJ):    0.000ns
    Phase Error              (PE):    0.000ns

    Location             Delay type                Incr(ns)  Path(ns)    Netlist Resource(s)
  -------------------------------------------------------------------    -------------------
                         (clock clk rise edge)        0.000     0.000 r  
                                                      0.000     0.000 r  clk (IN)
                         net (fo=0)                   0.000     0.000    clk
                         IBUF (Prop_ibuf_I_O)         0.944     0.944 r  clk_IBUF_inst/O
                         net (fo=1, unplaced)         0.800     1.744    clk_IBUF
                         BUFG (Prop_bufg_I_O)         0.096     1.840 r  clk_IBUF_BUFG_inst/O
                         net (fo=92, unplaced)        0.584     2.424    u_rom/clk_IBUF_BUFG
                         RAMB36E1                                     r  u_rom/gen_sync.data_reg_0/CLKARDCLK
  -------------------------------------------------------------------    -------------------
                         RAMB36E1 (Prop_ramb36e1_CLKARDCLK_DOADO[0])
                                                      2.454     4.878 r  u_rom/gen_sync.data_reg_0/DOADO[0]
                         net (fo=1, unplaced)         0.800     5.677    u_rom/s3_rom_data[0]
                         LUT3 (Prop_lut3_I0_O)        0.124     5.801 r  u_rom/gen_delay.gen_stage[1].gen_reg_rst.chain_reg[1][0]_srl3_gen_axi_pipelined.vld_sr_reg_c_1_i_1/O
                         net (fo=1, unplaced)         0.333     6.134    u_pipe_pad/bf16_out_comb[0]
                         SRL16E                                       r  u_pipe_pad/gen_delay.gen_stage[1].gen_reg_rst.chain_reg[1][0]_srl3_gen_axi_pipelined.vld_sr_reg_c_1/D
  -------------------------------------------------------------------    -------------------

                         (clock clk rise edge)        2.000     2.000 r  
                                                      0.000     2.000 r  clk (IN)
                         net (fo=0)                   0.000     2.000    clk
                         IBUF (Prop_ibuf_I_O)         0.811     2.811 r  clk_IBUF_inst/O
                         net (fo=1, unplaced)         0.760     3.570    clk_IBUF
                         BUFG (Prop_bufg_I_O)         0.091     3.661 r  clk_IBUF_BUFG_inst/O
                         net (fo=92, unplaced)        0.439     4.100    u_pipe_pad/clk_IBUF_BUFG
                         SRL16E                                       r  u_pipe_pad/gen_delay.gen_stage[1].gen_reg_rst.chain_reg[1][0]_srl3_gen_axi_pipelined.vld_sr_reg_c_1/CLK
                         clock pessimism              0.178     4.279    
                         clock uncertainty           -0.035     4.243    
                         SRL16E (Setup_srl16e_CLK_D)
                                                     -0.044     4.199    u_pipe_pad/gen_delay.gen_stage[1].gen_reg_rst.chain_reg[1][0]_srl3_gen_axi_pipelined.vld_sr_reg_c_1
  -------------------------------------------------------------------
                         required time                          4.199    
                         arrival time                          -6.134    
  -------------------------------------------------------------------
                         slack                                 -1.935    

Slack (VIOLATED) :        -1.935ns  (required time - arrival time)
  Source:                 u_rom/gen_sync.data_reg_1/CLKARDCLK
                            (rising edge-triggered cell RAMB36E1 clocked by clk  {rise@0.000ns fall@1.000ns period=2.000ns})
  Destination:            u_pipe_pad/gen_delay.gen_stage[1].gen_reg_rst.chain_reg[1][10]_srl3_gen_axi_pipelined.vld_sr_reg_c_1/D
                            (rising edge-triggered cell SRL16E clocked by clk  {rise@0.000ns fall@1.000ns period=2.000ns})
  Path Group:             clk
  Path Type:              Setup (Max at Slow Process Corner)
  Requirement:            2.000ns  (clk rise@2.000ns - clk rise@0.000ns)
  Data Path Delay:        3.711ns  (logic 2.578ns (69.475%)  route 1.133ns (30.526%))
  Logic Levels:           1  (LUT3=1)
  Clock Path Skew:        -0.145ns (DCD - SCD + CPR)
    Destination Clock Delay (DCD):    2.100ns = ( 4.100 - 2.000 ) 
    Source Clock Delay      (SCD):    2.424ns
    Clock Pessimism Removal (CPR):    0.178ns
  Clock Uncertainty:      0.035ns  ((TSJ^2 + TIJ^2)^1/2 + DJ) / 2 + PE
    Total System Jitter     (TSJ):    0.071ns
    Total Input Jitter      (TIJ):    0.000ns
    Discrete Jitter          (DJ):    0.000ns
    Phase Error              (PE):    0.000ns

    Location             Delay type                Incr(ns)  Path(ns)    Netlist Resource(s)
  -------------------------------------------------------------------    -------------------
                         (clock clk rise edge)        0.000     0.000 r  
                                                      0.000     0.000 r  clk (IN)
                         net (fo=0)                   0.000     0.000    clk
                         IBUF (Prop_ibuf_I_O)         0.944     0.944 r  clk_IBUF_inst/O
                         net (fo=1, unplaced)         0.800     1.744    clk_IBUF
                         BUFG (Prop_bufg_I_O)         0.096     1.840 r  clk_IBUF_BUFG_inst/O
                         net (fo=92, unplaced)        0.584     2.424    u_rom/clk_IBUF_BUFG
                         RAMB36E1                                     r  u_rom/gen_sync.data_reg_1/CLKARDCLK
  -------------------------------------------------------------------    -------------------
                         RAMB36E1 (Prop_ramb36e1_CLKARDCLK_DOADO[2])
                                                      2.454     4.878 r  u_rom/gen_sync.data_reg_1/DOADO[2]
                         net (fo=1, unplaced)         0.800     5.677    u_rom/s3_rom_data[10]
                         LUT3 (Prop_lut3_I2_O)        0.124     5.801 r  u_rom/gen_delay.gen_stage[1].gen_reg_rst.chain_reg[1][10]_srl3_gen_axi_pipelined.vld_sr_reg_c_1_i_1/O
                         net (fo=1, unplaced)         0.333     6.134    u_pipe_pad/bf16_out_comb[10]
                         SRL16E                                       r  u_pipe_pad/gen_delay.gen_stage[1].gen_reg_rst.chain_reg[1][10]_srl3_gen_axi_pipelined.vld_sr_reg_c_1/D
  -------------------------------------------------------------------    -------------------

                         (clock clk rise edge)        2.000     2.000 r  
                                                      0.000     2.000 r  clk (IN)
                         net (fo=0)                   0.000     2.000    clk
                         IBUF (Prop_ibuf_I_O)         0.811     2.811 r  clk_IBUF_inst/O
                         net (fo=1, unplaced)         0.760     3.570    clk_IBUF
                         BUFG (Prop_bufg_I_O)         0.091     3.661 r  clk_IBUF_BUFG_inst/O
                         net (fo=92, unplaced)        0.439     4.100    u_pipe_pad/clk_IBUF_BUFG
                         SRL16E                                       r  u_pipe_pad/gen_delay.gen_stage[1].gen_reg_rst.chain_reg[1][10]_srl3_gen_axi_pipelined.vld_sr_reg_c_1/CLK
                         clock pessimism              0.178     4.279    
                         clock uncertainty           -0.035     4.243    
                         SRL16E (Setup_srl16e_CLK_D)
                                                     -0.044     4.199    u_pipe_pad/gen_delay.gen_stage[1].gen_reg_rst.chain_reg[1][10]_srl3_gen_axi_pipelined.vld_sr_reg_c_1
  -------------------------------------------------------------------
                         required time                          4.199    
                         arrival time                          -6.134    
  -------------------------------------------------------------------
                         slack                                 -1.935    




