Copyright 1986-2022 Xilinx, Inc. All Rights Reserved. Copyright 2022-2025 Advanced Micro Devices, Inc. All Rights Reserved.
---------------------------------------------------------------------------------------------------------------------------------------------------------------------------------------------------------
| Tool Version : Vivado v.2025.2 (lin64) Build 6299465 Fri Nov 14 12:34:56 MST 2025
| Date         : Wed Jul 29 21:06:50 2026
| Host         : radoslaw-feiglewicz running 64-bit Ubuntu 24.04.2 LTS
| Command      : report_timing -max_paths 3 -unique_pins -delay_type max -file /home/radoslaw-feiglewicz/Pulpit/Git_projects/exp_eval_benchmarks/ai_math_modeling/build/vivado_compare/crit_expe_cut.rpt
| Design       : bf16_expe_cut
| Device       : 7a200t-fbg484
| Speed File   : -1  PRODUCTION 1.23 2018-06-13
| Design State : Synthesized
---------------------------------------------------------------------------------------------------------------------------------------------------------------------------------------------------------

Timing Report

Slack (VIOLATED) :        -6.544ns  (required time - arrival time)
  Source:                 gen_stage3_align.s3_frac_reg[9]/C
                            (rising edge-triggered cell FDCE clocked by clk  {rise@0.000ns fall@1.000ns period=2.000ns})
  Destination:            gen_output_reg.core_data_reg[10]/D
                            (rising edge-triggered cell FDCE clocked by clk  {rise@0.000ns fall@1.000ns period=2.000ns})
  Path Group:             clk
  Path Type:              Setup (Max at Slow Process Corner)
  Requirement:            2.000ns  (clk rise@2.000ns - clk rise@0.000ns)
  Data Path Delay:        8.393ns  (logic 3.970ns (47.301%)  route 4.423ns (52.699%))
  Logic Levels:           12  (CARRY4=5 LUT2=1 LUT3=1 LUT4=2 LUT5=1 LUT6=2)
  Clock Path Skew:        -0.145ns (DCD - SCD + CPR)
    Destination Clock Delay (DCD):    2.100ns = ( 4.100 - 2.000 ) 
    Source Clock Delay      (SCD):    2.424ns
    Clock Pessimism Removal (CPR):    0.178ns
  Clock Uncertainty:      0.035ns  ((TSJ^2 + TIJ^2)^1/2 + DJ) / 2 + PE
    Total System Jitter     (TSJ):    0.071ns
    Total Input Jitter      (TIJ):    0.000ns
    Discrete Jitter          (DJ):    0.000ns
    Phase Error              (PE):    0.000ns

    Location             Delay type                Incr(ns)  Path(ns)    Netlist Resource(s)
  -------------------------------------------------------------------    -------------------
                         (clock clk rise edge)        0.000     0.000 r  
                                                      0.000     0.000 r  clk (IN)
                         net (fo=0)                   0.000     0.000    clk
                         IBUF (Prop_ibuf_I_O)         0.944     0.944 r  clk_IBUF_inst/O
                         net (fo=1, unplaced)         0.800     1.744    clk_IBUF
                         BUFG (Prop_bufg_I_O)         0.096     1.840 r  clk_IBUF_BUFG_inst/O
                         net (fo=110, unplaced)       0.584     2.424    clk_IBUF_BUFG
                         FDCE                                         r  gen_stage3_align.s3_frac_reg[9]/C
  -------------------------------------------------------------------    -------------------
                         FDCE (Prop_fdce_C_Q)         0.456     2.880 r  gen_stage3_align.s3_frac_reg[9]/Q
                         net (fo=4, unplaced)         0.494     3.374    u_cand_rom/gen_output_reg.core_data_reg[6][9]
                         LUT2 (Prop_lut2_I0_O)        0.295     3.669 r  u_cand_rom/g0_b0_i_9/O
                         net (fo=1, unplaced)         0.000     3.669    u_cand_rom/g0_b0_i_9_n_0
                         CARRY4 (Prop_carry4_S[0]_O[1])
                                                      0.427     4.096 r  u_cand_rom/g0_b0_i_1/O[1]
                         net (fo=30, unplaced)        1.067     5.163    u_cand_rom/g0_b0_i_1_n_6
                         LUT6 (Prop_lut6_I1_O)        0.306     5.469 r  u_cand_rom/g0_b9/O
                         net (fo=4, unplaced)         0.473     5.942    u_cand_rom/g0_b9_n_0
                         LUT3 (Prop_lut3_I2_O)        0.124     6.066 r  u_cand_rom/gen_output_reg.core_data[0]_i_36/O
                         net (fo=1, unplaced)         0.474     6.540    u_cand_rom/gen_output_reg.core_data[0]_i_36_n_0
                         CARRY4 (Prop_carry4_DI[2]_CO[3])
                                                      0.404     6.944 r  u_cand_rom/gen_output_reg.core_data_reg[0]_i_26/CO[3]
                         net (fo=1, unplaced)         0.000     6.944    u_cand_rom/gen_output_reg.core_data_reg[0]_i_26_n_0
                         CARRY4 (Prop_carry4_CI_O[3])
                                                      0.331     7.275 r  u_cand_rom/gen_output_reg.core_data_reg[0]_i_25/O[3]
                         net (fo=2, unplaced)         0.629     7.904    u_cand_rom/cut_value[15]
                         LUT4 (Prop_lut4_I3_O)        0.302     8.206 r  u_cand_rom/gen_output_reg.core_data[0]_i_8/O
                         net (fo=1, unplaced)         0.000     8.206    u_cand_rom/gen_output_reg.core_data[0]_i_8_n_0
                         CARRY4 (Prop_carry4_DI[3]_CO[3])
                                                      0.429     8.635 r  u_cand_rom/gen_output_reg.core_data_reg[0]_i_4/CO[3]
                         net (fo=1, unplaced)         0.000     8.635    u_cand_rom/gen_output_reg.core_data_reg[0]_i_4_n_0
                         CARRY4 (Prop_carry4_CI_CO[0])
                                                      0.281     8.916 f  u_cand_rom/gen_output_reg.core_data_reg[0]_i_3/CO[0]
                         net (fo=5, unplaced)         0.339     9.255    u_cand_rom/below_cut0
                         LUT4 (Prop_lut4_I2_O)        0.367     9.622 r  u_cand_rom/gen_output_reg.core_data[14]_i_8/O
                         net (fo=2, unplaced)         0.460    10.082    u_cand_rom/gen_output_reg.core_data[14]_i_8_n_0
                         LUT6 (Prop_lut6_I0_O)        0.124    10.206 r  u_cand_rom/gen_output_reg.core_data[14]_i_4/O
                         net (fo=8, unplaced)         0.487    10.693    u_cand_rom/gen_output_reg.core_data[14]_i_4_n_0
                         LUT5 (Prop_lut5_I3_O)        0.124    10.817 r  u_cand_rom/gen_output_reg.core_data[10]_i_1/O
                         net (fo=1, unplaced)         0.000    10.817    result_comb[10]
                         FDCE                                         r  gen_output_reg.core_data_reg[10]/D
  -------------------------------------------------------------------    -------------------

                         (clock clk rise edge)        2.000     2.000 r  
                                                      0.000     2.000 r  clk (IN)
                         net (fo=0)                   0.000     2.000    clk
                         IBUF (Prop_ibuf_I_O)         0.811     2.811 r  clk_IBUF_inst/O
                         net (fo=1, unplaced)         0.760     3.570    clk_IBUF
                         BUFG (Prop_bufg_I_O)         0.091     3.661 r  clk_IBUF_BUFG_inst/O
                         net (fo=110, unplaced)       0.439     4.100    clk_IBUF_BUFG
                         FDCE                                         r  gen_output_reg.core_data_reg[10]/C
                         clock pessimism              0.178     4.279    
                         clock uncertainty           -0.035     4.243    
                         FDCE (Setup_fdce_C_D)        0.029     4.272    gen_output_reg.core_data_reg[10]
  -------------------------------------------------------------------
                         required time                          4.272    
                         arrival time                         -10.817    
  -------------------------------------------------------------------
                         slack                                 -6.544    

Slack (VIOLATED) :        -6.544ns  (required time - arrival time)
  Source:                 gen_stage3_align.s3_frac_reg[9]/C
                            (rising edge-triggered cell FDCE clocked by clk  {rise@0.000ns fall@1.000ns period=2.000ns})
  Destination:            gen_output_reg.core_data_reg[11]/D
                            (rising edge-triggered cell FDCE clocked by clk  {rise@0.000ns fall@1.000ns period=2.000ns})
  Path Group:             clk
  Path Type:              Setup (Max at Slow Process Corner)
  Requirement:            2.000ns  (clk rise@2.000ns - clk rise@0.000ns)
  Data Path Delay:        8.393ns  (logic 3.970ns (47.301%)  route 4.423ns (52.699%))
  Logic Levels:           12  (CARRY4=5 LUT2=1 LUT3=1 LUT4=2 LUT5=1 LUT6=2)
  Clock Path Skew:        -0.145ns (DCD - SCD + CPR)
    Destination Clock Delay (DCD):    2.100ns = ( 4.100 - 2.000 ) 
    Source Clock Delay      (SCD):    2.424ns
    Clock Pessimism Removal (CPR):    0.178ns
  Clock Uncertainty:      0.035ns  ((TSJ^2 + TIJ^2)^1/2 + DJ) / 2 + PE
    Total System Jitter     (TSJ):    0.071ns
    Total Input Jitter      (TIJ):    0.000ns
    Discrete Jitter          (DJ):    0.000ns
    Phase Error              (PE):    0.000ns

    Location             Delay type                Incr(ns)  Path(ns)    Netlist Resource(s)
  -------------------------------------------------------------------    -------------------
                         (clock clk rise edge)        0.000     0.000 r  
                                                      0.000     0.000 r  clk (IN)
                         net (fo=0)                   0.000     0.000    clk
                         IBUF (Prop_ibuf_I_O)         0.944     0.944 r  clk_IBUF_inst/O
                         net (fo=1, unplaced)         0.800     1.744    clk_IBUF
                         BUFG (Prop_bufg_I_O)         0.096     1.840 r  clk_IBUF_BUFG_inst/O
                         net (fo=110, unplaced)       0.584     2.424    clk_IBUF_BUFG
                         FDCE                                         r  gen_stage3_align.s3_frac_reg[9]/C
  -------------------------------------------------------------------    -------------------
                         FDCE (Prop_fdce_C_Q)         0.456     2.880 r  gen_stage3_align.s3_frac_reg[9]/Q
                         net (fo=4, unplaced)         0.494     3.374    u_cand_rom/gen_output_reg.core_data_reg[6][9]
                         LUT2 (Prop_lut2_I0_O)        0.295     3.669 r  u_cand_rom/g0_b0_i_9/O
                         net (fo=1, unplaced)         0.000     3.669    u_cand_rom/g0_b0_i_9_n_0
                         CARRY4 (Prop_carry4_S[0]_O[1])
                                                      0.427     4.096 r  u_cand_rom/g0_b0_i_1/O[1]
                         net (fo=30, unplaced)        1.067     5.163    u_cand_rom/g0_b0_i_1_n_6
                         LUT6 (Prop_lut6_I1_O)        0.306     5.469 r  u_cand_rom/g0_b9/O
                         net (fo=4, unplaced)         0.473     5.942    u_cand_rom/g0_b9_n_0
                         LUT3 (Prop_lut3_I2_O)        0.124     6.066 r  u_cand_rom/gen_output_reg.core_data[0]_i_36/O
                         net (fo=1, unplaced)         0.474     6.540    u_cand_rom/gen_output_reg.core_data[0]_i_36_n_0
                         CARRY4 (Prop_carry4_DI[2]_CO[3])
                                                      0.404     6.944 r  u_cand_rom/gen_output_reg.core_data_reg[0]_i_26/CO[3]
                         net (fo=1, unplaced)         0.000     6.944    u_cand_rom/gen_output_reg.core_data_reg[0]_i_26_n_0
                         CARRY4 (Prop_carry4_CI_O[3])
                                                      0.331     7.275 r  u_cand_rom/gen_output_reg.core_data_reg[0]_i_25/O[3]
                         net (fo=2, unplaced)         0.629     7.904    u_cand_rom/cut_value[15]
                         LUT4 (Prop_lut4_I3_O)        0.302     8.206 r  u_cand_rom/gen_output_reg.core_data[0]_i_8/O
                         net (fo=1, unplaced)         0.000     8.206    u_cand_rom/gen_output_reg.core_data[0]_i_8_n_0
                         CARRY4 (Prop_carry4_DI[3]_CO[3])
                                                      0.429     8.635 r  u_cand_rom/gen_output_reg.core_data_reg[0]_i_4/CO[3]
                         net (fo=1, unplaced)         0.000     8.635    u_cand_rom/gen_output_reg.core_data_reg[0]_i_4_n_0
                         CARRY4 (Prop_carry4_CI_CO[0])
                                                      0.281     8.916 f  u_cand_rom/gen_output_reg.core_data_reg[0]_i_3/CO[0]
                         net (fo=5, unplaced)         0.339     9.255    u_cand_rom/below_cut0
                         LUT4 (Prop_lut4_I2_O)        0.367     9.622 r  u_cand_rom/gen_output_reg.core_data[14]_i_8/O
                         net (fo=2, unplaced)         0.460    10.082    u_cand_rom/gen_output_reg.core_data[14]_i_8_n_0
                         LUT6 (Prop_lut6_I0_O)        0.124    10.206 r  u_cand_rom/gen_output_reg.core_data[14]_i_4/O
                         net (fo=8, unplaced)         0.487    10.693    u_cand_rom/gen_output_reg.core_data[14]_i_4_n_0
                         LUT5 (Prop_lut5_I3_O)        0.124    10.817 r  u_cand_rom/gen_output_reg.core_data[11]_i_1/O
                         net (fo=1, unplaced)         0.000    10.817    result_comb[11]
                         FDCE                                         r  gen_output_reg.core_data_reg[11]/D
  -------------------------------------------------------------------    -------------------

                         (clock clk rise edge)        2.000     2.000 r  
                                                      0.000     2.000 r  clk (IN)
                         net (fo=0)                   0.000     2.000    clk
                         IBUF (Prop_ibuf_I_O)         0.811     2.811 r  clk_IBUF_inst/O
                         net (fo=1, unplaced)         0.760     3.570    clk_IBUF
                         BUFG (Prop_bufg_I_O)         0.091     3.661 r  clk_IBUF_BUFG_inst/O
                         net (fo=110, unplaced)       0.439     4.100    clk_IBUF_BUFG
                         FDCE                                         r  gen_output_reg.core_data_reg[11]/C
                         clock pessimism              0.178     4.279    
                         clock uncertainty           -0.035     4.243    
                         FDCE (Setup_fdce_C_D)        0.029     4.272    gen_output_reg.core_data_reg[11]
  -------------------------------------------------------------------
                         required time                          4.272    
                         arrival time                         -10.817    
  -------------------------------------------------------------------
                         slack                                 -6.544    

Slack (VIOLATED) :        -6.544ns  (required time - arrival time)
  Source:                 gen_stage3_align.s3_frac_reg[9]/C
                            (rising edge-triggered cell FDCE clocked by clk  {rise@0.000ns fall@1.000ns period=2.000ns})
  Destination:            gen_output_reg.core_data_reg[12]/D
                            (rising edge-triggered cell FDCE clocked by clk  {rise@0.000ns fall@1.000ns period=2.000ns})
  Path Group:             clk
  Path Type:              Setup (Max at Slow Process Corner)
  Requirement:            2.000ns  (clk rise@2.000ns - clk rise@0.000ns)
  Data Path Delay:        8.393ns  (logic 3.970ns (47.301%)  route 4.423ns (52.699%))
  Logic Levels:           12  (CARRY4=5 LUT2=1 LUT3=1 LUT4=2 LUT5=1 LUT6=2)
  Clock Path Skew:        -0.145ns (DCD - SCD + CPR)
    Destination Clock Delay (DCD):    2.100ns = ( 4.100 - 2.000 ) 
    Source Clock Delay      (SCD):    2.424ns
    Clock Pessimism Removal (CPR):    0.178ns
  Clock Uncertainty:      0.035ns  ((TSJ^2 + TIJ^2)^1/2 + DJ) / 2 + PE
    Total System Jitter     (TSJ):    0.071ns
    Total Input Jitter      (TIJ):    0.000ns
    Discrete Jitter          (DJ):    0.000ns
    Phase Error              (PE):    0.000ns

    Location             Delay type                Incr(ns)  Path(ns)    Netlist Resource(s)
  -------------------------------------------------------------------    -------------------
                         (clock clk rise edge)        0.000     0.000 r  
                                                      0.000     0.000 r  clk (IN)
                         net (fo=0)                   0.000     0.000    clk
                         IBUF (Prop_ibuf_I_O)         0.944     0.944 r  clk_IBUF_inst/O
                         net (fo=1, unplaced)         0.800     1.744    clk_IBUF
                         BUFG (Prop_bufg_I_O)         0.096     1.840 r  clk_IBUF_BUFG_inst/O
                         net (fo=110, unplaced)       0.584     2.424    clk_IBUF_BUFG
                         FDCE                                         r  gen_stage3_align.s3_frac_reg[9]/C
  -------------------------------------------------------------------    -------------------
                         FDCE (Prop_fdce_C_Q)         0.456     2.880 r  gen_stage3_align.s3_frac_reg[9]/Q
                         net (fo=4, unplaced)         0.494     3.374    u_cand_rom/gen_output_reg.core_data_reg[6][9]
                         LUT2 (Prop_lut2_I0_O)        0.295     3.669 r  u_cand_rom/g0_b0_i_9/O
                         net (fo=1, unplaced)         0.000     3.669    u_cand_rom/g0_b0_i_9_n_0
                         CARRY4 (Prop_carry4_S[0]_O[1])
                                                      0.427     4.096 r  u_cand_rom/g0_b0_i_1/O[1]
                         net (fo=30, unplaced)        1.067     5.163    u_cand_rom/g0_b0_i_1_n_6
                         LUT6 (Prop_lut6_I1_O)        0.306     5.469 r  u_cand_rom/g0_b9/O
                         net (fo=4, unplaced)         0.473     5.942    u_cand_rom/g0_b9_n_0
                         LUT3 (Prop_lut3_I2_O)        0.124     6.066 r  u_cand_rom/gen_output_reg.core_data[0]_i_36/O
                         net (fo=1, unplaced)         0.474     6.540    u_cand_rom/gen_output_reg.core_data[0]_i_36_n_0
                         CARRY4 (Prop_carry4_DI[2]_CO[3])
                                                      0.404     6.944 r  u_cand_rom/gen_output_reg.core_data_reg[0]_i_26/CO[3]
                         net (fo=1, unplaced)         0.000     6.944    u_cand_rom/gen_output_reg.core_data_reg[0]_i_26_n_0
                         CARRY4 (Prop_carry4_CI_O[3])
                                                      0.331     7.275 r  u_cand_rom/gen_output_reg.core_data_reg[0]_i_25/O[3]
                         net (fo=2, unplaced)         0.629     7.904    u_cand_rom/cut_value[15]
                         LUT4 (Prop_lut4_I3_O)        0.302     8.206 r  u_cand_rom/gen_output_reg.core_data[0]_i_8/O
                         net (fo=1, unplaced)         0.000     8.206    u_cand_rom/gen_output_reg.core_data[0]_i_8_n_0
                         CARRY4 (Prop_carry4_DI[3]_CO[3])
                                                      0.429     8.635 r  u_cand_rom/gen_output_reg.core_data_reg[0]_i_4/CO[3]
                         net (fo=1, unplaced)         0.000     8.635    u_cand_rom/gen_output_reg.core_data_reg[0]_i_4_n_0
                         CARRY4 (Prop_carry4_CI_CO[0])
                                                      0.281     8.916 f  u_cand_rom/gen_output_reg.core_data_reg[0]_i_3/CO[0]
                         net (fo=5, unplaced)         0.339     9.255    u_cand_rom/below_cut0
                         LUT4 (Prop_lut4_I2_O)        0.367     9.622 r  u_cand_rom/gen_output_reg.core_data[14]_i_8/O
                         net (fo=2, unplaced)         0.460    10.082    u_cand_rom/gen_output_reg.core_data[14]_i_8_n_0
                         LUT6 (Prop_lut6_I0_O)        0.124    10.206 r  u_cand_rom/gen_output_reg.core_data[14]_i_4/O
                         net (fo=8, unplaced)         0.487    10.693    u_cand_rom/gen_output_reg.core_data[14]_i_4_n_0
                         LUT5 (Prop_lut5_I3_O)        0.124    10.817 r  u_cand_rom/gen_output_reg.core_data[12]_i_1/O
                         net (fo=1, unplaced)         0.000    10.817    result_comb[12]
                         FDCE                                         r  gen_output_reg.core_data_reg[12]/D
  -------------------------------------------------------------------    -------------------

                         (clock clk rise edge)        2.000     2.000 r  
                                                      0.000     2.000 r  clk (IN)
                         net (fo=0)                   0.000     2.000    clk
                         IBUF (Prop_ibuf_I_O)         0.811     2.811 r  clk_IBUF_inst/O
                         net (fo=1, unplaced)         0.760     3.570    clk_IBUF
                         BUFG (Prop_bufg_I_O)         0.091     3.661 r  clk_IBUF_BUFG_inst/O
                         net (fo=110, unplaced)       0.439     4.100    clk_IBUF_BUFG
                         FDCE                                         r  gen_output_reg.core_data_reg[12]/C
                         clock pessimism              0.178     4.279    
                         clock uncertainty           -0.035     4.243    
                         FDCE (Setup_fdce_C_D)        0.029     4.272    gen_output_reg.core_data_reg[12]
  -------------------------------------------------------------------
                         required time                          4.272    
                         arrival time                         -10.817    
  -------------------------------------------------------------------
                         slack                                 -6.544    




