Copyright 1986-2022 Xilinx, Inc. All Rights Reserved. Copyright 2022-2025 Advanced Micro Devices, Inc. All Rights Reserved.
----------------------------------------------------------------------------------------------------------------------------------------------------------------------------------------------------------------
| Tool Version : Vivado v.2025.2 (lin64) Build 6299465 Fri Nov 14 12:34:56 MST 2025
| Date         : Wed Jul 29 21:07:11 2026
| Host         : radoslaw-feiglewicz running 64-bit Ubuntu 24.04.2 LTS
| Command      : report_timing -max_paths 3 -unique_pins -delay_type max -file /home/radoslaw-feiglewicz/Pulpit/Git_projects/exp_eval_benchmarks/ai_math_modeling/build/vivado_compare/crit_expe_cut+retime.rpt
| Design       : bf16_expe_cut
| Device       : 7a200t-fbg484
| Speed File   : -1  PRODUCTION 1.23 2018-06-13
| Design State : Synthesized
----------------------------------------------------------------------------------------------------------------------------------------------------------------------------------------------------------------

Timing Report

Slack (VIOLATED) :        -3.176ns  (required time - arrival time)
  Source:                 gen_stage4_regs.s4_cut_dev_reg[3]/C
                            (rising edge-triggered cell FDCE clocked by clk  {rise@0.000ns fall@1.000ns period=2.000ns})
  Destination:            gen_stage5_regs.s5_below_cut_reg/D
                            (rising edge-triggered cell FDCE clocked by clk  {rise@0.000ns fall@1.000ns period=2.000ns})
  Path Group:             clk
  Path Type:              Setup (Max at Slow Process Corner)
  Requirement:            2.000ns  (clk rise@2.000ns - clk rise@0.000ns)
  Data Path Delay:        5.025ns  (logic 3.093ns (61.552%)  route 1.932ns (38.448%))
  Logic Levels:           8  (CARRY4=6 LUT2=1 LUT4=1)
  Clock Path Skew:        -0.145ns (DCD - SCD + CPR)
    Destination Clock Delay (DCD):    2.100ns = ( 4.100 - 2.000 ) 
    Source Clock Delay      (SCD):    2.424ns
    Clock Pessimism Removal (CPR):    0.178ns
  Clock Uncertainty:      0.035ns  ((TSJ^2 + TIJ^2)^1/2 + DJ) / 2 + PE
    Total System Jitter     (TSJ):    0.071ns
    Total Input Jitter      (TIJ):    0.000ns
    Discrete Jitter          (DJ):    0.000ns
    Phase Error              (PE):    0.000ns

    Location             Delay type                Incr(ns)  Path(ns)    Netlist Resource(s)
  -------------------------------------------------------------------    -------------------
                         (clock clk rise edge)        0.000     0.000 r  
                                                      0.000     0.000 r  clk (IN)
                         net (fo=0)                   0.000     0.000    clk
                         IBUF (Prop_ibuf_I_O)         0.944     0.944 r  clk_IBUF_inst/O
                         net (fo=1, unplaced)         0.800     1.744    clk_IBUF
                         BUFG (Prop_bufg_I_O)         0.096     1.840 r  clk_IBUF_BUFG_inst/O
                         net (fo=204, unplaced)       0.584     2.424    clk_IBUF_BUFG
                         FDCE                                         r  gen_stage4_regs.s4_cut_dev_reg[3]/C
  -------------------------------------------------------------------    -------------------
                         FDCE (Prop_fdce_C_Q)         0.478     2.902 r  gen_stage4_regs.s4_cut_dev_reg[3]/Q
                         net (fo=1, unplaced)         0.983     3.885    s4_cut_dev[3]
                         CARRY4 (Prop_carry4_S[3]_CO[3])
                                                      0.671     4.556 r  gen_stage5_regs.s5_below_cut_reg_i_29/CO[3]
                         net (fo=1, unplaced)         0.009     4.565    gen_stage5_regs.s5_below_cut_reg_i_29_n_0
                         CARRY4 (Prop_carry4_CI_CO[3])
                                                      0.117     4.682 r  gen_stage5_regs.s5_below_cut_reg_i_28/CO[3]
                         net (fo=1, unplaced)         0.000     4.682    gen_stage5_regs.s5_below_cut_reg_i_28_n_0
                         CARRY4 (Prop_carry4_CI_CO[3])
                                                      0.117     4.799 r  gen_stage5_regs.s5_below_cut_reg_i_25/CO[3]
                         net (fo=1, unplaced)         0.000     4.799    gen_stage5_regs.s5_below_cut_reg_i_25_n_0
                         CARRY4 (Prop_carry4_CI_O[3])
                                                      0.331     5.130 r  gen_stage5_regs.s5_below_cut_reg_i_24/O[3]
                         net (fo=2, unplaced)         0.629     5.759    cut_value[15]
                         LUT4 (Prop_lut4_I3_O)        0.302     6.061 r  gen_stage5_regs.s5_below_cut_i_7/O
                         net (fo=1, unplaced)         0.000     6.061    gen_stage5_regs.s5_below_cut_i_7_n_0
                         CARRY4 (Prop_carry4_DI[3]_CO[3])
                                                      0.429     6.490 r  gen_stage5_regs.s5_below_cut_reg_i_3/CO[3]
                         net (fo=1, unplaced)         0.000     6.490    gen_stage5_regs.s5_below_cut_reg_i_3_n_0
                         CARRY4 (Prop_carry4_CI_CO[0])
                                                      0.281     6.771 r  gen_stage5_regs.s5_below_cut_reg_i_2/CO[0]
                         net (fo=1, unplaced)         0.311     7.082    below_cut0
                         LUT2 (Prop_lut2_I0_O)        0.367     7.449 r  gen_stage5_regs.s5_below_cut_i_1/O
                         net (fo=1, unplaced)         0.000     7.449    below_cut
                         FDCE                                         r  gen_stage5_regs.s5_below_cut_reg/D
  -------------------------------------------------------------------    -------------------

                         (clock clk rise edge)        2.000     2.000 r  
                                                      0.000     2.000 r  clk (IN)
                         net (fo=0)                   0.000     2.000    clk
                         IBUF (Prop_ibuf_I_O)         0.811     2.811 r  clk_IBUF_inst/O
                         net (fo=1, unplaced)         0.760     3.570    clk_IBUF
                         BUFG (Prop_bufg_I_O)         0.091     3.661 r  clk_IBUF_BUFG_inst/O
                         net (fo=204, unplaced)       0.439     4.100    clk_IBUF_BUFG
                         FDCE                                         r  gen_stage5_regs.s5_below_cut_reg/C
                         clock pessimism              0.178     4.279    
                         clock uncertainty           -0.035     4.243    
                         FDCE (Setup_fdce_C_D)        0.029     4.272    gen_stage5_regs.s5_below_cut_reg
  -------------------------------------------------------------------
                         required time                          4.272    
                         arrival time                          -7.449    
  -------------------------------------------------------------------
                         slack                                 -3.176    

Slack (VIOLATED) :        -3.147ns  (required time - arrival time)
  Source:                 u_decompose/gen_reg.decomposed_reg[mantissa][0]/C
                            (rising edge-triggered cell FDCE clocked by clk  {rise@0.000ns fall@1.000ns period=2.000ns})
  Destination:            prod_comb/B[0]
                            (rising edge-triggered cell DSP48E1 clocked by clk  {rise@0.000ns fall@1.000ns period=2.000ns})
  Path Group:             clk
  Path Type:              Setup (Max at Slow Process Corner)
  Requirement:            2.000ns  (clk rise@2.000ns - clk rise@0.000ns)
  Data Path Delay:        1.256ns  (logic 0.456ns (36.314%)  route 0.800ns (63.686%))
  Logic Levels:           0  
  Clock Path Skew:        -0.145ns (DCD - SCD + CPR)
    Destination Clock Delay (DCD):    2.100ns = ( 4.100 - 2.000 ) 
    Source Clock Delay      (SCD):    2.424ns
    Clock Pessimism Removal (CPR):    0.178ns
  Clock Uncertainty:      0.035ns  ((TSJ^2 + TIJ^2)^1/2 + DJ) / 2 + PE
    Total System Jitter     (TSJ):    0.071ns
    Total Input Jitter      (TIJ):    0.000ns
    Discrete Jitter          (DJ):    0.000ns
    Phase Error              (PE):    0.000ns

    Location             Delay type                Incr(ns)  Path(ns)    Netlist Resource(s)
  -------------------------------------------------------------------    -------------------
                         (clock clk rise edge)        0.000     0.000 r  
                                                      0.000     0.000 r  clk (IN)
                         net (fo=0)                   0.000     0.000    clk
                         IBUF (Prop_ibuf_I_O)         0.944     0.944 r  clk_IBUF_inst/O
                         net (fo=1, unplaced)         0.800     1.744    clk_IBUF
                         BUFG (Prop_bufg_I_O)         0.096     1.840 r  clk_IBUF_BUFG_inst/O
                         net (fo=204, unplaced)       0.584     2.424    u_decompose/clk_IBUF_BUFG
                         FDCE                                         r  u_decompose/gen_reg.decomposed_reg[mantissa][0]/C
  -------------------------------------------------------------------    -------------------
                         FDCE (Prop_fdce_C_Q)         0.456     2.880 r  u_decompose/gen_reg.decomposed_reg[mantissa][0]/Q
                         net (fo=6, unplaced)         0.800     3.679    s1_decomposed[mantissa][0]
                         DSP48E1                                      r  prod_comb/B[0]
  -------------------------------------------------------------------    -------------------

                         (clock clk rise edge)        2.000     2.000 r  
                                                      0.000     2.000 r  clk (IN)
                         net (fo=0)                   0.000     2.000    clk
                         IBUF (Prop_ibuf_I_O)         0.811     2.811 r  clk_IBUF_inst/O
                         net (fo=1, unplaced)         0.760     3.570    clk_IBUF
                         BUFG (Prop_bufg_I_O)         0.091     3.661 r  clk_IBUF_BUFG_inst/O
                         net (fo=204, unplaced)       0.439     4.100    clk_IBUF_BUFG
                         DSP48E1                                      r  prod_comb/CLK
                         clock pessimism              0.178     4.279    
                         clock uncertainty           -0.035     4.243    
                         DSP48E1 (Setup_dsp48e1_CLK_B[0])
                                                     -3.711     0.532    prod_comb
  -------------------------------------------------------------------
                         required time                          0.532    
                         arrival time                          -3.679    
  -------------------------------------------------------------------
                         slack                                 -3.147    

Slack (VIOLATED) :        -3.147ns  (required time - arrival time)
  Source:                 u_decompose/gen_reg.decomposed_reg[mantissa][1]/C
                            (rising edge-triggered cell FDCE clocked by clk  {rise@0.000ns fall@1.000ns period=2.000ns})
  Destination:            prod_comb/B[1]
                            (rising edge-triggered cell DSP48E1 clocked by clk  {rise@0.000ns fall@1.000ns period=2.000ns})
  Path Group:             clk
  Path Type:              Setup (Max at Slow Process Corner)
  Requirement:            2.000ns  (clk rise@2.000ns - clk rise@0.000ns)
  Data Path Delay:        1.256ns  (logic 0.456ns (36.314%)  route 0.800ns (63.686%))
  Logic Levels:           0  
  Clock Path Skew:        -0.145ns (DCD - SCD + CPR)
    Destination Clock Delay (DCD):    2.100ns = ( 4.100 - 2.000 ) 
    Source Clock Delay      (SCD):    2.424ns
    Clock Pessimism Removal (CPR):    0.178ns
  Clock Uncertainty:      0.035ns  ((TSJ^2 + TIJ^2)^1/2 + DJ) / 2 + PE
    Total System Jitter     (TSJ):    0.071ns
    Total Input Jitter      (TIJ):    0.000ns
    Discrete Jitter          (DJ):    0.000ns
    Phase Error              (PE):    0.000ns

    Location             Delay type                Incr(ns)  Path(ns)    Netlist Resource(s)
  -------------------------------------------------------------------    -------------------
                         (clock clk rise edge)        0.000     0.000 r  
                                                      0.000     0.000 r  clk (IN)
                         net (fo=0)                   0.000     0.000    clk
                         IBUF (Prop_ibuf_I_O)         0.944     0.944 r  clk_IBUF_inst/O
                         net (fo=1, unplaced)         0.800     1.744    clk_IBUF
                         BUFG (Prop_bufg_I_O)         0.096     1.840 r  clk_IBUF_BUFG_inst/O
                         net (fo=204, unplaced)       0.584     2.424    u_decompose/clk_IBUF_BUFG
                         FDCE                                         r  u_decompose/gen_reg.decomposed_reg[mantissa][1]/C
  -------------------------------------------------------------------    -------------------
                         FDCE (Prop_fdce_C_Q)         0.456     2.880 r  u_decompose/gen_reg.decomposed_reg[mantissa][1]/Q
                         net (fo=6, unplaced)         0.800     3.679    s1_decomposed[mantissa][1]
                         DSP48E1                                      r  prod_comb/B[1]
  -------------------------------------------------------------------    -------------------

                         (clock clk rise edge)        2.000     2.000 r  
                                                      0.000     2.000 r  clk (IN)
                         net (fo=0)                   0.000     2.000    clk
                         IBUF (Prop_ibuf_I_O)         0.811     2.811 r  clk_IBUF_inst/O
                         net (fo=1, unplaced)         0.760     3.570    clk_IBUF
                         BUFG (Prop_bufg_I_O)         0.091     3.661 r  clk_IBUF_BUFG_inst/O
                         net (fo=204, unplaced)       0.439     4.100    clk_IBUF_BUFG
                         DSP48E1                                      r  prod_comb/CLK
                         clock pessimism              0.178     4.279    
                         clock uncertainty           -0.035     4.243    
                         DSP48E1 (Setup_dsp48e1_CLK_B[1])
                                                     -3.711     0.532    prod_comb
  -------------------------------------------------------------------
                         required time                          0.532    
                         arrival time                          -3.679    
  -------------------------------------------------------------------
                         slack                                 -3.147    




