Copyright 1986-2022 Xilinx, Inc. All Rights Reserved. Copyright 2022-2025 Advanced Micro Devices, Inc. All Rights Reserved.
-------------------------------------------------------------------------------------------------------------------------------------------------------------------------------------------------------------------
| Tool Version : Vivado v.2025.2 (lin64) Build 6299465 Fri Nov 14 12:34:56 MST 2025
| Date         : Wed Jul 29 20:53:50 2026
| Host         : radoslaw-feiglewicz running 64-bit Ubuntu 24.04.2 LTS
| Command      : report_timing -max_paths 3 -unique_pins -delay_type max -file /home/radoslaw-feiglewicz/Pulpit/Git_projects/exp_eval_benchmarks/ai_math_modeling/build/vivado_compare/crit_split_L1_S1_A3_sp1.rpt
| Design       : bf16_exp2
| Device       : 7a200t-fbg484
| Speed File   : -1  PRODUCTION 1.23 2018-06-13
| Design State : Synthesized
-------------------------------------------------------------------------------------------------------------------------------------------------------------------------------------------------------------------

Timing Report

Slack (VIOLATED) :        -4.996ns  (required time - arrival time)
  Source:                 u_log2e_mult/gen_mult_reg.mant_mult_reg/CLK
                            (rising edge-triggered cell DSP48E1 clocked by clk  {rise@0.000ns fall@1.000ns period=2.000ns})
  Destination:            u_unified_shift/gen_shift_dsp.gen_prod_reg.lo_prod_s_reg/B[15]
                            (rising edge-triggered cell DSP48E1 clocked by clk  {rise@0.000ns fall@1.000ns period=2.000ns})
  Path Group:             clk
  Path Type:              Setup (Max at Slow Process Corner)
  Requirement:            2.000ns  (clk rise@2.000ns - clk rise@0.000ns)
  Data Path Delay:        6.365ns  (logic 3.690ns (57.969%)  route 2.675ns (42.031%))
  Logic Levels:           5  (CARRY4=2 LUT2=1 LUT4=1 LUT6=1)
  Clock Path Skew:        -0.145ns (DCD - SCD + CPR)
    Destination Clock Delay (DCD):    2.100ns = ( 4.100 - 2.000 ) 
    Source Clock Delay      (SCD):    2.424ns
    Clock Pessimism Removal (CPR):    0.178ns
  Clock Uncertainty:      0.035ns  ((TSJ^2 + TIJ^2)^1/2 + DJ) / 2 + PE
    Total System Jitter     (TSJ):    0.071ns
    Total Input Jitter      (TIJ):    0.000ns
    Discrete Jitter          (DJ):    0.000ns
    Phase Error              (PE):    0.000ns

    Location             Delay type                Incr(ns)  Path(ns)    Netlist Resource(s)
  -------------------------------------------------------------------    -------------------
                         (clock clk rise edge)        0.000     0.000 r  
                                                      0.000     0.000 r  clk (IN)
                         net (fo=0)                   0.000     0.000    clk
                         IBUF (Prop_ibuf_I_O)         0.944     0.944 r  clk_IBUF_inst/O
                         net (fo=1, unplaced)         0.800     1.744    clk_IBUF
                         BUFG (Prop_bufg_I_O)         0.096     1.840 r  clk_IBUF_BUFG_inst/O
                         net (fo=513, unplaced)       0.584     2.424    u_log2e_mult/clk_IBUF_BUFG
                         DSP48E1                                      r  u_log2e_mult/gen_mult_reg.mant_mult_reg/CLK
  -------------------------------------------------------------------    -------------------
                         DSP48E1 (Prop_dsp48e1_CLK_P[5])
                                                      2.291     4.715 r  u_log2e_mult/gen_mult_reg.mant_mult_reg/P[5]
                         net (fo=1, unplaced)         0.800     5.514    u_log2e_mult/gen_mult_reg.mant_mult_reg_n_100
                         LUT4 (Prop_lut4_I3_O)        0.124     5.638 r  u_log2e_mult/gen_shift_dsp.gen_prod_reg.lo_prod_s_reg_i_13/O
                         net (fo=1, unplaced)         0.449     6.087    u_log2e_mult/gen_shift_dsp.gen_prod_reg.lo_prod_s_reg_i_13_n_0
                         LUT6 (Prop_lut6_I1_O)        0.124     6.211 r  u_log2e_mult/gen_shift_dsp.gen_prod_reg.lo_prod_s_reg_i_12/O
                         net (fo=1, unplaced)         0.000     6.211    u_log2e_mult/gen_shift_dsp.gen_prod_reg.lo_prod_s_reg_i_12_n_0
                         CARRY4 (Prop_carry4_S[0]_CO[3])
                                                      0.513     6.724 r  u_log2e_mult/gen_shift_dsp.gen_prod_reg.lo_prod_s_reg_i_11/CO[3]
                         net (fo=1, unplaced)         0.009     6.733    u_log2e_mult/gen_shift_dsp.gen_prod_reg.lo_prod_s_reg_i_11_n_0
                         CARRY4 (Prop_carry4_CI_O[3])
                                                      0.331     7.064 r  u_log2e_mult/gen_shift_dsp.gen_prod_reg.lo_prod_s_reg_i_10/O[3]
                         net (fo=1, unplaced)         0.618     7.682    u_log2e_mult/gen_rne.rounded[7]
                         LUT2 (Prop_lut2_I0_O)        0.307     7.989 r  u_log2e_mult/gen_shift_dsp.gen_prod_reg.lo_prod_s_reg_i_2/O
                         net (fo=1, unplaced)         0.800     8.789    u_unified_shift/mant_in[7]
                         DSP48E1                                      r  u_unified_shift/gen_shift_dsp.gen_prod_reg.lo_prod_s_reg/B[15]
  -------------------------------------------------------------------    -------------------

                         (clock clk rise edge)        2.000     2.000 r  
                                                      0.000     2.000 r  clk (IN)
                         net (fo=0)                   0.000     2.000    clk
                         IBUF (Prop_ibuf_I_O)         0.811     2.811 r  clk_IBUF_inst/O
                         net (fo=1, unplaced)         0.760     3.570    clk_IBUF
                         BUFG (Prop_bufg_I_O)         0.091     3.661 r  clk_IBUF_BUFG_inst/O
                         net (fo=513, unplaced)       0.439     4.100    u_unified_shift/clk_IBUF_BUFG
                         DSP48E1                                      r  u_unified_shift/gen_shift_dsp.gen_prod_reg.lo_prod_s_reg/CLK
                         clock pessimism              0.178     4.279    
                         clock uncertainty           -0.035     4.243    
                         DSP48E1 (Setup_dsp48e1_CLK_B[15])
                                                     -0.450     3.793    u_unified_shift/gen_shift_dsp.gen_prod_reg.lo_prod_s_reg
  -------------------------------------------------------------------
                         required time                          3.793    
                         arrival time                          -8.789    
  -------------------------------------------------------------------
                         slack                                 -4.996    

Slack (VIOLATED) :        -4.751ns  (required time - arrival time)
  Source:                 u_log2e_mult/gen_mult_reg.mant_mult_reg/CLK
                            (rising edge-triggered cell DSP48E1 clocked by clk  {rise@0.000ns fall@1.000ns period=2.000ns})
  Destination:            u_unified_shift/gen_shift_dsp.gen_prod_reg.lo_prod_s_reg/B[11]
                            (rising edge-triggered cell DSP48E1 clocked by clk  {rise@0.000ns fall@1.000ns period=2.000ns})
  Path Group:             clk
  Path Type:              Setup (Max at Slow Process Corner)
  Requirement:            2.000ns  (clk rise@2.000ns - clk rise@0.000ns)
  Data Path Delay:        6.120ns  (logic 3.454ns (56.434%)  route 2.666ns (43.566%))
  Logic Levels:           4  (CARRY4=1 LUT2=1 LUT4=1 LUT6=1)
  Clock Path Skew:        -0.145ns (DCD - SCD + CPR)
    Destination Clock Delay (DCD):    2.100ns = ( 4.100 - 2.000 ) 
    Source Clock Delay      (SCD):    2.424ns
    Clock Pessimism Removal (CPR):    0.178ns
  Clock Uncertainty:      0.035ns  ((TSJ^2 + TIJ^2)^1/2 + DJ) / 2 + PE
    Total System Jitter     (TSJ):    0.071ns
    Total Input Jitter      (TIJ):    0.000ns
    Discrete Jitter          (DJ):    0.000ns
    Phase Error              (PE):    0.000ns

    Location             Delay type                Incr(ns)  Path(ns)    Netlist Resource(s)
  -------------------------------------------------------------------    -------------------
                         (clock clk rise edge)        0.000     0.000 r  
                                                      0.000     0.000 r  clk (IN)
                         net (fo=0)                   0.000     0.000    clk
                         IBUF (Prop_ibuf_I_O)         0.944     0.944 r  clk_IBUF_inst/O
                         net (fo=1, unplaced)         0.800     1.744    clk_IBUF
                         BUFG (Prop_bufg_I_O)         0.096     1.840 r  clk_IBUF_BUFG_inst/O
                         net (fo=513, unplaced)       0.584     2.424    u_log2e_mult/clk_IBUF_BUFG
                         DSP48E1                                      r  u_log2e_mult/gen_mult_reg.mant_mult_reg/CLK
  -------------------------------------------------------------------    -------------------
                         DSP48E1 (Prop_dsp48e1_CLK_P[5])
                                                      2.291     4.715 r  u_log2e_mult/gen_mult_reg.mant_mult_reg/P[5]
                         net (fo=1, unplaced)         0.800     5.514    u_log2e_mult/gen_mult_reg.mant_mult_reg_n_100
                         LUT4 (Prop_lut4_I3_O)        0.124     5.638 r  u_log2e_mult/gen_shift_dsp.gen_prod_reg.lo_prod_s_reg_i_13/O
                         net (fo=1, unplaced)         0.449     6.087    u_log2e_mult/gen_shift_dsp.gen_prod_reg.lo_prod_s_reg_i_13_n_0
                         LUT6 (Prop_lut6_I1_O)        0.124     6.211 r  u_log2e_mult/gen_shift_dsp.gen_prod_reg.lo_prod_s_reg_i_12/O
                         net (fo=1, unplaced)         0.000     6.211    u_log2e_mult/gen_shift_dsp.gen_prod_reg.lo_prod_s_reg_i_12_n_0
                         CARRY4 (Prop_carry4_S[0]_O[3])
                                                      0.608     6.819 r  u_log2e_mult/gen_shift_dsp.gen_prod_reg.lo_prod_s_reg_i_11/O[3]
                         net (fo=1, unplaced)         0.618     7.437    u_log2e_mult/gen_rne.rounded[3]
                         LUT2 (Prop_lut2_I0_O)        0.307     7.744 r  u_log2e_mult/gen_shift_dsp.gen_prod_reg.lo_prod_s_reg_i_6/O
                         net (fo=1, unplaced)         0.800     8.544    u_unified_shift/mant_in[3]
                         DSP48E1                                      r  u_unified_shift/gen_shift_dsp.gen_prod_reg.lo_prod_s_reg/B[11]
  -------------------------------------------------------------------    -------------------

                         (clock clk rise edge)        2.000     2.000 r  
                                                      0.000     2.000 r  clk (IN)
                         net (fo=0)                   0.000     2.000    clk
                         IBUF (Prop_ibuf_I_O)         0.811     2.811 r  clk_IBUF_inst/O
                         net (fo=1, unplaced)         0.760     3.570    clk_IBUF
                         BUFG (Prop_bufg_I_O)         0.091     3.661 r  clk_IBUF_BUFG_inst/O
                         net (fo=513, unplaced)       0.439     4.100    u_unified_shift/clk_IBUF_BUFG
                         DSP48E1                                      r  u_unified_shift/gen_shift_dsp.gen_prod_reg.lo_prod_s_reg/CLK
                         clock pessimism              0.178     4.279    
                         clock uncertainty           -0.035     4.243    
                         DSP48E1 (Setup_dsp48e1_CLK_B[11])
                                                     -0.450     3.793    u_unified_shift/gen_shift_dsp.gen_prod_reg.lo_prod_s_reg
  -------------------------------------------------------------------
                         required time                          3.793    
                         arrival time                          -8.544    
  -------------------------------------------------------------------
                         slack                                 -4.751    

Slack (VIOLATED) :        -4.749ns  (required time - arrival time)
  Source:                 u_log2e_mult/gen_mult_reg.mant_mult_reg/CLK
                            (rising edge-triggered cell DSP48E1 clocked by clk  {rise@0.000ns fall@1.000ns period=2.000ns})
  Destination:            u_unified_shift/gen_shift_dsp.gen_prod_reg.lo_prod_s_reg/B[14]
                            (rising edge-triggered cell DSP48E1 clocked by clk  {rise@0.000ns fall@1.000ns period=2.000ns})
  Path Group:             clk
  Path Type:              Setup (Max at Slow Process Corner)
  Requirement:            2.000ns  (clk rise@2.000ns - clk rise@0.000ns)
  Data Path Delay:        6.118ns  (logic 3.609ns (58.986%)  route 2.509ns (41.014%))
  Logic Levels:           5  (CARRY4=2 LUT2=1 LUT4=1 LUT6=1)
  Clock Path Skew:        -0.145ns (DCD - SCD + CPR)
    Destination Clock Delay (DCD):    2.100ns = ( 4.100 - 2.000 ) 
    Source Clock Delay      (SCD):    2.424ns
    Clock Pessimism Removal (CPR):    0.178ns
  Clock Uncertainty:      0.035ns  ((TSJ^2 + TIJ^2)^1/2 + DJ) / 2 + PE
    Total System Jitter     (TSJ):    0.071ns
    Total Input Jitter      (TIJ):    0.000ns
    Discrete Jitter          (DJ):    0.000ns
    Phase Error              (PE):    0.000ns

    Location             Delay type                Incr(ns)  Path(ns)    Netlist Resource(s)
  -------------------------------------------------------------------    -------------------
                         (clock clk rise edge)        0.000     0.000 r  
                                                      0.000     0.000 r  clk (IN)
                         net (fo=0)                   0.000     0.000    clk
                         IBUF (Prop_ibuf_I_O)         0.944     0.944 r  clk_IBUF_inst/O
                         net (fo=1, unplaced)         0.800     1.744    clk_IBUF
                         BUFG (Prop_bufg_I_O)         0.096     1.840 r  clk_IBUF_BUFG_inst/O
                         net (fo=513, unplaced)       0.584     2.424    u_log2e_mult/clk_IBUF_BUFG
                         DSP48E1                                      r  u_log2e_mult/gen_mult_reg.mant_mult_reg/CLK
  -------------------------------------------------------------------    -------------------
                         DSP48E1 (Prop_dsp48e1_CLK_P[5])
                                                      2.291     4.715 r  u_log2e_mult/gen_mult_reg.mant_mult_reg/P[5]
                         net (fo=1, unplaced)         0.800     5.514    u_log2e_mult/gen_mult_reg.mant_mult_reg_n_100
                         LUT4 (Prop_lut4_I3_O)        0.124     5.638 r  u_log2e_mult/gen_shift_dsp.gen_prod_reg.lo_prod_s_reg_i_13/O
                         net (fo=1, unplaced)         0.449     6.087    u_log2e_mult/gen_shift_dsp.gen_prod_reg.lo_prod_s_reg_i_13_n_0
                         LUT6 (Prop_lut6_I1_O)        0.124     6.211 r  u_log2e_mult/gen_shift_dsp.gen_prod_reg.lo_prod_s_reg_i_12/O
                         net (fo=1, unplaced)         0.000     6.211    u_log2e_mult/gen_shift_dsp.gen_prod_reg.lo_prod_s_reg_i_12_n_0
                         CARRY4 (Prop_carry4_S[0]_CO[3])
                                                      0.513     6.724 r  u_log2e_mult/gen_shift_dsp.gen_prod_reg.lo_prod_s_reg_i_11/CO[3]
                         net (fo=1, unplaced)         0.009     6.733    u_log2e_mult/gen_shift_dsp.gen_prod_reg.lo_prod_s_reg_i_11_n_0
                         CARRY4 (Prop_carry4_CI_O[2])
                                                      0.256     6.989 r  u_log2e_mult/gen_shift_dsp.gen_prod_reg.lo_prod_s_reg_i_10/O[2]
                         net (fo=1, unplaced)         0.452     7.441    u_log2e_mult/gen_rne.rounded[6]
                         LUT2 (Prop_lut2_I0_O)        0.301     7.742 r  u_log2e_mult/gen_shift_dsp.gen_prod_reg.lo_prod_s_reg_i_3/O
                         net (fo=1, unplaced)         0.800     8.542    u_unified_shift/mant_in[6]
                         DSP48E1                                      r  u_unified_shift/gen_shift_dsp.gen_prod_reg.lo_prod_s_reg/B[14]
  -------------------------------------------------------------------    -------------------

                         (clock clk rise edge)        2.000     2.000 r  
                                                      0.000     2.000 r  clk (IN)
                         net (fo=0)                   0.000     2.000    clk
                         IBUF (Prop_ibuf_I_O)         0.811     2.811 r  clk_IBUF_inst/O
                         net (fo=1, unplaced)         0.760     3.570    clk_IBUF
                         BUFG (Prop_bufg_I_O)         0.091     3.661 r  clk_IBUF_BUFG_inst/O
                         net (fo=513, unplaced)       0.439     4.100    u_unified_shift/clk_IBUF_BUFG
                         DSP48E1                                      r  u_unified_shift/gen_shift_dsp.gen_prod_reg.lo_prod_s_reg/CLK
                         clock pessimism              0.178     4.279    
                         clock uncertainty           -0.035     4.243    
                         DSP48E1 (Setup_dsp48e1_CLK_B[14])
                                                     -0.450     3.793    u_unified_shift/gen_shift_dsp.gen_prod_reg.lo_prod_s_reg
  -------------------------------------------------------------------
                         required time                          3.793    
                         arrival time                          -8.542    
  -------------------------------------------------------------------
                         slack                                 -4.749    




