Copyright 1986-2022 Xilinx, Inc. All Rights Reserved. Copyright 2022-2025 Advanced Micro Devices, Inc. All Rights Reserved.
------------------------------------------------------------------------------------------------------------------------------------------------------------------------------------------------------------------------
| Tool Version : Vivado v.2025.2 (lin64) Build 6299465 Fri Nov 14 12:34:56 MST 2025
| Date         : Wed Jul 29 19:12:05 2026
| Host         : radoslaw-feiglewicz running 64-bit Ubuntu 24.04.2 LTS
| Command      : report_timing -max_paths 3 -nworst 3 -delay_type max -input_pins -file /home/radoslaw-feiglewicz/Pulpit/Git_projects/exp_eval_benchmarks/ai_math_modeling/build/vivado_compare/crit_exp2_optimised.rpt
| Design       : bf16_exp2
| Device       : 7a200t-fbg484
| Speed File   : -1  PRODUCTION 1.23 2018-06-13
| Design State : Synthesized
------------------------------------------------------------------------------------------------------------------------------------------------------------------------------------------------------------------------

Timing Report

Slack (VIOLATED) :        -15.694ns  (required time - arrival time)
  Source:                 u_lin_approx/u_coeff_rom/gen_sync.data_reg_1/CLKARDCLK
                            (rising edge-triggered cell RAMB18E1 clocked by clk  {rise@0.000ns fall@2.000ns period=4.000ns})
  Destination:            u_normalize/gen_reg_nrst.normalized_mant_reg[20]/D
                            (rising edge-triggered cell FDRE clocked by clk  {rise@0.000ns fall@2.000ns period=4.000ns})
  Path Group:             clk
  Path Type:              Setup (Max at Slow Process Corner)
  Requirement:            4.000ns  (clk rise@4.000ns - clk rise@0.000ns)
  Data Path Delay:        19.542ns  (logic 10.682ns (54.661%)  route 8.860ns (45.339%))
  Logic Levels:           18  (CARRY4=6 DSP48E1=2 LUT1=1 LUT2=1 LUT3=1 LUT4=1 LUT5=2 LUT6=4)
  Clock Path Skew:        -0.145ns (DCD - SCD + CPR)
    Destination Clock Delay (DCD):    2.100ns = ( 6.100 - 4.000 ) 
    Source Clock Delay      (SCD):    2.424ns
    Clock Pessimism Removal (CPR):    0.178ns
  Clock Uncertainty:      0.035ns  ((TSJ^2 + TIJ^2)^1/2 + DJ) / 2 + PE
    Total System Jitter     (TSJ):    0.071ns
    Total Input Jitter      (TIJ):    0.000ns
    Discrete Jitter          (DJ):    0.000ns
    Phase Error              (PE):    0.000ns

    Location             Delay type                Incr(ns)  Path(ns)    Netlist Resource(s)
  -------------------------------------------------------------------    -------------------
                         (clock clk rise edge)        0.000     0.000 r  
                                                      0.000     0.000 r  clk (IN)
                         net (fo=0)                   0.000     0.000    clk
                                                                      r  clk_IBUF_inst/I
                         IBUF (Prop_ibuf_I_O)         0.944     0.944 r  clk_IBUF_inst/O
                         net (fo=1, unplaced)         0.800     1.744    clk_IBUF
                                                                      r  clk_IBUF_BUFG_inst/I
                         BUFG (Prop_bufg_I_O)         0.096     1.840 r  clk_IBUF_BUFG_inst/O
                         net (fo=189, unplaced)       0.584     2.424    u_lin_approx/u_coeff_rom/clk_IBUF_BUFG
                         RAMB18E1                                     r  u_lin_approx/u_coeff_rom/gen_sync.data_reg_1/CLKARDCLK
  -------------------------------------------------------------------    -------------------
                         RAMB18E1 (Prop_ramb18e1_CLKARDCLK_DOADO[3])
                                                      2.454     4.878 r  u_lin_approx/u_coeff_rom/gen_sync.data_reg_1/DOADO[3]
                         net (fo=5, unplaced)         0.800     5.677    u_lin_approx/p_0_in[58]
                                                                      r  u_lin_approx/unnormalized_res3/A[20]
                         DSP48E1 (Prop_dsp48e1_A[20]_PCOUT[47])
                                                      4.036     9.713 r  u_lin_approx/unnormalized_res3/PCOUT[47]
                         net (fo=1, unplaced)         0.055     9.768    u_lin_approx/unnormalized_res3_n_106
                                                                      r  u_lin_approx/unnormalized_res3__0/PCIN[47]
                         DSP48E1 (Prop_dsp48e1_PCIN[47]_P[3])
                                                      1.518    11.286 f  u_lin_approx/unnormalized_res3__0/P[3]
                         net (fo=1, unplaced)         0.800    12.086    u_lin_approx/unnormalized_res3__0_n_102
                                                                      f  u_lin_approx/unnormalized_res0_carry__4_i_3/I0
                         LUT1 (Prop_lut1_I0_O)        0.124    12.210 r  u_lin_approx/unnormalized_res0_carry__4_i_3/O
                         net (fo=1, unplaced)         0.000    12.210    u_lin_approx/p_0_in__0[28]
                                                                      r  u_lin_approx/unnormalized_res0_carry__4/S[1]
                         CARRY4 (Prop_carry4_S[1]_CO[3])
                                                      0.533    12.743 r  u_lin_approx/unnormalized_res0_carry__4/CO[3]
                         net (fo=1, unplaced)         0.000    12.743    u_lin_approx/unnormalized_res0_carry__4_n_0
                                                                      r  u_lin_approx/unnormalized_res0_carry__5/CI
                         CARRY4 (Prop_carry4_CI_CO[3])
                                                      0.117    12.860 r  u_lin_approx/unnormalized_res0_carry__5/CO[3]
                         net (fo=1, unplaced)         0.000    12.860    u_lin_approx/unnormalized_res0_carry__5_n_0
                                                                      r  u_lin_approx/unnormalized_res0_carry__6/CI
                         CARRY4 (Prop_carry4_CI_CO[3])
                                                      0.117    12.977 r  u_lin_approx/unnormalized_res0_carry__6/CO[3]
                         net (fo=1, unplaced)         0.000    12.977    u_lin_approx/unnormalized_res0_carry__6_n_0
                                                                      r  u_lin_approx/unnormalized_res0_carry__7/CI
                         CARRY4 (Prop_carry4_CI_CO[3])
                                                      0.117    13.094 r  u_lin_approx/unnormalized_res0_carry__7/CO[3]
                         net (fo=1, unplaced)         0.000    13.094    u_lin_approx/unnormalized_res0_carry__7_n_0
                                                                      r  u_lin_approx/unnormalized_res0_carry__8/CI
                         CARRY4 (Prop_carry4_CI_CO[3])
                                                      0.117    13.211 r  u_lin_approx/unnormalized_res0_carry__8/CO[3]
                         net (fo=1, unplaced)         0.000    13.211    u_lin_approx/unnormalized_res0_carry__8_n_0
                                                                      r  u_lin_approx/unnormalized_res0_carry__9/CI
                         CARRY4 (Prop_carry4_CI_O[2])
                                                      0.256    13.467 r  u_lin_approx/unnormalized_res0_carry__9/O[2]
                         net (fo=4, unplaced)         1.138    14.605    u_lin_approx/s5_unnorm_res[49]
                                                                      r  u_lin_approx/gen_reg_nrst.poly_exponent[5]_i_11/I4
                         LUT6 (Prop_lut6_I4_O)        0.301    14.906 r  u_lin_approx/gen_reg_nrst.poly_exponent[5]_i_11/O
                         net (fo=5, unplaced)         0.477    15.383    u_lin_approx/gen_reg_nrst.poly_exponent[5]_i_11_n_0
                                                                      r  u_lin_approx/gen_reg_nrst.poly_exponent[2]_i_7/I0
                         LUT4 (Prop_lut4_I0_O)        0.124    15.507 r  u_lin_approx/gen_reg_nrst.poly_exponent[2]_i_7/O
                         net (fo=6, unplaced)         0.481    15.988    u_lin_approx/gen_reg_nrst.poly_exponent[2]_i_7_n_0
                                                                      r  u_lin_approx/gen_reg_nrst.poly_exponent[5]_i_10/I5
                         LUT6 (Prop_lut6_I5_O)        0.124    16.112 r  u_lin_approx/gen_reg_nrst.poly_exponent[5]_i_10/O
                         net (fo=2, unplaced)         0.430    16.542    u_lin_approx/u_coeff_rom/gen_reg_nrst.poly_exponent_reg[5]
                                                                      r  u_lin_approx/u_coeff_rom/gen_reg_nrst.poly_exponent[5]_i_3/I0
                         LUT2 (Prop_lut2_I0_O)        0.124    16.666 r  u_lin_approx/u_coeff_rom/gen_reg_nrst.poly_exponent[5]_i_3/O
                         net (fo=3, unplaced)         0.920    17.586    u_lin_approx/u_coeff_rom/gen_reg_nrst.poly_exponent[5]_i_3_n_0
                                                                      r  u_lin_approx/u_coeff_rom/gen_reg_nrst.poly_exponent[5]_i_2/I1
                         LUT6 (Prop_lut6_I1_O)        0.124    17.710 r  u_lin_approx/u_coeff_rom/gen_reg_nrst.poly_exponent[5]_i_2/O
                         net (fo=7, unplaced)         0.937    18.647    u_lin_approx/u_coeff_rom/gen_reg_nrst.poly_exponent[5]_i_2_n_0
                                                                      r  u_lin_approx/u_coeff_rom/gen_reg_nrst.normalized_mant[7]_i_5/I0
                         LUT3 (Prop_lut3_I0_O)        0.124    18.771 r  u_lin_approx/u_coeff_rom/gen_reg_nrst.normalized_mant[7]_i_5/O
                         net (fo=63, unplaced)        0.990    19.761    u_lin_approx/u_coeff_rom/gen_reg_nrst.normalized_mant[7]_i_5_n_0
                                                                      r  u_lin_approx/u_coeff_rom/gen_reg_nrst.normalized_mant[23]_i_3/I1
                         LUT5 (Prop_lut5_I1_O)        0.124    19.885 r  u_lin_approx/u_coeff_rom/gen_reg_nrst.normalized_mant[23]_i_3/O
                         net (fo=3, unplaced)         0.920    20.805    u_lin_approx/u_coeff_rom/gen_reg_nrst.normalized_mant[23]_i_3_n_0
                                                                      r  u_lin_approx/u_coeff_rom/gen_reg_nrst.normalized_mant[21]_i_2/I3
                         LUT6 (Prop_lut6_I3_O)        0.124    20.929 r  u_lin_approx/u_coeff_rom/gen_reg_nrst.normalized_mant[21]_i_2/O
                         net (fo=2, unplaced)         0.913    21.842    u_lin_approx/u_coeff_rom/gen_reg_nrst.normalized_mant[21]_i_2_n_0
                                                                      r  u_lin_approx/u_coeff_rom/gen_reg_nrst.normalized_mant[20]_i_1/I0
                         LUT5 (Prop_lut5_I0_O)        0.124    21.966 r  u_lin_approx/u_coeff_rom/gen_reg_nrst.normalized_mant[20]_i_1/O
                         net (fo=1, unplaced)         0.000    21.966    u_normalize/D[15]
                         FDRE                                         r  u_normalize/gen_reg_nrst.normalized_mant_reg[20]/D
  -------------------------------------------------------------------    -------------------

                         (clock clk rise edge)        4.000     4.000 r  
                                                      0.000     4.000 r  clk (IN)
                         net (fo=0)                   0.000     4.000    clk
                                                                      r  clk_IBUF_inst/I
                         IBUF (Prop_ibuf_I_O)         0.811     4.811 r  clk_IBUF_inst/O
                         net (fo=1, unplaced)         0.760     5.570    clk_IBUF
                                                                      r  clk_IBUF_BUFG_inst/I
                         BUFG (Prop_bufg_I_O)         0.091     5.661 r  clk_IBUF_BUFG_inst/O
                         net (fo=189, unplaced)       0.439     6.100    u_normalize/clk_IBUF_BUFG
                         FDRE                                         r  u_normalize/gen_reg_nrst.normalized_mant_reg[20]/C
                         clock pessimism              0.178     6.279    
                         clock uncertainty           -0.035     6.243    
                         FDRE (Setup_fdre_C_D)        0.029     6.272    u_normalize/gen_reg_nrst.normalized_mant_reg[20]
  -------------------------------------------------------------------
                         required time                          6.272    
                         arrival time                         -21.966    
  -------------------------------------------------------------------
                         slack                                -15.694    

Slack (VIOLATED) :        -15.694ns  (required time - arrival time)
  Source:                 u_lin_approx/u_coeff_rom/gen_sync.data_reg_1/CLKARDCLK
                            (rising edge-triggered cell RAMB18E1 clocked by clk  {rise@0.000ns fall@2.000ns period=4.000ns})
  Destination:            u_normalize/gen_reg_nrst.normalized_mant_reg[20]/D
                            (rising edge-triggered cell FDRE clocked by clk  {rise@0.000ns fall@2.000ns period=4.000ns})
  Path Group:             clk
  Path Type:              Setup (Max at Slow Process Corner)
  Requirement:            4.000ns  (clk rise@4.000ns - clk rise@0.000ns)
  Data Path Delay:        19.542ns  (logic 10.682ns (54.661%)  route 8.860ns (45.339%))
  Logic Levels:           18  (CARRY4=6 DSP48E1=2 LUT1=1 LUT2=1 LUT3=1 LUT4=1 LUT5=2 LUT6=4)
  Clock Path Skew:        -0.145ns (DCD - SCD + CPR)
    Destination Clock Delay (DCD):    2.100ns = ( 6.100 - 4.000 ) 
    Source Clock Delay      (SCD):    2.424ns
    Clock Pessimism Removal (CPR):    0.178ns
  Clock Uncertainty:      0.035ns  ((TSJ^2 + TIJ^2)^1/2 + DJ) / 2 + PE
    Total System Jitter     (TSJ):    0.071ns
    Total Input Jitter      (TIJ):    0.000ns
    Discrete Jitter          (DJ):    0.000ns
    Phase Error              (PE):    0.000ns

    Location             Delay type                Incr(ns)  Path(ns)    Netlist Resource(s)
  -------------------------------------------------------------------    -------------------
                         (clock clk rise edge)        0.000     0.000 r  
                                                      0.000     0.000 r  clk (IN)
                         net (fo=0)                   0.000     0.000    clk
                                                                      r  clk_IBUF_inst/I
                         IBUF (Prop_ibuf_I_O)         0.944     0.944 r  clk_IBUF_inst/O
                         net (fo=1, unplaced)         0.800     1.744    clk_IBUF
                                                                      r  clk_IBUF_BUFG_inst/I
                         BUFG (Prop_bufg_I_O)         0.096     1.840 r  clk_IBUF_BUFG_inst/O
                         net (fo=189, unplaced)       0.584     2.424    u_lin_approx/u_coeff_rom/clk_IBUF_BUFG
                         RAMB18E1                                     r  u_lin_approx/u_coeff_rom/gen_sync.data_reg_1/CLKARDCLK
  -------------------------------------------------------------------    -------------------
                         RAMB18E1 (Prop_ramb18e1_CLKARDCLK_DOADO[3])
                                                      2.454     4.878 r  u_lin_approx/u_coeff_rom/gen_sync.data_reg_1/DOADO[3]
                         net (fo=5, unplaced)         0.800     5.677    u_lin_approx/p_0_in[58]
                                                                      r  u_lin_approx/unnormalized_res3/A[20]
                         DSP48E1 (Prop_dsp48e1_A[20]_PCOUT[47])
                                                      4.036     9.713 f  u_lin_approx/unnormalized_res3/PCOUT[47]
                         net (fo=1, unplaced)         0.055     9.768    u_lin_approx/unnormalized_res3_n_106
                                                                      f  u_lin_approx/unnormalized_res3__0/PCIN[47]
                         DSP48E1 (Prop_dsp48e1_PCIN[47]_P[3])
                                                      1.518    11.286 f  u_lin_approx/unnormalized_res3__0/P[3]
                         net (fo=1, unplaced)         0.800    12.086    u_lin_approx/unnormalized_res3__0_n_102
                                                                      f  u_lin_approx/unnormalized_res0_carry__4_i_3/I0
                         LUT1 (Prop_lut1_I0_O)        0.124    12.210 r  u_lin_approx/unnormalized_res0_carry__4_i_3/O
                         net (fo=1, unplaced)         0.000    12.210    u_lin_approx/p_0_in__0[28]
                                                                      r  u_lin_approx/unnormalized_res0_carry__4/S[1]
                         CARRY4 (Prop_carry4_S[1]_CO[3])
                                                      0.533    12.743 r  u_lin_approx/unnormalized_res0_carry__4/CO[3]
                         net (fo=1, unplaced)         0.000    12.743    u_lin_approx/unnormalized_res0_carry__4_n_0
                                                                      r  u_lin_approx/unnormalized_res0_carry__5/CI
                         CARRY4 (Prop_carry4_CI_CO[3])
                                                      0.117    12.860 r  u_lin_approx/unnormalized_res0_carry__5/CO[3]
                         net (fo=1, unplaced)         0.000    12.860    u_lin_approx/unnormalized_res0_carry__5_n_0
                                                                      r  u_lin_approx/unnormalized_res0_carry__6/CI
                         CARRY4 (Prop_carry4_CI_CO[3])
                                                      0.117    12.977 r  u_lin_approx/unnormalized_res0_carry__6/CO[3]
                         net (fo=1, unplaced)         0.000    12.977    u_lin_approx/unnormalized_res0_carry__6_n_0
                                                                      r  u_lin_approx/unnormalized_res0_carry__7/CI
                         CARRY4 (Prop_carry4_CI_CO[3])
                                                      0.117    13.094 r  u_lin_approx/unnormalized_res0_carry__7/CO[3]
                         net (fo=1, unplaced)         0.000    13.094    u_lin_approx/unnormalized_res0_carry__7_n_0
                                                                      r  u_lin_approx/unnormalized_res0_carry__8/CI
                         CARRY4 (Prop_carry4_CI_CO[3])
                                                      0.117    13.211 r  u_lin_approx/unnormalized_res0_carry__8/CO[3]
                         net (fo=1, unplaced)         0.000    13.211    u_lin_approx/unnormalized_res0_carry__8_n_0
                                                                      r  u_lin_approx/unnormalized_res0_carry__9/CI
                         CARRY4 (Prop_carry4_CI_O[2])
                                                      0.256    13.467 r  u_lin_approx/unnormalized_res0_carry__9/O[2]
                         net (fo=4, unplaced)         1.138    14.605    u_lin_approx/s5_unnorm_res[49]
                                                                      r  u_lin_approx/gen_reg_nrst.poly_exponent[5]_i_11/I4
                         LUT6 (Prop_lut6_I4_O)        0.301    14.906 r  u_lin_approx/gen_reg_nrst.poly_exponent[5]_i_11/O
                         net (fo=5, unplaced)         0.477    15.383    u_lin_approx/gen_reg_nrst.poly_exponent[5]_i_11_n_0
                                                                      r  u_lin_approx/gen_reg_nrst.poly_exponent[2]_i_7/I0
                         LUT4 (Prop_lut4_I0_O)        0.124    15.507 r  u_lin_approx/gen_reg_nrst.poly_exponent[2]_i_7/O
                         net (fo=6, unplaced)         0.481    15.988    u_lin_approx/gen_reg_nrst.poly_exponent[2]_i_7_n_0
                                                                      r  u_lin_approx/gen_reg_nrst.poly_exponent[5]_i_10/I5
                         LUT6 (Prop_lut6_I5_O)        0.124    16.112 r  u_lin_approx/gen_reg_nrst.poly_exponent[5]_i_10/O
                         net (fo=2, unplaced)         0.430    16.542    u_lin_approx/u_coeff_rom/gen_reg_nrst.poly_exponent_reg[5]
                                                                      r  u_lin_approx/u_coeff_rom/gen_reg_nrst.poly_exponent[5]_i_3/I0
                         LUT2 (Prop_lut2_I0_O)        0.124    16.666 r  u_lin_approx/u_coeff_rom/gen_reg_nrst.poly_exponent[5]_i_3/O
                         net (fo=3, unplaced)         0.920    17.586    u_lin_approx/u_coeff_rom/gen_reg_nrst.poly_exponent[5]_i_3_n_0
                                                                      r  u_lin_approx/u_coeff_rom/gen_reg_nrst.poly_exponent[5]_i_2/I1
                         LUT6 (Prop_lut6_I1_O)        0.124    17.710 r  u_lin_approx/u_coeff_rom/gen_reg_nrst.poly_exponent[5]_i_2/O
                         net (fo=7, unplaced)         0.937    18.647    u_lin_approx/u_coeff_rom/gen_reg_nrst.poly_exponent[5]_i_2_n_0
                                                                      r  u_lin_approx/u_coeff_rom/gen_reg_nrst.normalized_mant[7]_i_5/I0
                         LUT3 (Prop_lut3_I0_O)        0.124    18.771 r  u_lin_approx/u_coeff_rom/gen_reg_nrst.normalized_mant[7]_i_5/O
                         net (fo=63, unplaced)        0.990    19.761    u_lin_approx/u_coeff_rom/gen_reg_nrst.normalized_mant[7]_i_5_n_0
                                                                      r  u_lin_approx/u_coeff_rom/gen_reg_nrst.normalized_mant[23]_i_3/I1
                         LUT5 (Prop_lut5_I1_O)        0.124    19.885 r  u_lin_approx/u_coeff_rom/gen_reg_nrst.normalized_mant[23]_i_3/O
                         net (fo=3, unplaced)         0.920    20.805    u_lin_approx/u_coeff_rom/gen_reg_nrst.normalized_mant[23]_i_3_n_0
                                                                      r  u_lin_approx/u_coeff_rom/gen_reg_nrst.normalized_mant[21]_i_2/I3
                         LUT6 (Prop_lut6_I3_O)        0.124    20.929 r  u_lin_approx/u_coeff_rom/gen_reg_nrst.normalized_mant[21]_i_2/O
                         net (fo=2, unplaced)         0.913    21.842    u_lin_approx/u_coeff_rom/gen_reg_nrst.normalized_mant[21]_i_2_n_0
                                                                      r  u_lin_approx/u_coeff_rom/gen_reg_nrst.normalized_mant[20]_i_1/I0
                         LUT5 (Prop_lut5_I0_O)        0.124    21.966 r  u_lin_approx/u_coeff_rom/gen_reg_nrst.normalized_mant[20]_i_1/O
                         net (fo=1, unplaced)         0.000    21.966    u_normalize/D[15]
                         FDRE                                         r  u_normalize/gen_reg_nrst.normalized_mant_reg[20]/D
  -------------------------------------------------------------------    -------------------

                         (clock clk rise edge)        4.000     4.000 r  
                                                      0.000     4.000 r  clk (IN)
                         net (fo=0)                   0.000     4.000    clk
                                                                      r  clk_IBUF_inst/I
                         IBUF (Prop_ibuf_I_O)         0.811     4.811 r  clk_IBUF_inst/O
                         net (fo=1, unplaced)         0.760     5.570    clk_IBUF
                                                                      r  clk_IBUF_BUFG_inst/I
                         BUFG (Prop_bufg_I_O)         0.091     5.661 r  clk_IBUF_BUFG_inst/O
                         net (fo=189, unplaced)       0.439     6.100    u_normalize/clk_IBUF_BUFG
                         FDRE                                         r  u_normalize/gen_reg_nrst.normalized_mant_reg[20]/C
                         clock pessimism              0.178     6.279    
                         clock uncertainty           -0.035     6.243    
                         FDRE (Setup_fdre_C_D)        0.029     6.272    u_normalize/gen_reg_nrst.normalized_mant_reg[20]
  -------------------------------------------------------------------
                         required time                          6.272    
                         arrival time                         -21.966    
  -------------------------------------------------------------------
                         slack                                -15.694    

Slack (VIOLATED) :        -15.694ns  (required time - arrival time)
  Source:                 u_lin_approx/u_coeff_rom/gen_sync.data_reg_1/CLKARDCLK
                            (rising edge-triggered cell RAMB18E1 clocked by clk  {rise@0.000ns fall@2.000ns period=4.000ns})
  Destination:            u_normalize/gen_reg_nrst.normalized_mant_reg[20]/D
                            (rising edge-triggered cell FDRE clocked by clk  {rise@0.000ns fall@2.000ns period=4.000ns})
  Path Group:             clk
  Path Type:              Setup (Max at Slow Process Corner)
  Requirement:            4.000ns  (clk rise@4.000ns - clk rise@0.000ns)
  Data Path Delay:        19.542ns  (logic 10.682ns (54.661%)  route 8.860ns (45.339%))
  Logic Levels:           18  (CARRY4=6 DSP48E1=2 LUT1=1 LUT2=1 LUT3=1 LUT4=1 LUT5=2 LUT6=4)
  Clock Path Skew:        -0.145ns (DCD - SCD + CPR)
    Destination Clock Delay (DCD):    2.100ns = ( 6.100 - 4.000 ) 
    Source Clock Delay      (SCD):    2.424ns
    Clock Pessimism Removal (CPR):    0.178ns
  Clock Uncertainty:      0.035ns  ((TSJ^2 + TIJ^2)^1/2 + DJ) / 2 + PE
    Total System Jitter     (TSJ):    0.071ns
    Total Input Jitter      (TIJ):    0.000ns
    Discrete Jitter          (DJ):    0.000ns
    Phase Error              (PE):    0.000ns

    Location             Delay type                Incr(ns)  Path(ns)    Netlist Resource(s)
  -------------------------------------------------------------------    -------------------
                         (clock clk rise edge)        0.000     0.000 r  
                                                      0.000     0.000 r  clk (IN)
                         net (fo=0)                   0.000     0.000    clk
                                                                      r  clk_IBUF_inst/I
                         IBUF (Prop_ibuf_I_O)         0.944     0.944 r  clk_IBUF_inst/O
                         net (fo=1, unplaced)         0.800     1.744    clk_IBUF
                                                                      r  clk_IBUF_BUFG_inst/I
                         BUFG (Prop_bufg_I_O)         0.096     1.840 r  clk_IBUF_BUFG_inst/O
                         net (fo=189, unplaced)       0.584     2.424    u_lin_approx/u_coeff_rom/clk_IBUF_BUFG
                         RAMB18E1                                     r  u_lin_approx/u_coeff_rom/gen_sync.data_reg_1/CLKARDCLK
  -------------------------------------------------------------------    -------------------
                         RAMB18E1 (Prop_ramb18e1_CLKARDCLK_DOADO[3])
                                                      2.454     4.878 r  u_lin_approx/u_coeff_rom/gen_sync.data_reg_1/DOADO[3]
                         net (fo=5, unplaced)         0.800     5.677    u_lin_approx/p_0_in[58]
                                                                      r  u_lin_approx/unnormalized_res3/A[20]
                         DSP48E1 (Prop_dsp48e1_A[20]_PCOUT[46])
                                                      4.036     9.713 r  u_lin_approx/unnormalized_res3/PCOUT[46]
                         net (fo=1, unplaced)         0.055     9.768    u_lin_approx/unnormalized_res3_n_107
                                                                      r  u_lin_approx/unnormalized_res3__0/PCIN[46]
                         DSP48E1 (Prop_dsp48e1_PCIN[46]_P[3])
                                                      1.518    11.286 f  u_lin_approx/unnormalized_res3__0/P[3]
                         net (fo=1, unplaced)         0.800    12.086    u_lin_approx/unnormalized_res3__0_n_102
                                                                      f  u_lin_approx/unnormalized_res0_carry__4_i_3/I0
                         LUT1 (Prop_lut1_I0_O)        0.124    12.210 r  u_lin_approx/unnormalized_res0_carry__4_i_3/O
                         net (fo=1, unplaced)         0.000    12.210    u_lin_approx/p_0_in__0[28]
                                                                      r  u_lin_approx/unnormalized_res0_carry__4/S[1]
                         CARRY4 (Prop_carry4_S[1]_CO[3])
                                                      0.533    12.743 r  u_lin_approx/unnormalized_res0_carry__4/CO[3]
                         net (fo=1, unplaced)         0.000    12.743    u_lin_approx/unnormalized_res0_carry__4_n_0
                                                                      r  u_lin_approx/unnormalized_res0_carry__5/CI
                         CARRY4 (Prop_carry4_CI_CO[3])
                                                      0.117    12.860 r  u_lin_approx/unnormalized_res0_carry__5/CO[3]
                         net (fo=1, unplaced)         0.000    12.860    u_lin_approx/unnormalized_res0_carry__5_n_0
                                                                      r  u_lin_approx/unnormalized_res0_carry__6/CI
                         CARRY4 (Prop_carry4_CI_CO[3])
                                                      0.117    12.977 r  u_lin_approx/unnormalized_res0_carry__6/CO[3]
                         net (fo=1, unplaced)         0.000    12.977    u_lin_approx/unnormalized_res0_carry__6_n_0
                                                                      r  u_lin_approx/unnormalized_res0_carry__7/CI
                         CARRY4 (Prop_carry4_CI_CO[3])
                                                      0.117    13.094 r  u_lin_approx/unnormalized_res0_carry__7/CO[3]
                         net (fo=1, unplaced)         0.000    13.094    u_lin_approx/unnormalized_res0_carry__7_n_0
                                                                      r  u_lin_approx/unnormalized_res0_carry__8/CI
                         CARRY4 (Prop_carry4_CI_CO[3])
                                                      0.117    13.211 r  u_lin_approx/unnormalized_res0_carry__8/CO[3]
                         net (fo=1, unplaced)         0.000    13.211    u_lin_approx/unnormalized_res0_carry__8_n_0
                                                                      r  u_lin_approx/unnormalized_res0_carry__9/CI
                         CARRY4 (Prop_carry4_CI_O[2])
                                                      0.256    13.467 r  u_lin_approx/unnormalized_res0_carry__9/O[2]
                         net (fo=4, unplaced)         1.138    14.605    u_lin_approx/s5_unnorm_res[49]
                                                                      r  u_lin_approx/gen_reg_nrst.poly_exponent[5]_i_11/I4
                         LUT6 (Prop_lut6_I4_O)        0.301    14.906 r  u_lin_approx/gen_reg_nrst.poly_exponent[5]_i_11/O
                         net (fo=5, unplaced)         0.477    15.383    u_lin_approx/gen_reg_nrst.poly_exponent[5]_i_11_n_0
                                                                      r  u_lin_approx/gen_reg_nrst.poly_exponent[2]_i_7/I0
                         LUT4 (Prop_lut4_I0_O)        0.124    15.507 r  u_lin_approx/gen_reg_nrst.poly_exponent[2]_i_7/O
                         net (fo=6, unplaced)         0.481    15.988    u_lin_approx/gen_reg_nrst.poly_exponent[2]_i_7_n_0
                                                                      r  u_lin_approx/gen_reg_nrst.poly_exponent[5]_i_10/I5
                         LUT6 (Prop_lut6_I5_O)        0.124    16.112 r  u_lin_approx/gen_reg_nrst.poly_exponent[5]_i_10/O
                         net (fo=2, unplaced)         0.430    16.542    u_lin_approx/u_coeff_rom/gen_reg_nrst.poly_exponent_reg[5]
                                                                      r  u_lin_approx/u_coeff_rom/gen_reg_nrst.poly_exponent[5]_i_3/I0
                         LUT2 (Prop_lut2_I0_O)        0.124    16.666 r  u_lin_approx/u_coeff_rom/gen_reg_nrst.poly_exponent[5]_i_3/O
                         net (fo=3, unplaced)         0.920    17.586    u_lin_approx/u_coeff_rom/gen_reg_nrst.poly_exponent[5]_i_3_n_0
                                                                      r  u_lin_approx/u_coeff_rom/gen_reg_nrst.poly_exponent[5]_i_2/I1
                         LUT6 (Prop_lut6_I1_O)        0.124    17.710 r  u_lin_approx/u_coeff_rom/gen_reg_nrst.poly_exponent[5]_i_2/O
                         net (fo=7, unplaced)         0.937    18.647    u_lin_approx/u_coeff_rom/gen_reg_nrst.poly_exponent[5]_i_2_n_0
                                                                      r  u_lin_approx/u_coeff_rom/gen_reg_nrst.normalized_mant[7]_i_5/I0
                         LUT3 (Prop_lut3_I0_O)        0.124    18.771 r  u_lin_approx/u_coeff_rom/gen_reg_nrst.normalized_mant[7]_i_5/O
                         net (fo=63, unplaced)        0.990    19.761    u_lin_approx/u_coeff_rom/gen_reg_nrst.normalized_mant[7]_i_5_n_0
                                                                      r  u_lin_approx/u_coeff_rom/gen_reg_nrst.normalized_mant[23]_i_3/I1
                         LUT5 (Prop_lut5_I1_O)        0.124    19.885 r  u_lin_approx/u_coeff_rom/gen_reg_nrst.normalized_mant[23]_i_3/O
                         net (fo=3, unplaced)         0.920    20.805    u_lin_approx/u_coeff_rom/gen_reg_nrst.normalized_mant[23]_i_3_n_0
                                                                      r  u_lin_approx/u_coeff_rom/gen_reg_nrst.normalized_mant[21]_i_2/I3
                         LUT6 (Prop_lut6_I3_O)        0.124    20.929 r  u_lin_approx/u_coeff_rom/gen_reg_nrst.normalized_mant[21]_i_2/O
                         net (fo=2, unplaced)         0.913    21.842    u_lin_approx/u_coeff_rom/gen_reg_nrst.normalized_mant[21]_i_2_n_0
                                                                      r  u_lin_approx/u_coeff_rom/gen_reg_nrst.normalized_mant[20]_i_1/I0
                         LUT5 (Prop_lut5_I0_O)        0.124    21.966 r  u_lin_approx/u_coeff_rom/gen_reg_nrst.normalized_mant[20]_i_1/O
                         net (fo=1, unplaced)         0.000    21.966    u_normalize/D[15]
                         FDRE                                         r  u_normalize/gen_reg_nrst.normalized_mant_reg[20]/D
  -------------------------------------------------------------------    -------------------

                         (clock clk rise edge)        4.000     4.000 r  
                                                      0.000     4.000 r  clk (IN)
                         net (fo=0)                   0.000     4.000    clk
                                                                      r  clk_IBUF_inst/I
                         IBUF (Prop_ibuf_I_O)         0.811     4.811 r  clk_IBUF_inst/O
                         net (fo=1, unplaced)         0.760     5.570    clk_IBUF
                                                                      r  clk_IBUF_BUFG_inst/I
                         BUFG (Prop_bufg_I_O)         0.091     5.661 r  clk_IBUF_BUFG_inst/O
                         net (fo=189, unplaced)       0.439     6.100    u_normalize/clk_IBUF_BUFG
                         FDRE                                         r  u_normalize/gen_reg_nrst.normalized_mant_reg[20]/C
                         clock pessimism              0.178     6.279    
                         clock uncertainty           -0.035     6.243    
                         FDRE (Setup_fdre_C_D)        0.029     6.272    u_normalize/gen_reg_nrst.normalized_mant_reg[20]
  -------------------------------------------------------------------
                         required time                          6.272    
                         arrival time                         -21.966    
  -------------------------------------------------------------------
                         slack                                -15.694    




