Copyright 1986-2022 Xilinx, Inc. All Rights Reserved. Copyright 2022-2025 Advanced Micro Devices, Inc. All Rights Reserved.
---------------------------------------------------------------------------------------------------------------------------------------------------------------------------------------------------------
| Tool Version : Vivado v.2025.2 (lin64) Build 6299465 Fri Nov 14 12:34:56 MST 2025
| Date         : Sun Aug  2 17:25:04 2026
| Host         : radoslaw-feiglewicz running 64-bit Ubuntu 24.04.2 LTS
| Command      : report_timing -max_paths 3 -unique_pins -delay_type max -file /home/radoslaw-feiglewicz/Pulpit/Git_projects/exp_eval_benchmarks/ai_math_modeling/build/vivado_compare/crit_exp2_opt.rpt
| Design       : bf16_exp2
| Device       : 7a200t-fbg484
| Speed File   : -1  PRODUCTION 1.23 2018-06-13
| Design State : Synthesized
---------------------------------------------------------------------------------------------------------------------------------------------------------------------------------------------------------

Timing Report

Slack (VIOLATED) :        -17.763ns  (required time - arrival time)
  Source:                 u_lin_approx/u_coeff_rom/gen_sync.data_reg_1/CLKARDCLK
                            (rising edge-triggered cell RAMB18E1 clocked by clk  {rise@0.000ns fall@1.000ns period=2.000ns})
  Destination:            u_normalize/gen_reg_nrst.normalized_mant_reg[56]/D
                            (rising edge-triggered cell FDRE clocked by clk  {rise@0.000ns fall@1.000ns period=2.000ns})
  Path Group:             clk
  Path Type:              Setup (Max at Slow Process Corner)
  Requirement:            2.000ns  (clk rise@2.000ns - clk rise@0.000ns)
  Data Path Delay:        19.611ns  (logic 10.324ns (52.643%)  route 9.287ns (47.357%))
  Logic Levels:           15  (CARRY4=4 DSP48E1=2 LUT1=1 LUT3=1 LUT6=7)
  Clock Path Skew:        -0.145ns (DCD - SCD + CPR)
    Destination Clock Delay (DCD):    2.100ns = ( 4.100 - 2.000 ) 
    Source Clock Delay      (SCD):    2.424ns
    Clock Pessimism Removal (CPR):    0.178ns
  Clock Uncertainty:      0.035ns  ((TSJ^2 + TIJ^2)^1/2 + DJ) / 2 + PE
    Total System Jitter     (TSJ):    0.071ns
    Total Input Jitter      (TIJ):    0.000ns
    Discrete Jitter          (DJ):    0.000ns
    Phase Error              (PE):    0.000ns

    Location             Delay type                Incr(ns)  Path(ns)    Netlist Resource(s)
  -------------------------------------------------------------------    -------------------
                         (clock clk rise edge)        0.000     0.000 r  
                                                      0.000     0.000 r  clk (IN)
                         net (fo=0)                   0.000     0.000    clk
                         IBUF (Prop_ibuf_I_O)         0.944     0.944 r  clk_IBUF_inst/O
                         net (fo=1, unplaced)         0.800     1.744    clk_IBUF
                         BUFG (Prop_bufg_I_O)         0.096     1.840 r  clk_IBUF_BUFG_inst/O
                         net (fo=172, unplaced)       0.584     2.424    u_lin_approx/u_coeff_rom/clk_IBUF_BUFG
                         RAMB18E1                                     r  u_lin_approx/u_coeff_rom/gen_sync.data_reg_1/CLKARDCLK
  -------------------------------------------------------------------    -------------------
                         RAMB18E1 (Prop_ramb18e1_CLKARDCLK_DOADO[3])
                                                      2.454     4.878 r  u_lin_approx/u_coeff_rom/gen_sync.data_reg_1/DOADO[3]
                         net (fo=5, unplaced)         0.800     5.677    u_lin_approx/p_0_in[58]
                         DSP48E1 (Prop_dsp48e1_A[20]_PCOUT[47])
                                                      4.036     9.713 r  u_lin_approx/ax_core_comb/PCOUT[47]
                         net (fo=1, unplaced)         0.055     9.768    u_lin_approx/ax_core_comb_n_106
                         DSP48E1 (Prop_dsp48e1_PCIN[47]_P[3])
                                                      1.518    11.286 f  u_lin_approx/ax_core_comb__0/P[3]
                         net (fo=1, unplaced)         0.800    12.086    u_lin_approx/ax_core_comb__0_n_102
                         LUT1 (Prop_lut1_I0_O)        0.124    12.210 r  u_lin_approx/unnormalized_res0_carry__4_i_3/O
                         net (fo=1, unplaced)         0.000    12.210    u_lin_approx/p_0_in__0[28]
                         CARRY4 (Prop_carry4_S[1]_CO[3])
                                                      0.533    12.743 r  u_lin_approx/unnormalized_res0_carry__4/CO[3]
                         net (fo=1, unplaced)         0.000    12.743    u_lin_approx/unnormalized_res0_carry__4_n_0
                         CARRY4 (Prop_carry4_CI_CO[3])
                                                      0.117    12.860 r  u_lin_approx/unnormalized_res0_carry__5/CO[3]
                         net (fo=1, unplaced)         0.000    12.860    u_lin_approx/unnormalized_res0_carry__5_n_0
                         CARRY4 (Prop_carry4_CI_CO[3])
                                                      0.117    12.977 r  u_lin_approx/unnormalized_res0_carry__6/CO[3]
                         net (fo=1, unplaced)         0.000    12.977    u_lin_approx/unnormalized_res0_carry__6_n_0
                         CARRY4 (Prop_carry4_CI_O[2])
                                                      0.256    13.233 f  u_lin_approx/unnormalized_res0_carry__7/O[2]
                         net (fo=7, unplaced)         1.149    14.382    u_lin_approx/s5_unnorm_res[41]
                         LUT6 (Prop_lut6_I1_O)        0.301    14.683 f  u_lin_approx/gen_reg_nrst.poly_exponent[0]_i_8/O
                         net (fo=3, unplaced)         0.920    15.603    u_lin_approx/gen_reg_nrst.poly_exponent[0]_i_8_n_0
                         LUT6 (Prop_lut6_I3_O)        0.124    15.727 f  u_lin_approx/gen_reg_nrst.normalized_mant[58]_i_5/O
                         net (fo=5, unplaced)         0.477    16.204    u_lin_approx/gen_reg_nrst.normalized_mant[58]_i_5_n_0
                         LUT3 (Prop_lut3_I0_O)        0.124    16.328 f  u_lin_approx/gen_reg_nrst.poly_exponent[1]_i_6/O
                         net (fo=2, unplaced)         1.122    17.450    u_lin_approx/u_coeff_rom/gen_reg_nrst.poly_exponent_reg[1]_1
                         LUT6 (Prop_lut6_I0_O)        0.124    17.574 r  u_lin_approx/u_coeff_rom/gen_reg_nrst.normalized_mant[7]_i_2/O
                         net (fo=35, unplaced)        1.184    18.758    u_lin_approx/u_coeff_rom/gen_reg_nrst.normalized_mant[7]_i_2_n_0
                         LUT6 (Prop_lut6_I1_O)        0.124    18.882 r  u_lin_approx/u_coeff_rom/gen_reg_nrst.normalized_mant[7]_i_4/O
                         net (fo=75, unplaced)        0.994    19.876    u_lin_approx/u_coeff_rom/gen_reg_nrst.normalized_mant[7]_i_4_n_0
                         LUT6 (Prop_lut6_I1_O)        0.124    20.000 r  u_lin_approx/u_coeff_rom/gen_reg_nrst.normalized_mant[57]_i_17/O
                         net (fo=1, unplaced)         1.111    21.111    u_lin_approx/u_coeff_rom/gen_reg_nrst.normalized_mant[57]_i_17_n_0
                         LUT6 (Prop_lut6_I0_O)        0.124    21.235 r  u_lin_approx/u_coeff_rom/gen_reg_nrst.normalized_mant[57]_i_4/O
                         net (fo=2, unplaced)         0.676    21.911    u_lin_approx/u_coeff_rom/gen_reg_nrst.normalized_mant[57]_i_4_n_0
                         LUT6 (Prop_lut6_I0_O)        0.124    22.035 r  u_lin_approx/u_coeff_rom/gen_reg_nrst.normalized_mant[56]_i_1/O
                         net (fo=1, unplaced)         0.000    22.035    u_normalize/gen_reg_nrst.normalized_mant_reg[58]_2[51]
                         FDRE                                         r  u_normalize/gen_reg_nrst.normalized_mant_reg[56]/D
  -------------------------------------------------------------------    -------------------

                         (clock clk rise edge)        2.000     2.000 r  
                                                      0.000     2.000 r  clk (IN)
                         net (fo=0)                   0.000     2.000    clk
                         IBUF (Prop_ibuf_I_O)         0.811     2.811 r  clk_IBUF_inst/O
                         net (fo=1, unplaced)         0.760     3.570    clk_IBUF
                         BUFG (Prop_bufg_I_O)         0.091     3.661 r  clk_IBUF_BUFG_inst/O
                         net (fo=172, unplaced)       0.439     4.100    u_normalize/clk_IBUF_BUFG
                         FDRE                                         r  u_normalize/gen_reg_nrst.normalized_mant_reg[56]/C
                         clock pessimism              0.178     4.279    
                         clock uncertainty           -0.035     4.243    
                         FDRE (Setup_fdre_C_D)        0.029     4.272    u_normalize/gen_reg_nrst.normalized_mant_reg[56]
  -------------------------------------------------------------------
                         required time                          4.272    
                         arrival time                         -22.035    
  -------------------------------------------------------------------
                         slack                                -17.763    

Slack (VIOLATED) :        -17.517ns  (required time - arrival time)
  Source:                 u_lin_approx/u_coeff_rom/gen_sync.data_reg_1/CLKARDCLK
                            (rising edge-triggered cell RAMB18E1 clocked by clk  {rise@0.000ns fall@1.000ns period=2.000ns})
  Destination:            u_normalize/gen_reg_nrst.normalized_mant_reg[57]/D
                            (rising edge-triggered cell FDRE clocked by clk  {rise@0.000ns fall@1.000ns period=2.000ns})
  Path Group:             clk
  Path Type:              Setup (Max at Slow Process Corner)
  Requirement:            2.000ns  (clk rise@2.000ns - clk rise@0.000ns)
  Data Path Delay:        19.365ns  (logic 10.324ns (53.312%)  route 9.041ns (46.689%))
  Logic Levels:           15  (CARRY4=4 DSP48E1=2 LUT1=1 LUT3=1 LUT6=7)
  Clock Path Skew:        -0.145ns (DCD - SCD + CPR)
    Destination Clock Delay (DCD):    2.100ns = ( 4.100 - 2.000 ) 
    Source Clock Delay      (SCD):    2.424ns
    Clock Pessimism Removal (CPR):    0.178ns
  Clock Uncertainty:      0.035ns  ((TSJ^2 + TIJ^2)^1/2 + DJ) / 2 + PE
    Total System Jitter     (TSJ):    0.071ns
    Total Input Jitter      (TIJ):    0.000ns
    Discrete Jitter          (DJ):    0.000ns
    Phase Error              (PE):    0.000ns

    Location             Delay type                Incr(ns)  Path(ns)    Netlist Resource(s)
  -------------------------------------------------------------------    -------------------
                         (clock clk rise edge)        0.000     0.000 r  
                                                      0.000     0.000 r  clk (IN)
                         net (fo=0)                   0.000     0.000    clk
                         IBUF (Prop_ibuf_I_O)         0.944     0.944 r  clk_IBUF_inst/O
                         net (fo=1, unplaced)         0.800     1.744    clk_IBUF
                         BUFG (Prop_bufg_I_O)         0.096     1.840 r  clk_IBUF_BUFG_inst/O
                         net (fo=172, unplaced)       0.584     2.424    u_lin_approx/u_coeff_rom/clk_IBUF_BUFG
                         RAMB18E1                                     r  u_lin_approx/u_coeff_rom/gen_sync.data_reg_1/CLKARDCLK
  -------------------------------------------------------------------    -------------------
                         RAMB18E1 (Prop_ramb18e1_CLKARDCLK_DOADO[3])
                                                      2.454     4.878 r  u_lin_approx/u_coeff_rom/gen_sync.data_reg_1/DOADO[3]
                         net (fo=5, unplaced)         0.800     5.677    u_lin_approx/p_0_in[58]
                         DSP48E1 (Prop_dsp48e1_A[20]_PCOUT[47])
                                                      4.036     9.713 r  u_lin_approx/ax_core_comb/PCOUT[47]
                         net (fo=1, unplaced)         0.055     9.768    u_lin_approx/ax_core_comb_n_106
                         DSP48E1 (Prop_dsp48e1_PCIN[47]_P[3])
                                                      1.518    11.286 f  u_lin_approx/ax_core_comb__0/P[3]
                         net (fo=1, unplaced)         0.800    12.086    u_lin_approx/ax_core_comb__0_n_102
                         LUT1 (Prop_lut1_I0_O)        0.124    12.210 r  u_lin_approx/unnormalized_res0_carry__4_i_3/O
                         net (fo=1, unplaced)         0.000    12.210    u_lin_approx/p_0_in__0[28]
                         CARRY4 (Prop_carry4_S[1]_CO[3])
                                                      0.533    12.743 r  u_lin_approx/unnormalized_res0_carry__4/CO[3]
                         net (fo=1, unplaced)         0.000    12.743    u_lin_approx/unnormalized_res0_carry__4_n_0
                         CARRY4 (Prop_carry4_CI_CO[3])
                                                      0.117    12.860 r  u_lin_approx/unnormalized_res0_carry__5/CO[3]
                         net (fo=1, unplaced)         0.000    12.860    u_lin_approx/unnormalized_res0_carry__5_n_0
                         CARRY4 (Prop_carry4_CI_CO[3])
                                                      0.117    12.977 r  u_lin_approx/unnormalized_res0_carry__6/CO[3]
                         net (fo=1, unplaced)         0.000    12.977    u_lin_approx/unnormalized_res0_carry__6_n_0
                         CARRY4 (Prop_carry4_CI_O[2])
                                                      0.256    13.233 f  u_lin_approx/unnormalized_res0_carry__7/O[2]
                         net (fo=7, unplaced)         1.149    14.382    u_lin_approx/s5_unnorm_res[41]
                         LUT6 (Prop_lut6_I1_O)        0.301    14.683 f  u_lin_approx/gen_reg_nrst.poly_exponent[0]_i_8/O
                         net (fo=3, unplaced)         0.920    15.603    u_lin_approx/gen_reg_nrst.poly_exponent[0]_i_8_n_0
                         LUT6 (Prop_lut6_I3_O)        0.124    15.727 f  u_lin_approx/gen_reg_nrst.normalized_mant[58]_i_5/O
                         net (fo=5, unplaced)         0.477    16.204    u_lin_approx/gen_reg_nrst.normalized_mant[58]_i_5_n_0
                         LUT3 (Prop_lut3_I0_O)        0.124    16.328 f  u_lin_approx/gen_reg_nrst.poly_exponent[1]_i_6/O
                         net (fo=2, unplaced)         1.122    17.450    u_lin_approx/u_coeff_rom/gen_reg_nrst.poly_exponent_reg[1]_1
                         LUT6 (Prop_lut6_I0_O)        0.124    17.574 r  u_lin_approx/u_coeff_rom/gen_reg_nrst.normalized_mant[7]_i_2/O
                         net (fo=35, unplaced)        1.184    18.758    u_lin_approx/u_coeff_rom/gen_reg_nrst.normalized_mant[7]_i_2_n_0
                         LUT6 (Prop_lut6_I1_O)        0.124    18.882 r  u_lin_approx/u_coeff_rom/gen_reg_nrst.normalized_mant[7]_i_4/O
                         net (fo=75, unplaced)        0.994    19.876    u_lin_approx/u_coeff_rom/gen_reg_nrst.normalized_mant[7]_i_4_n_0
                         LUT6 (Prop_lut6_I1_O)        0.124    20.000 r  u_lin_approx/u_coeff_rom/gen_reg_nrst.normalized_mant[57]_i_17/O
                         net (fo=1, unplaced)         1.111    21.111    u_lin_approx/u_coeff_rom/gen_reg_nrst.normalized_mant[57]_i_17_n_0
                         LUT6 (Prop_lut6_I0_O)        0.124    21.235 r  u_lin_approx/u_coeff_rom/gen_reg_nrst.normalized_mant[57]_i_4/O
                         net (fo=2, unplaced)         0.430    21.665    u_lin_approx/u_coeff_rom/gen_reg_nrst.normalized_mant[57]_i_4_n_0
                         LUT6 (Prop_lut6_I2_O)        0.124    21.789 r  u_lin_approx/u_coeff_rom/gen_reg_nrst.normalized_mant[57]_i_1/O
                         net (fo=1, unplaced)         0.000    21.789    u_normalize/gen_reg_nrst.normalized_mant_reg[58]_2[52]
                         FDRE                                         r  u_normalize/gen_reg_nrst.normalized_mant_reg[57]/D
  -------------------------------------------------------------------    -------------------

                         (clock clk rise edge)        2.000     2.000 r  
                                                      0.000     2.000 r  clk (IN)
                         net (fo=0)                   0.000     2.000    clk
                         IBUF (Prop_ibuf_I_O)         0.811     2.811 r  clk_IBUF_inst/O
                         net (fo=1, unplaced)         0.760     3.570    clk_IBUF
                         BUFG (Prop_bufg_I_O)         0.091     3.661 r  clk_IBUF_BUFG_inst/O
                         net (fo=172, unplaced)       0.439     4.100    u_normalize/clk_IBUF_BUFG
                         FDRE                                         r  u_normalize/gen_reg_nrst.normalized_mant_reg[57]/C
                         clock pessimism              0.178     4.279    
                         clock uncertainty           -0.035     4.243    
                         FDRE (Setup_fdre_C_D)        0.029     4.272    u_normalize/gen_reg_nrst.normalized_mant_reg[57]
  -------------------------------------------------------------------
                         required time                          4.272    
                         arrival time                         -21.789    
  -------------------------------------------------------------------
                         slack                                -17.517    

Slack (VIOLATED) :        -17.375ns  (required time - arrival time)
  Source:                 u_lin_approx/u_coeff_rom/gen_sync.data_reg_1/CLKARDCLK
                            (rising edge-triggered cell RAMB18E1 clocked by clk  {rise@0.000ns fall@1.000ns period=2.000ns})
  Destination:            u_normalize/gen_reg_nrst.normalized_mant_reg[29]/D
                            (rising edge-triggered cell FDRE clocked by clk  {rise@0.000ns fall@1.000ns period=2.000ns})
  Path Group:             clk
  Path Type:              Setup (Max at Slow Process Corner)
  Requirement:            2.000ns  (clk rise@2.000ns - clk rise@0.000ns)
  Data Path Delay:        19.223ns  (logic 10.324ns (53.705%)  route 8.899ns (46.295%))
  Logic Levels:           15  (CARRY4=4 DSP48E1=2 LUT1=1 LUT3=1 LUT4=1 LUT5=1 LUT6=5)
  Clock Path Skew:        -0.145ns (DCD - SCD + CPR)
    Destination Clock Delay (DCD):    2.100ns = ( 4.100 - 2.000 ) 
    Source Clock Delay      (SCD):    2.424ns
    Clock Pessimism Removal (CPR):    0.178ns
  Clock Uncertainty:      0.035ns  ((TSJ^2 + TIJ^2)^1/2 + DJ) / 2 + PE
    Total System Jitter     (TSJ):    0.071ns
    Total Input Jitter      (TIJ):    0.000ns
    Discrete Jitter          (DJ):    0.000ns
    Phase Error              (PE):    0.000ns

    Location             Delay type                Incr(ns)  Path(ns)    Netlist Resource(s)
  -------------------------------------------------------------------    -------------------
                         (clock clk rise edge)        0.000     0.000 r  
                                                      0.000     0.000 r  clk (IN)
                         net (fo=0)                   0.000     0.000    clk
                         IBUF (Prop_ibuf_I_O)         0.944     0.944 r  clk_IBUF_inst/O
                         net (fo=1, unplaced)         0.800     1.744    clk_IBUF
                         BUFG (Prop_bufg_I_O)         0.096     1.840 r  clk_IBUF_BUFG_inst/O
                         net (fo=172, unplaced)       0.584     2.424    u_lin_approx/u_coeff_rom/clk_IBUF_BUFG
                         RAMB18E1                                     r  u_lin_approx/u_coeff_rom/gen_sync.data_reg_1/CLKARDCLK
  -------------------------------------------------------------------    -------------------
                         RAMB18E1 (Prop_ramb18e1_CLKARDCLK_DOADO[3])
                                                      2.454     4.878 r  u_lin_approx/u_coeff_rom/gen_sync.data_reg_1/DOADO[3]
                         net (fo=5, unplaced)         0.800     5.677    u_lin_approx/p_0_in[58]
                         DSP48E1 (Prop_dsp48e1_A[20]_PCOUT[47])
                                                      4.036     9.713 r  u_lin_approx/ax_core_comb/PCOUT[47]
                         net (fo=1, unplaced)         0.055     9.768    u_lin_approx/ax_core_comb_n_106
                         DSP48E1 (Prop_dsp48e1_PCIN[47]_P[3])
                                                      1.518    11.286 f  u_lin_approx/ax_core_comb__0/P[3]
                         net (fo=1, unplaced)         0.800    12.086    u_lin_approx/ax_core_comb__0_n_102
                         LUT1 (Prop_lut1_I0_O)        0.124    12.210 r  u_lin_approx/unnormalized_res0_carry__4_i_3/O
                         net (fo=1, unplaced)         0.000    12.210    u_lin_approx/p_0_in__0[28]
                         CARRY4 (Prop_carry4_S[1]_CO[3])
                                                      0.533    12.743 r  u_lin_approx/unnormalized_res0_carry__4/CO[3]
                         net (fo=1, unplaced)         0.000    12.743    u_lin_approx/unnormalized_res0_carry__4_n_0
                         CARRY4 (Prop_carry4_CI_CO[3])
                                                      0.117    12.860 r  u_lin_approx/unnormalized_res0_carry__5/CO[3]
                         net (fo=1, unplaced)         0.000    12.860    u_lin_approx/unnormalized_res0_carry__5_n_0
                         CARRY4 (Prop_carry4_CI_CO[3])
                                                      0.117    12.977 r  u_lin_approx/unnormalized_res0_carry__6/CO[3]
                         net (fo=1, unplaced)         0.000    12.977    u_lin_approx/unnormalized_res0_carry__6_n_0
                         CARRY4 (Prop_carry4_CI_O[2])
                                                      0.256    13.233 r  u_lin_approx/unnormalized_res0_carry__7/O[2]
                         net (fo=7, unplaced)         1.149    14.382    u_lin_approx/s5_unnorm_res[41]
                         LUT6 (Prop_lut6_I1_O)        0.301    14.683 r  u_lin_approx/gen_reg_nrst.poly_exponent[0]_i_8/O
                         net (fo=3, unplaced)         0.920    15.603    u_lin_approx/gen_reg_nrst.poly_exponent[0]_i_8_n_0
                         LUT6 (Prop_lut6_I3_O)        0.124    15.727 r  u_lin_approx/gen_reg_nrst.normalized_mant[58]_i_5/O
                         net (fo=5, unplaced)         0.477    16.204    u_lin_approx/gen_reg_nrst.normalized_mant[58]_i_5_n_0
                         LUT3 (Prop_lut3_I0_O)        0.124    16.328 r  u_lin_approx/gen_reg_nrst.poly_exponent[1]_i_6/O
                         net (fo=2, unplaced)         1.122    17.450    u_lin_approx/u_coeff_rom/gen_reg_nrst.poly_exponent_reg[1]_1
                         LUT6 (Prop_lut6_I0_O)        0.124    17.574 f  u_lin_approx/u_coeff_rom/gen_reg_nrst.normalized_mant[7]_i_2/O
                         net (fo=35, unplaced)        1.184    18.758    u_lin_approx/u_coeff_rom/gen_reg_nrst.normalized_mant[7]_i_2_n_0
                         LUT6 (Prop_lut6_I1_O)        0.124    18.882 f  u_lin_approx/u_coeff_rom/gen_reg_nrst.normalized_mant[7]_i_4/O
                         net (fo=75, unplaced)        0.541    19.423    u_lin_approx/u_coeff_rom/gen_reg_nrst.normalized_mant[7]_i_4_n_0
                         LUT4 (Prop_lut4_I3_O)        0.124    19.547 r  u_lin_approx/u_coeff_rom/gen_reg_nrst.normalized_mant[44]_i_3/O
                         net (fo=4, unplaced)         0.926    20.473    u_lin_approx/u_coeff_rom/gen_reg_nrst.normalized_mant[44]_i_3_n_0
                         LUT6 (Prop_lut6_I2_O)        0.124    20.597 r  u_lin_approx/u_coeff_rom/gen_reg_nrst.normalized_mant[32]_i_2/O
                         net (fo=4, unplaced)         0.926    21.523    u_lin_approx/u_coeff_rom/gen_reg_nrst.normalized_mant[32]_i_2_n_0
                         LUT5 (Prop_lut5_I0_O)        0.124    21.647 r  u_lin_approx/u_coeff_rom/gen_reg_nrst.normalized_mant[29]_i_1/O
                         net (fo=1, unplaced)         0.000    21.647    u_normalize/gen_reg_nrst.normalized_mant_reg[58]_2[24]
                         FDRE                                         r  u_normalize/gen_reg_nrst.normalized_mant_reg[29]/D
  -------------------------------------------------------------------    -------------------

                         (clock clk rise edge)        2.000     2.000 r  
                                                      0.000     2.000 r  clk (IN)
                         net (fo=0)                   0.000     2.000    clk
                         IBUF (Prop_ibuf_I_O)         0.811     2.811 r  clk_IBUF_inst/O
                         net (fo=1, unplaced)         0.760     3.570    clk_IBUF
                         BUFG (Prop_bufg_I_O)         0.091     3.661 r  clk_IBUF_BUFG_inst/O
                         net (fo=172, unplaced)       0.439     4.100    u_normalize/clk_IBUF_BUFG
                         FDRE                                         r  u_normalize/gen_reg_nrst.normalized_mant_reg[29]/C
                         clock pessimism              0.178     4.279    
                         clock uncertainty           -0.035     4.243    
                         FDRE (Setup_fdre_C_D)        0.029     4.272    u_normalize/gen_reg_nrst.normalized_mant_reg[29]
  -------------------------------------------------------------------
                         required time                          4.272    
                         arrival time                         -21.647    
  -------------------------------------------------------------------
                         slack                                -17.375    




