Copyright 1986-2022 Xilinx, Inc. All Rights Reserved. Copyright 2022-2025 Advanced Micro Devices, Inc. All Rights Reserved.
--------------------------------------------------------------------------------------------------------------------------------------------------------------------------------------------------------------
| Tool Version : Vivado v.2025.2 (lin64) Build 6299465 Fri Nov 14 12:34:56 MST 2025
| Date         : Sun Aug  2 11:38:47 2026
| Host         : radoslaw-feiglewicz running 64-bit Ubuntu 24.04.2 LTS
| Command      : report_timing -max_paths 3 -unique_pins -delay_type max -file /home/radoslaw-feiglewicz/Pulpit/Git_projects/exp_eval_benchmarks/ai_math_modeling/build/vivado_compare/crit_exp2_baseline.rpt
| Design       : bf16_exp2
| Device       : 7a200t-fbg484
| Speed File   : -1  PRODUCTION 1.23 2018-06-13
| Design State : Synthesized
--------------------------------------------------------------------------------------------------------------------------------------------------------------------------------------------------------------

Timing Report

Slack (VIOLATED) :        -18.442ns  (required time - arrival time)
  Source:                 u_lin_approx/u_coeff_rom/gen_sync.data_reg_1/CLKARDCLK
                            (rising edge-triggered cell RAMB18E1 clocked by clk  {rise@0.000ns fall@1.000ns period=2.000ns})
  Destination:            u_normalize/gen_reg.normalized_mant_reg[37]/D
                            (rising edge-triggered cell FDCE clocked by clk  {rise@0.000ns fall@1.000ns period=2.000ns})
  Path Group:             clk
  Path Type:              Setup (Max at Slow Process Corner)
  Requirement:            2.000ns  (clk rise@2.000ns - clk rise@0.000ns)
  Data Path Delay:        20.290ns  (logic 11.302ns (55.701%)  route 8.988ns (44.299%))
  Logic Levels:           17  (CARRY4=5 DSP48E1=2 LUT2=2 LUT4=1 LUT5=2 LUT6=5)
  Clock Path Skew:        -0.145ns (DCD - SCD + CPR)
    Destination Clock Delay (DCD):    2.100ns = ( 4.100 - 2.000 ) 
    Source Clock Delay      (SCD):    2.424ns
    Clock Pessimism Removal (CPR):    0.178ns
  Clock Uncertainty:      0.035ns  ((TSJ^2 + TIJ^2)^1/2 + DJ) / 2 + PE
    Total System Jitter     (TSJ):    0.071ns
    Total Input Jitter      (TIJ):    0.000ns
    Discrete Jitter          (DJ):    0.000ns
    Phase Error              (PE):    0.000ns

    Location             Delay type                Incr(ns)  Path(ns)    Netlist Resource(s)
  -------------------------------------------------------------------    -------------------
                         (clock clk rise edge)        0.000     0.000 r  
                                                      0.000     0.000 r  clk (IN)
                         net (fo=0)                   0.000     0.000    clk
                         IBUF (Prop_ibuf_I_O)         0.944     0.944 r  clk_IBUF_inst/O
                         net (fo=1, unplaced)         0.800     1.744    clk_IBUF
                         BUFG (Prop_bufg_I_O)         0.096     1.840 r  clk_IBUF_BUFG_inst/O
                         net (fo=255, unplaced)       0.584     2.424    u_lin_approx/u_coeff_rom/clk_IBUF_BUFG
                         RAMB18E1                                     r  u_lin_approx/u_coeff_rom/gen_sync.data_reg_1/CLKARDCLK
  -------------------------------------------------------------------    -------------------
                         RAMB18E1 (Prop_ramb18e1_CLKARDCLK_DOADO[3])
                                                      2.454     4.878 r  u_lin_approx/u_coeff_rom/gen_sync.data_reg_1/DOADO[3]
                         net (fo=5, unplaced)         0.800     5.677    u_lin_approx/p_0_in[58]
                         DSP48E1 (Prop_dsp48e1_A[20]_PCOUT[47])
                                                      4.036     9.713 r  u_lin_approx/ax_core_comb__0/PCOUT[47]
                         net (fo=1, unplaced)         0.055     9.768    u_lin_approx/ax_core_comb__0_n_106
                         DSP48E1 (Prop_dsp48e1_PCIN[47]_P[17])
                                                      1.518    11.286 r  u_lin_approx/ax_core_comb__1/P[17]
                         net (fo=2, unplaced)         0.800    12.086    u_lin_approx/ax_core_comb__1_n_88
                         LUT2 (Prop_lut2_I0_O)        0.124    12.210 r  u_lin_approx/ax_core_comb_carry_i_3/O
                         net (fo=1, unplaced)         0.000    12.210    u_lin_approx/ax_core_comb_carry_i_3_n_0
                         CARRY4 (Prop_carry4_S[1]_CO[3])
                                                      0.533    12.743 r  u_lin_approx/ax_core_comb_carry/CO[3]
                         net (fo=1, unplaced)         0.009    12.752    u_lin_approx/ax_core_comb_carry_n_0
                         CARRY4 (Prop_carry4_CI_CO[3])
                                                      0.117    12.869 r  u_lin_approx/ax_core_comb_carry__0/CO[3]
                         net (fo=1, unplaced)         0.000    12.869    u_lin_approx/ax_core_comb_carry__0_n_0
                         CARRY4 (Prop_carry4_CI_O[3])
                                                      0.331    13.200 r  u_lin_approx/ax_core_comb_carry__1/O[3]
                         net (fo=1, unplaced)         0.618    13.818    u_lin_approx/u_coeff_rom/ax_core_comb__2[6]
                         LUT2 (Prop_lut2_I1_O)        0.307    14.125 r  u_lin_approx/u_coeff_rom/unnormalized_res0_carry__9_i_1/O
                         net (fo=1, unplaced)         0.000    14.125    u_lin_approx/u_coeff_rom_n_51
                         CARRY4 (Prop_carry4_S[3]_CO[3])
                                                      0.376    14.501 r  u_lin_approx/unnormalized_res0_carry__9/CO[3]
                         net (fo=1, unplaced)         0.000    14.501    u_lin_approx/unnormalized_res0_carry__9_n_0
                         CARRY4 (Prop_carry4_CI_O[3])
                                                      0.331    14.832 r  u_lin_approx/unnormalized_res0_carry__10/O[3]
                         net (fo=4, unplaced)         0.992    15.824    u_lin_approx/s5_unnorm_res[48]
                         LUT6 (Prop_lut6_I1_O)        0.307    16.131 r  u_lin_approx/gen_reg.normalized_mant[58]_i_7/O
                         net (fo=7, unplaced)         0.484    16.615    u_lin_approx/gen_reg.normalized_mant[58]_i_7_n_0
                         LUT6 (Prop_lut6_I0_O)        0.124    16.739 r  u_lin_approx/gen_reg.normalized_mant[58]_i_2/O
                         net (fo=11, unplaced)        0.495    17.234    u_lin_approx/gen_reg.normalized_mant[58]_i_2_n_0
                         LUT4 (Prop_lut4_I3_O)        0.124    17.358 f  u_lin_approx/gen_reg.poly_exponent[1]_i_2/O
                         net (fo=1, unplaced)         0.902    18.260    u_lin_approx/u_coeff_rom/gen_reg.poly_exponent_reg[1]
                         LUT6 (Prop_lut6_I1_O)        0.124    18.384 r  u_lin_approx/u_coeff_rom/gen_reg.poly_exponent[1]_i_1/O
                         net (fo=102, unplaced)       1.002    19.386    u_lin_approx/u_coeff_rom/gen_reg.poly_exponent[1]_i_6_0
                         LUT5 (Prop_lut5_I1_O)        0.124    19.510 r  u_lin_approx/u_coeff_rom/gen_reg.normalized_mant[11]_i_4/O
                         net (fo=72, unplaced)        0.993    20.503    u_lin_approx/u_coeff_rom/gen_reg.normalized_mant[11]_i_4_n_0
                         LUT6 (Prop_lut6_I3_O)        0.124    20.627 r  u_lin_approx/u_coeff_rom/gen_reg.normalized_mant[39]_i_3/O
                         net (fo=4, unplaced)         0.926    21.553    u_lin_approx/u_coeff_rom/gen_reg.normalized_mant[39]_i_3_n_0
                         LUT6 (Prop_lut6_I3_O)        0.124    21.677 r  u_lin_approx/u_coeff_rom/gen_reg.normalized_mant[37]_i_2/O
                         net (fo=2, unplaced)         0.913    22.590    u_lin_approx/u_coeff_rom/gen_reg.normalized_mant[37]_i_2_n_0
                         LUT5 (Prop_lut5_I0_O)        0.124    22.714 r  u_lin_approx/u_coeff_rom/gen_reg.normalized_mant[37]_i_1/O
                         net (fo=1, unplaced)         0.000    22.714    u_normalize/D[37]
                         FDCE                                         r  u_normalize/gen_reg.normalized_mant_reg[37]/D
  -------------------------------------------------------------------    -------------------

                         (clock clk rise edge)        2.000     2.000 r  
                                                      0.000     2.000 r  clk (IN)
                         net (fo=0)                   0.000     2.000    clk
                         IBUF (Prop_ibuf_I_O)         0.811     2.811 r  clk_IBUF_inst/O
                         net (fo=1, unplaced)         0.760     3.570    clk_IBUF
                         BUFG (Prop_bufg_I_O)         0.091     3.661 r  clk_IBUF_BUFG_inst/O
                         net (fo=255, unplaced)       0.439     4.100    u_normalize/clk_IBUF_BUFG
                         FDCE                                         r  u_normalize/gen_reg.normalized_mant_reg[37]/C
                         clock pessimism              0.178     4.279    
                         clock uncertainty           -0.035     4.243    
                         FDCE (Setup_fdce_C_D)        0.029     4.272    u_normalize/gen_reg.normalized_mant_reg[37]
  -------------------------------------------------------------------
                         required time                          4.272    
                         arrival time                         -22.714    
  -------------------------------------------------------------------
                         slack                                -18.442    

Slack (VIOLATED) :        -18.002ns  (required time - arrival time)
  Source:                 u_lin_approx/u_coeff_rom/gen_sync.data_reg_1/CLKARDCLK
                            (rising edge-triggered cell RAMB18E1 clocked by clk  {rise@0.000ns fall@1.000ns period=2.000ns})
  Destination:            u_normalize/gen_reg.normalized_mant_reg[44]/D
                            (rising edge-triggered cell FDCE clocked by clk  {rise@0.000ns fall@1.000ns period=2.000ns})
  Path Group:             clk
  Path Type:              Setup (Max at Slow Process Corner)
  Requirement:            2.000ns  (clk rise@2.000ns - clk rise@0.000ns)
  Data Path Delay:        19.850ns  (logic 11.302ns (56.936%)  route 8.548ns (43.064%))
  Logic Levels:           17  (CARRY4=5 DSP48E1=2 LUT2=2 LUT4=1 LUT5=2 LUT6=5)
  Clock Path Skew:        -0.145ns (DCD - SCD + CPR)
    Destination Clock Delay (DCD):    2.100ns = ( 4.100 - 2.000 ) 
    Source Clock Delay      (SCD):    2.424ns
    Clock Pessimism Removal (CPR):    0.178ns
  Clock Uncertainty:      0.035ns  ((TSJ^2 + TIJ^2)^1/2 + DJ) / 2 + PE
    Total System Jitter     (TSJ):    0.071ns
    Total Input Jitter      (TIJ):    0.000ns
    Discrete Jitter          (DJ):    0.000ns
    Phase Error              (PE):    0.000ns

    Location             Delay type                Incr(ns)  Path(ns)    Netlist Resource(s)
  -------------------------------------------------------------------    -------------------
                         (clock clk rise edge)        0.000     0.000 r  
                                                      0.000     0.000 r  clk (IN)
                         net (fo=0)                   0.000     0.000    clk
                         IBUF (Prop_ibuf_I_O)         0.944     0.944 r  clk_IBUF_inst/O
                         net (fo=1, unplaced)         0.800     1.744    clk_IBUF
                         BUFG (Prop_bufg_I_O)         0.096     1.840 r  clk_IBUF_BUFG_inst/O
                         net (fo=255, unplaced)       0.584     2.424    u_lin_approx/u_coeff_rom/clk_IBUF_BUFG
                         RAMB18E1                                     r  u_lin_approx/u_coeff_rom/gen_sync.data_reg_1/CLKARDCLK
  -------------------------------------------------------------------    -------------------
                         RAMB18E1 (Prop_ramb18e1_CLKARDCLK_DOADO[3])
                                                      2.454     4.878 r  u_lin_approx/u_coeff_rom/gen_sync.data_reg_1/DOADO[3]
                         net (fo=5, unplaced)         0.800     5.677    u_lin_approx/p_0_in[58]
                         DSP48E1 (Prop_dsp48e1_A[20]_PCOUT[47])
                                                      4.036     9.713 r  u_lin_approx/ax_core_comb__0/PCOUT[47]
                         net (fo=1, unplaced)         0.055     9.768    u_lin_approx/ax_core_comb__0_n_106
                         DSP48E1 (Prop_dsp48e1_PCIN[47]_P[17])
                                                      1.518    11.286 r  u_lin_approx/ax_core_comb__1/P[17]
                         net (fo=2, unplaced)         0.800    12.086    u_lin_approx/ax_core_comb__1_n_88
                         LUT2 (Prop_lut2_I0_O)        0.124    12.210 r  u_lin_approx/ax_core_comb_carry_i_3/O
                         net (fo=1, unplaced)         0.000    12.210    u_lin_approx/ax_core_comb_carry_i_3_n_0
                         CARRY4 (Prop_carry4_S[1]_CO[3])
                                                      0.533    12.743 r  u_lin_approx/ax_core_comb_carry/CO[3]
                         net (fo=1, unplaced)         0.009    12.752    u_lin_approx/ax_core_comb_carry_n_0
                         CARRY4 (Prop_carry4_CI_CO[3])
                                                      0.117    12.869 r  u_lin_approx/ax_core_comb_carry__0/CO[3]
                         net (fo=1, unplaced)         0.000    12.869    u_lin_approx/ax_core_comb_carry__0_n_0
                         CARRY4 (Prop_carry4_CI_O[3])
                                                      0.331    13.200 r  u_lin_approx/ax_core_comb_carry__1/O[3]
                         net (fo=1, unplaced)         0.618    13.818    u_lin_approx/u_coeff_rom/ax_core_comb__2[6]
                         LUT2 (Prop_lut2_I1_O)        0.307    14.125 r  u_lin_approx/u_coeff_rom/unnormalized_res0_carry__9_i_1/O
                         net (fo=1, unplaced)         0.000    14.125    u_lin_approx/u_coeff_rom_n_51
                         CARRY4 (Prop_carry4_S[3]_CO[3])
                                                      0.376    14.501 r  u_lin_approx/unnormalized_res0_carry__9/CO[3]
                         net (fo=1, unplaced)         0.000    14.501    u_lin_approx/unnormalized_res0_carry__9_n_0
                         CARRY4 (Prop_carry4_CI_O[3])
                                                      0.331    14.832 r  u_lin_approx/unnormalized_res0_carry__10/O[3]
                         net (fo=4, unplaced)         0.992    15.824    u_lin_approx/s5_unnorm_res[48]
                         LUT6 (Prop_lut6_I1_O)        0.307    16.131 r  u_lin_approx/gen_reg.normalized_mant[58]_i_7/O
                         net (fo=7, unplaced)         0.484    16.615    u_lin_approx/gen_reg.normalized_mant[58]_i_7_n_0
                         LUT6 (Prop_lut6_I0_O)        0.124    16.739 r  u_lin_approx/gen_reg.normalized_mant[58]_i_2/O
                         net (fo=11, unplaced)        0.495    17.234    u_lin_approx/gen_reg.normalized_mant[58]_i_2_n_0
                         LUT4 (Prop_lut4_I3_O)        0.124    17.358 f  u_lin_approx/gen_reg.poly_exponent[1]_i_2/O
                         net (fo=1, unplaced)         0.902    18.260    u_lin_approx/u_coeff_rom/gen_reg.poly_exponent_reg[1]
                         LUT6 (Prop_lut6_I1_O)        0.124    18.384 r  u_lin_approx/u_coeff_rom/gen_reg.poly_exponent[1]_i_1/O
                         net (fo=102, unplaced)       1.002    19.386    u_lin_approx/u_coeff_rom/gen_reg.poly_exponent[1]_i_6_0
                         LUT5 (Prop_lut5_I1_O)        0.124    19.510 r  u_lin_approx/u_coeff_rom/gen_reg.normalized_mant[11]_i_4/O
                         net (fo=72, unplaced)        0.540    20.050    u_lin_approx/u_coeff_rom/gen_reg.normalized_mant[11]_i_4_n_0
                         LUT5 (Prop_lut5_I4_O)        0.124    20.174 r  u_lin_approx/u_coeff_rom/gen_reg.normalized_mant[56]_i_3/O
                         net (fo=4, unplaced)         0.926    21.100    u_lin_approx/u_coeff_rom/gen_reg.normalized_mant[56]_i_3_n_0
                         LUT6 (Prop_lut6_I1_O)        0.124    21.224 r  u_lin_approx/u_coeff_rom/gen_reg.normalized_mant[44]_i_2/O
                         net (fo=4, unplaced)         0.926    22.150    u_lin_approx/u_coeff_rom/gen_reg.normalized_mant[44]_i_2_n_0
                         LUT6 (Prop_lut6_I1_O)        0.124    22.274 r  u_lin_approx/u_coeff_rom/gen_reg.normalized_mant[44]_i_1/O
                         net (fo=1, unplaced)         0.000    22.274    u_normalize/D[44]
                         FDCE                                         r  u_normalize/gen_reg.normalized_mant_reg[44]/D
  -------------------------------------------------------------------    -------------------

                         (clock clk rise edge)        2.000     2.000 r  
                                                      0.000     2.000 r  clk (IN)
                         net (fo=0)                   0.000     2.000    clk
                         IBUF (Prop_ibuf_I_O)         0.811     2.811 r  clk_IBUF_inst/O
                         net (fo=1, unplaced)         0.760     3.570    clk_IBUF
                         BUFG (Prop_bufg_I_O)         0.091     3.661 r  clk_IBUF_BUFG_inst/O
                         net (fo=255, unplaced)       0.439     4.100    u_normalize/clk_IBUF_BUFG
                         FDCE                                         r  u_normalize/gen_reg.normalized_mant_reg[44]/C
                         clock pessimism              0.178     4.279    
                         clock uncertainty           -0.035     4.243    
                         FDCE (Setup_fdce_C_D)        0.029     4.272    u_normalize/gen_reg.normalized_mant_reg[44]
  -------------------------------------------------------------------
                         required time                          4.272    
                         arrival time                         -22.274    
  -------------------------------------------------------------------
                         slack                                -18.002    

Slack (VIOLATED) :        -18.002ns  (required time - arrival time)
  Source:                 u_lin_approx/u_coeff_rom/gen_sync.data_reg_1/CLKARDCLK
                            (rising edge-triggered cell RAMB18E1 clocked by clk  {rise@0.000ns fall@1.000ns period=2.000ns})
  Destination:            u_normalize/gen_reg.normalized_mant_reg[45]/D
                            (rising edge-triggered cell FDCE clocked by clk  {rise@0.000ns fall@1.000ns period=2.000ns})
  Path Group:             clk
  Path Type:              Setup (Max at Slow Process Corner)
  Requirement:            2.000ns  (clk rise@2.000ns - clk rise@0.000ns)
  Data Path Delay:        19.850ns  (logic 11.302ns (56.936%)  route 8.548ns (43.064%))
  Logic Levels:           17  (CARRY4=5 DSP48E1=2 LUT2=2 LUT4=1 LUT5=2 LUT6=5)
  Clock Path Skew:        -0.145ns (DCD - SCD + CPR)
    Destination Clock Delay (DCD):    2.100ns = ( 4.100 - 2.000 ) 
    Source Clock Delay      (SCD):    2.424ns
    Clock Pessimism Removal (CPR):    0.178ns
  Clock Uncertainty:      0.035ns  ((TSJ^2 + TIJ^2)^1/2 + DJ) / 2 + PE
    Total System Jitter     (TSJ):    0.071ns
    Total Input Jitter      (TIJ):    0.000ns
    Discrete Jitter          (DJ):    0.000ns
    Phase Error              (PE):    0.000ns

    Location             Delay type                Incr(ns)  Path(ns)    Netlist Resource(s)
  -------------------------------------------------------------------    -------------------
                         (clock clk rise edge)        0.000     0.000 r  
                                                      0.000     0.000 r  clk (IN)
                         net (fo=0)                   0.000     0.000    clk
                         IBUF (Prop_ibuf_I_O)         0.944     0.944 r  clk_IBUF_inst/O
                         net (fo=1, unplaced)         0.800     1.744    clk_IBUF
                         BUFG (Prop_bufg_I_O)         0.096     1.840 r  clk_IBUF_BUFG_inst/O
                         net (fo=255, unplaced)       0.584     2.424    u_lin_approx/u_coeff_rom/clk_IBUF_BUFG
                         RAMB18E1                                     r  u_lin_approx/u_coeff_rom/gen_sync.data_reg_1/CLKARDCLK
  -------------------------------------------------------------------    -------------------
                         RAMB18E1 (Prop_ramb18e1_CLKARDCLK_DOADO[3])
                                                      2.454     4.878 r  u_lin_approx/u_coeff_rom/gen_sync.data_reg_1/DOADO[3]
                         net (fo=5, unplaced)         0.800     5.677    u_lin_approx/p_0_in[58]
                         DSP48E1 (Prop_dsp48e1_A[20]_PCOUT[47])
                                                      4.036     9.713 r  u_lin_approx/ax_core_comb__0/PCOUT[47]
                         net (fo=1, unplaced)         0.055     9.768    u_lin_approx/ax_core_comb__0_n_106
                         DSP48E1 (Prop_dsp48e1_PCIN[47]_P[17])
                                                      1.518    11.286 r  u_lin_approx/ax_core_comb__1/P[17]
                         net (fo=2, unplaced)         0.800    12.086    u_lin_approx/ax_core_comb__1_n_88
                         LUT2 (Prop_lut2_I0_O)        0.124    12.210 r  u_lin_approx/ax_core_comb_carry_i_3/O
                         net (fo=1, unplaced)         0.000    12.210    u_lin_approx/ax_core_comb_carry_i_3_n_0
                         CARRY4 (Prop_carry4_S[1]_CO[3])
                                                      0.533    12.743 r  u_lin_approx/ax_core_comb_carry/CO[3]
                         net (fo=1, unplaced)         0.009    12.752    u_lin_approx/ax_core_comb_carry_n_0
                         CARRY4 (Prop_carry4_CI_CO[3])
                                                      0.117    12.869 r  u_lin_approx/ax_core_comb_carry__0/CO[3]
                         net (fo=1, unplaced)         0.000    12.869    u_lin_approx/ax_core_comb_carry__0_n_0
                         CARRY4 (Prop_carry4_CI_O[3])
                                                      0.331    13.200 r  u_lin_approx/ax_core_comb_carry__1/O[3]
                         net (fo=1, unplaced)         0.618    13.818    u_lin_approx/u_coeff_rom/ax_core_comb__2[6]
                         LUT2 (Prop_lut2_I1_O)        0.307    14.125 r  u_lin_approx/u_coeff_rom/unnormalized_res0_carry__9_i_1/O
                         net (fo=1, unplaced)         0.000    14.125    u_lin_approx/u_coeff_rom_n_51
                         CARRY4 (Prop_carry4_S[3]_CO[3])
                                                      0.376    14.501 r  u_lin_approx/unnormalized_res0_carry__9/CO[3]
                         net (fo=1, unplaced)         0.000    14.501    u_lin_approx/unnormalized_res0_carry__9_n_0
                         CARRY4 (Prop_carry4_CI_O[3])
                                                      0.331    14.832 r  u_lin_approx/unnormalized_res0_carry__10/O[3]
                         net (fo=4, unplaced)         0.992    15.824    u_lin_approx/s5_unnorm_res[48]
                         LUT6 (Prop_lut6_I1_O)        0.307    16.131 r  u_lin_approx/gen_reg.normalized_mant[58]_i_7/O
                         net (fo=7, unplaced)         0.484    16.615    u_lin_approx/gen_reg.normalized_mant[58]_i_7_n_0
                         LUT6 (Prop_lut6_I0_O)        0.124    16.739 r  u_lin_approx/gen_reg.normalized_mant[58]_i_2/O
                         net (fo=11, unplaced)        0.495    17.234    u_lin_approx/gen_reg.normalized_mant[58]_i_2_n_0
                         LUT4 (Prop_lut4_I3_O)        0.124    17.358 f  u_lin_approx/gen_reg.poly_exponent[1]_i_2/O
                         net (fo=1, unplaced)         0.902    18.260    u_lin_approx/u_coeff_rom/gen_reg.poly_exponent_reg[1]
                         LUT6 (Prop_lut6_I1_O)        0.124    18.384 r  u_lin_approx/u_coeff_rom/gen_reg.poly_exponent[1]_i_1/O
                         net (fo=102, unplaced)       1.002    19.386    u_lin_approx/u_coeff_rom/gen_reg.poly_exponent[1]_i_6_0
                         LUT5 (Prop_lut5_I1_O)        0.124    19.510 r  u_lin_approx/u_coeff_rom/gen_reg.normalized_mant[11]_i_4/O
                         net (fo=72, unplaced)        0.540    20.050    u_lin_approx/u_coeff_rom/gen_reg.normalized_mant[11]_i_4_n_0
                         LUT5 (Prop_lut5_I4_O)        0.124    20.174 r  u_lin_approx/u_coeff_rom/gen_reg.normalized_mant[57]_i_24/O
                         net (fo=4, unplaced)         0.926    21.100    u_lin_approx/u_coeff_rom/gen_reg.normalized_mant[57]_i_24_n_0
                         LUT6 (Prop_lut6_I1_O)        0.124    21.224 r  u_lin_approx/u_coeff_rom/gen_reg.normalized_mant[45]_i_2/O
                         net (fo=4, unplaced)         0.926    22.150    u_lin_approx/u_coeff_rom/gen_reg.normalized_mant[45]_i_2_n_0
                         LUT6 (Prop_lut6_I1_O)        0.124    22.274 r  u_lin_approx/u_coeff_rom/gen_reg.normalized_mant[45]_i_1/O
                         net (fo=1, unplaced)         0.000    22.274    u_normalize/D[45]
                         FDCE                                         r  u_normalize/gen_reg.normalized_mant_reg[45]/D
  -------------------------------------------------------------------    -------------------

                         (clock clk rise edge)        2.000     2.000 r  
                                                      0.000     2.000 r  clk (IN)
                         net (fo=0)                   0.000     2.000    clk
                         IBUF (Prop_ibuf_I_O)         0.811     2.811 r  clk_IBUF_inst/O
                         net (fo=1, unplaced)         0.760     3.570    clk_IBUF
                         BUFG (Prop_bufg_I_O)         0.091     3.661 r  clk_IBUF_BUFG_inst/O
                         net (fo=255, unplaced)       0.439     4.100    u_normalize/clk_IBUF_BUFG
                         FDCE                                         r  u_normalize/gen_reg.normalized_mant_reg[45]/C
                         clock pessimism              0.178     4.279    
                         clock uncertainty           -0.035     4.243    
                         FDCE (Setup_fdce_C_D)        0.029     4.272    u_normalize/gen_reg.normalized_mant_reg[45]
  -------------------------------------------------------------------
                         required time                          4.272    
                         arrival time                         -22.274    
  -------------------------------------------------------------------
                         slack                                -18.002    




