Copyright 1986-2022 Xilinx, Inc. All Rights Reserved. Copyright 2022-2025 Advanced Micro Devices, Inc. All Rights Reserved.
-----------------------------------------------------------------------------------------------------------------------------------------------------------------------------------------------------------
| Tool Version : Vivado v.2025.2 (lin64) Build 6299465 Fri Nov 14 12:34:56 MST 2025
| Date         : Wed Jul 29 20:20:08 2026
| Host         : radoslaw-feiglewicz running 64-bit Ubuntu 24.04.2 LTS
| Command      : report_timing -max_paths 3 -unique_pins -delay_type max -file /home/radoslaw-feiglewicz/Pulpit/Git_projects/exp_eval_benchmarks/ai_math_modeling/build/vivado_compare/crit_expe_poly4.rpt
| Design       : bf16_expe_poly4
| Device       : 7a200t-fbg484
| Speed File   : -1  PRODUCTION 1.23 2018-06-13
| Design State : Synthesized
-----------------------------------------------------------------------------------------------------------------------------------------------------------------------------------------------------------

Timing Report

Slack (VIOLATED) :        -7.074ns  (required time - arrival time)
  Source:                 u_decompose/gen_reg.decomposed_reg[mantissa][6]/C
                            (rising edge-triggered cell FDCE clocked by clk  {rise@0.000ns fall@1.000ns period=2.000ns})
  Destination:            gen_horner[1].u_step/prod/B[0]
                            (rising edge-triggered cell DSP48E1 clocked by clk  {rise@0.000ns fall@1.000ns period=2.000ns})
  Path Group:             clk
  Path Type:              Setup (Max at Slow Process Corner)
  Requirement:            2.000ns  (clk rise@2.000ns - clk rise@0.000ns)
  Data Path Delay:        8.444ns  (logic 4.659ns (55.174%)  route 3.785ns (44.826%))
  Logic Levels:           4  (DSP48E1=1 LUT5=1 LUT6=2)
  Clock Path Skew:        -0.145ns (DCD - SCD + CPR)
    Destination Clock Delay (DCD):    2.100ns = ( 4.100 - 2.000 ) 
    Source Clock Delay      (SCD):    2.424ns
    Clock Pessimism Removal (CPR):    0.178ns
  Clock Uncertainty:      0.035ns  ((TSJ^2 + TIJ^2)^1/2 + DJ) / 2 + PE
    Total System Jitter     (TSJ):    0.071ns
    Total Input Jitter      (TIJ):    0.000ns
    Discrete Jitter          (DJ):    0.000ns
    Phase Error              (PE):    0.000ns

    Location             Delay type                Incr(ns)  Path(ns)    Netlist Resource(s)
  -------------------------------------------------------------------    -------------------
                         (clock clk rise edge)        0.000     0.000 r  
                                                      0.000     0.000 r  clk (IN)
                         net (fo=0)                   0.000     0.000    clk
                         IBUF (Prop_ibuf_I_O)         0.944     0.944 r  clk_IBUF_inst/O
                         net (fo=1, unplaced)         0.800     1.744    clk_IBUF
                         BUFG (Prop_bufg_I_O)         0.096     1.840 r  clk_IBUF_BUFG_inst/O
                         net (fo=124, unplaced)       0.584     2.424    u_decompose/clk_IBUF_BUFG
                         FDCE                                         r  u_decompose/gen_reg.decomposed_reg[mantissa][6]/C
  -------------------------------------------------------------------    -------------------
                         FDCE (Prop_fdce_C_Q)         0.456     2.880 r  u_decompose/gen_reg.decomposed_reg[mantissa][6]/Q
                         net (fo=3, unplaced)         0.800     3.679    s1_decomposed[mantissa][6]
                         DSP48E1 (Prop_dsp48e1_B[6]_P[31])
                                                      3.831     7.510 r  gen_frontend_barrel.mult_comb/P[31]
                         net (fo=5, unplaced)         0.800     8.310    u_decompose/P[31]
                         LUT6 (Prop_lut6_I5_O)        0.124     8.434 r  u_decompose/prod_i_53/O
                         net (fo=4, unplaced)         0.926     9.360    u_decompose/prod_i_53_n_0
                         LUT6 (Prop_lut6_I1_O)        0.124     9.484 r  u_decompose/prod_i_34/O
                         net (fo=2, unplaced)         0.460     9.944    u_decompose/prod_i_34_n_0
                         LUT5 (Prop_lut5_I4_O)        0.124    10.068 r  u_decompose/prod_i_17/O
                         net (fo=3, unplaced)         0.800    10.868    gen_horner[1].u_step/D[0]
                         DSP48E1                                      r  gen_horner[1].u_step/prod/B[0]
  -------------------------------------------------------------------    -------------------

                         (clock clk rise edge)        2.000     2.000 r  
                                                      0.000     2.000 r  clk (IN)
                         net (fo=0)                   0.000     2.000    clk
                         IBUF (Prop_ibuf_I_O)         0.811     2.811 r  clk_IBUF_inst/O
                         net (fo=1, unplaced)         0.760     3.570    clk_IBUF
                         BUFG (Prop_bufg_I_O)         0.091     3.661 r  clk_IBUF_BUFG_inst/O
                         net (fo=124, unplaced)       0.439     4.100    gen_horner[1].u_step/clk_IBUF_BUFG
                         DSP48E1                                      r  gen_horner[1].u_step/prod/CLK
                         clock pessimism              0.178     4.279    
                         clock uncertainty           -0.035     4.243    
                         DSP48E1 (Setup_dsp48e1_CLK_B[0])
                                                     -0.450     3.793    gen_horner[1].u_step/prod
  -------------------------------------------------------------------
                         required time                          3.793    
                         arrival time                         -10.868    
  -------------------------------------------------------------------
                         slack                                 -7.074    

Slack (VIOLATED) :        -7.074ns  (required time - arrival time)
  Source:                 u_decompose/gen_reg.decomposed_reg[mantissa][6]/C
                            (rising edge-triggered cell FDCE clocked by clk  {rise@0.000ns fall@1.000ns period=2.000ns})
  Destination:            gen_horner[1].u_step/prod/B[10]
                            (rising edge-triggered cell DSP48E1 clocked by clk  {rise@0.000ns fall@1.000ns period=2.000ns})
  Path Group:             clk
  Path Type:              Setup (Max at Slow Process Corner)
  Requirement:            2.000ns  (clk rise@2.000ns - clk rise@0.000ns)
  Data Path Delay:        8.444ns  (logic 4.659ns (55.174%)  route 3.785ns (44.826%))
  Logic Levels:           4  (DSP48E1=1 LUT3=1 LUT6=2)
  Clock Path Skew:        -0.145ns (DCD - SCD + CPR)
    Destination Clock Delay (DCD):    2.100ns = ( 4.100 - 2.000 ) 
    Source Clock Delay      (SCD):    2.424ns
    Clock Pessimism Removal (CPR):    0.178ns
  Clock Uncertainty:      0.035ns  ((TSJ^2 + TIJ^2)^1/2 + DJ) / 2 + PE
    Total System Jitter     (TSJ):    0.071ns
    Total Input Jitter      (TIJ):    0.000ns
    Discrete Jitter          (DJ):    0.000ns
    Phase Error              (PE):    0.000ns

    Location             Delay type                Incr(ns)  Path(ns)    Netlist Resource(s)
  -------------------------------------------------------------------    -------------------
                         (clock clk rise edge)        0.000     0.000 r  
                                                      0.000     0.000 r  clk (IN)
                         net (fo=0)                   0.000     0.000    clk
                         IBUF (Prop_ibuf_I_O)         0.944     0.944 r  clk_IBUF_inst/O
                         net (fo=1, unplaced)         0.800     1.744    clk_IBUF
                         BUFG (Prop_bufg_I_O)         0.096     1.840 r  clk_IBUF_BUFG_inst/O
                         net (fo=124, unplaced)       0.584     2.424    u_decompose/clk_IBUF_BUFG
                         FDCE                                         r  u_decompose/gen_reg.decomposed_reg[mantissa][6]/C
  -------------------------------------------------------------------    -------------------
                         FDCE (Prop_fdce_C_Q)         0.456     2.880 r  u_decompose/gen_reg.decomposed_reg[mantissa][6]/Q
                         net (fo=3, unplaced)         0.800     3.679    s1_decomposed[mantissa][6]
                         DSP48E1 (Prop_dsp48e1_B[6]_P[21])
                                                      3.831     7.510 r  gen_frontend_barrel.mult_comb/P[21]
                         net (fo=4, unplaced)         0.800     8.310    u_decompose/P[21]
                         LUT6 (Prop_lut6_I4_O)        0.124     8.434 r  u_decompose/prod_i_47/O
                         net (fo=4, unplaced)         0.926     9.360    u_decompose/prod_i_47_n_0
                         LUT6 (Prop_lut6_I0_O)        0.124     9.484 r  u_decompose/prod_i_24/O
                         net (fo=2, unplaced)         0.460     9.944    u_decompose/prod_i_24_n_0
                         LUT3 (Prop_lut3_I2_O)        0.124    10.068 r  u_decompose/prod_i_7/O
                         net (fo=3, unplaced)         0.800    10.868    gen_horner[1].u_step/D[10]
                         DSP48E1                                      r  gen_horner[1].u_step/prod/B[10]
  -------------------------------------------------------------------    -------------------

                         (clock clk rise edge)        2.000     2.000 r  
                                                      0.000     2.000 r  clk (IN)
                         net (fo=0)                   0.000     2.000    clk
                         IBUF (Prop_ibuf_I_O)         0.811     2.811 r  clk_IBUF_inst/O
                         net (fo=1, unplaced)         0.760     3.570    clk_IBUF
                         BUFG (Prop_bufg_I_O)         0.091     3.661 r  clk_IBUF_BUFG_inst/O
                         net (fo=124, unplaced)       0.439     4.100    gen_horner[1].u_step/clk_IBUF_BUFG
                         DSP48E1                                      r  gen_horner[1].u_step/prod/CLK
                         clock pessimism              0.178     4.279    
                         clock uncertainty           -0.035     4.243    
                         DSP48E1 (Setup_dsp48e1_CLK_B[10])
                                                     -0.450     3.793    gen_horner[1].u_step/prod
  -------------------------------------------------------------------
                         required time                          3.793    
                         arrival time                         -10.868    
  -------------------------------------------------------------------
                         slack                                 -7.074    

Slack (VIOLATED) :        -7.074ns  (required time - arrival time)
  Source:                 u_decompose/gen_reg.decomposed_reg[mantissa][6]/C
                            (rising edge-triggered cell FDCE clocked by clk  {rise@0.000ns fall@1.000ns period=2.000ns})
  Destination:            gen_horner[1].u_step/prod/B[11]
                            (rising edge-triggered cell DSP48E1 clocked by clk  {rise@0.000ns fall@1.000ns period=2.000ns})
  Path Group:             clk
  Path Type:              Setup (Max at Slow Process Corner)
  Requirement:            2.000ns  (clk rise@2.000ns - clk rise@0.000ns)
  Data Path Delay:        8.444ns  (logic 4.659ns (55.174%)  route 3.785ns (44.826%))
  Logic Levels:           4  (DSP48E1=1 LUT3=1 LUT6=2)
  Clock Path Skew:        -0.145ns (DCD - SCD + CPR)
    Destination Clock Delay (DCD):    2.100ns = ( 4.100 - 2.000 ) 
    Source Clock Delay      (SCD):    2.424ns
    Clock Pessimism Removal (CPR):    0.178ns
  Clock Uncertainty:      0.035ns  ((TSJ^2 + TIJ^2)^1/2 + DJ) / 2 + PE
    Total System Jitter     (TSJ):    0.071ns
    Total Input Jitter      (TIJ):    0.000ns
    Discrete Jitter          (DJ):    0.000ns
    Phase Error              (PE):    0.000ns

    Location             Delay type                Incr(ns)  Path(ns)    Netlist Resource(s)
  -------------------------------------------------------------------    -------------------
                         (clock clk rise edge)        0.000     0.000 r  
                                                      0.000     0.000 r  clk (IN)
                         net (fo=0)                   0.000     0.000    clk
                         IBUF (Prop_ibuf_I_O)         0.944     0.944 r  clk_IBUF_inst/O
                         net (fo=1, unplaced)         0.800     1.744    clk_IBUF
                         BUFG (Prop_bufg_I_O)         0.096     1.840 r  clk_IBUF_BUFG_inst/O
                         net (fo=124, unplaced)       0.584     2.424    u_decompose/clk_IBUF_BUFG
                         FDCE                                         r  u_decompose/gen_reg.decomposed_reg[mantissa][6]/C
  -------------------------------------------------------------------    -------------------
                         FDCE (Prop_fdce_C_Q)         0.456     2.880 r  u_decompose/gen_reg.decomposed_reg[mantissa][6]/Q
                         net (fo=3, unplaced)         0.800     3.679    s1_decomposed[mantissa][6]
                         DSP48E1 (Prop_dsp48e1_B[6]_P[24])
                                                      3.831     7.510 r  gen_frontend_barrel.mult_comb/P[24]
                         net (fo=5, unplaced)         0.800     8.310    u_decompose/P[24]
                         LUT6 (Prop_lut6_I4_O)        0.124     8.434 r  u_decompose/prod_i_39/O
                         net (fo=4, unplaced)         0.926     9.360    u_decompose/prod_i_39_n_0
                         LUT6 (Prop_lut6_I5_O)        0.124     9.484 r  u_decompose/prod_i_23/O
                         net (fo=2, unplaced)         0.460     9.944    u_decompose/prod_i_23_n_0
                         LUT3 (Prop_lut3_I2_O)        0.124    10.068 r  u_decompose/prod_i_6/O
                         net (fo=3, unplaced)         0.800    10.868    gen_horner[1].u_step/D[11]
                         DSP48E1                                      r  gen_horner[1].u_step/prod/B[11]
  -------------------------------------------------------------------    -------------------

                         (clock clk rise edge)        2.000     2.000 r  
                                                      0.000     2.000 r  clk (IN)
                         net (fo=0)                   0.000     2.000    clk
                         IBUF (Prop_ibuf_I_O)         0.811     2.811 r  clk_IBUF_inst/O
                         net (fo=1, unplaced)         0.760     3.570    clk_IBUF
                         BUFG (Prop_bufg_I_O)         0.091     3.661 r  clk_IBUF_BUFG_inst/O
                         net (fo=124, unplaced)       0.439     4.100    gen_horner[1].u_step/clk_IBUF_BUFG
                         DSP48E1                                      r  gen_horner[1].u_step/prod/CLK
                         clock pessimism              0.178     4.279    
                         clock uncertainty           -0.035     4.243    
                         DSP48E1 (Setup_dsp48e1_CLK_B[11])
                                                     -0.450     3.793    gen_horner[1].u_step/prod
  -------------------------------------------------------------------
                         required time                          3.793    
                         arrival time                         -10.868    
  -------------------------------------------------------------------
                         slack                                 -7.074    




