Copyright 1986-2022 Xilinx, Inc. All Rights Reserved. Copyright 2022-2025 Advanced Micro Devices, Inc. All Rights Reserved.
-----------------------------------------------------------------------------------------------------------------------------------------------------------------------------------------------------------------------
| Tool Version : Vivado v.2025.2 (lin64) Build 6299465 Fri Nov 14 12:34:56 MST 2025
| Date         : Wed Jul 29 20:40:24 2026
| Host         : radoslaw-feiglewicz running 64-bit Ubuntu 24.04.2 LTS
| Command      : report_timing -max_paths 3 -unique_pins -delay_type max -file /home/radoslaw-feiglewicz/Pulpit/Git_projects/exp_eval_benchmarks/ai_math_modeling/build/vivado_compare/crit_split_shift1_A2_split0.rpt
| Design       : bf16_exp2
| Device       : 7a200t-fbg484
| Speed File   : -1  PRODUCTION 1.23 2018-06-13
| Design State : Synthesized
-----------------------------------------------------------------------------------------------------------------------------------------------------------------------------------------------------------------------

Timing Report

Slack (VIOLATED) :        -6.925ns  (required time - arrival time)
  Source:                 u_lin_approx/u_coeff_rom/gen_sync.data_reg_1/CLKARDCLK
                            (rising edge-triggered cell RAMB18E1 clocked by clk  {rise@0.000ns fall@1.000ns period=2.000ns})
  Destination:            u_lin_approx/gen_mult_reg.ax_core_reg/PCIN[0]
                            (rising edge-triggered cell DSP48E1 clocked by clk  {rise@0.000ns fall@1.000ns period=2.000ns})
  Path Group:             clk
  Path Type:              Setup (Max at Slow Process Corner)
  Requirement:            2.000ns  (clk rise@2.000ns - clk rise@0.000ns)
  Data Path Delay:        7.345ns  (logic 6.490ns (88.363%)  route 0.855ns (11.637%))
  Logic Levels:           1  (DSP48E1=1)
  Clock Path Skew:        -0.145ns (DCD - SCD + CPR)
    Destination Clock Delay (DCD):    2.100ns = ( 4.100 - 2.000 ) 
    Source Clock Delay      (SCD):    2.424ns
    Clock Pessimism Removal (CPR):    0.178ns
  Clock Uncertainty:      0.035ns  ((TSJ^2 + TIJ^2)^1/2 + DJ) / 2 + PE
    Total System Jitter     (TSJ):    0.071ns
    Total Input Jitter      (TIJ):    0.000ns
    Discrete Jitter          (DJ):    0.000ns
    Phase Error              (PE):    0.000ns

    Location             Delay type                Incr(ns)  Path(ns)    Netlist Resource(s)
  -------------------------------------------------------------------    -------------------
                         (clock clk rise edge)        0.000     0.000 r  
                                                      0.000     0.000 r  clk (IN)
                         net (fo=0)                   0.000     0.000    clk
                         IBUF (Prop_ibuf_I_O)         0.944     0.944 r  clk_IBUF_inst/O
                         net (fo=1, unplaced)         0.800     1.744    clk_IBUF
                         BUFG (Prop_bufg_I_O)         0.096     1.840 r  clk_IBUF_BUFG_inst/O
                         net (fo=457, unplaced)       0.584     2.424    u_lin_approx/u_coeff_rom/clk_IBUF_BUFG
                         RAMB18E1                                     r  u_lin_approx/u_coeff_rom/gen_sync.data_reg_1/CLKARDCLK
  -------------------------------------------------------------------    -------------------
                         RAMB18E1 (Prop_ramb18e1_CLKARDCLK_DOADO[3])
                                                      2.454     4.878 r  u_lin_approx/u_coeff_rom/gen_sync.data_reg_1/DOADO[3]
                         net (fo=3, unplaced)         0.800     5.677    u_lin_approx/packed_coeff[20]
                         DSP48E1 (Prop_dsp48e1_A[20]_PCOUT[0])
                                                      4.036     9.713 r  u_lin_approx/ax_core_comb/PCOUT[0]
                         net (fo=1, unplaced)         0.055     9.768    u_lin_approx/ax_core_comb_n_153
                         DSP48E1                                      r  u_lin_approx/gen_mult_reg.ax_core_reg/PCIN[0]
  -------------------------------------------------------------------    -------------------

                         (clock clk rise edge)        2.000     2.000 r  
                                                      0.000     2.000 r  clk (IN)
                         net (fo=0)                   0.000     2.000    clk
                         IBUF (Prop_ibuf_I_O)         0.811     2.811 r  clk_IBUF_inst/O
                         net (fo=1, unplaced)         0.760     3.570    clk_IBUF
                         BUFG (Prop_bufg_I_O)         0.091     3.661 r  clk_IBUF_BUFG_inst/O
                         net (fo=457, unplaced)       0.439     4.100    u_lin_approx/clk_IBUF_BUFG
                         DSP48E1                                      r  u_lin_approx/gen_mult_reg.ax_core_reg/CLK
                         clock pessimism              0.178     4.279    
                         clock uncertainty           -0.035     4.243    
                         DSP48E1 (Setup_dsp48e1_CLK_PCIN[0])
                                                     -1.400     2.843    u_lin_approx/gen_mult_reg.ax_core_reg
  -------------------------------------------------------------------
                         required time                          2.843    
                         arrival time                          -9.768    
  -------------------------------------------------------------------
                         slack                                 -6.925    

Slack (VIOLATED) :        -6.925ns  (required time - arrival time)
  Source:                 u_lin_approx/u_coeff_rom/gen_sync.data_reg_1/CLKARDCLK
                            (rising edge-triggered cell RAMB18E1 clocked by clk  {rise@0.000ns fall@1.000ns period=2.000ns})
  Destination:            u_lin_approx/gen_mult_reg.ax_core_reg/PCIN[10]
                            (rising edge-triggered cell DSP48E1 clocked by clk  {rise@0.000ns fall@1.000ns period=2.000ns})
  Path Group:             clk
  Path Type:              Setup (Max at Slow Process Corner)
  Requirement:            2.000ns  (clk rise@2.000ns - clk rise@0.000ns)
  Data Path Delay:        7.345ns  (logic 6.490ns (88.363%)  route 0.855ns (11.637%))
  Logic Levels:           1  (DSP48E1=1)
  Clock Path Skew:        -0.145ns (DCD - SCD + CPR)
    Destination Clock Delay (DCD):    2.100ns = ( 4.100 - 2.000 ) 
    Source Clock Delay      (SCD):    2.424ns
    Clock Pessimism Removal (CPR):    0.178ns
  Clock Uncertainty:      0.035ns  ((TSJ^2 + TIJ^2)^1/2 + DJ) / 2 + PE
    Total System Jitter     (TSJ):    0.071ns
    Total Input Jitter      (TIJ):    0.000ns
    Discrete Jitter          (DJ):    0.000ns
    Phase Error              (PE):    0.000ns

    Location             Delay type                Incr(ns)  Path(ns)    Netlist Resource(s)
  -------------------------------------------------------------------    -------------------
                         (clock clk rise edge)        0.000     0.000 r  
                                                      0.000     0.000 r  clk (IN)
                         net (fo=0)                   0.000     0.000    clk
                         IBUF (Prop_ibuf_I_O)         0.944     0.944 r  clk_IBUF_inst/O
                         net (fo=1, unplaced)         0.800     1.744    clk_IBUF
                         BUFG (Prop_bufg_I_O)         0.096     1.840 r  clk_IBUF_BUFG_inst/O
                         net (fo=457, unplaced)       0.584     2.424    u_lin_approx/u_coeff_rom/clk_IBUF_BUFG
                         RAMB18E1                                     r  u_lin_approx/u_coeff_rom/gen_sync.data_reg_1/CLKARDCLK
  -------------------------------------------------------------------    -------------------
                         RAMB18E1 (Prop_ramb18e1_CLKARDCLK_DOADO[3])
                                                      2.454     4.878 r  u_lin_approx/u_coeff_rom/gen_sync.data_reg_1/DOADO[3]
                         net (fo=3, unplaced)         0.800     5.677    u_lin_approx/packed_coeff[20]
                         DSP48E1 (Prop_dsp48e1_A[20]_PCOUT[10])
                                                      4.036     9.713 r  u_lin_approx/ax_core_comb/PCOUT[10]
                         net (fo=1, unplaced)         0.055     9.768    u_lin_approx/ax_core_comb_n_143
                         DSP48E1                                      r  u_lin_approx/gen_mult_reg.ax_core_reg/PCIN[10]
  -------------------------------------------------------------------    -------------------

                         (clock clk rise edge)        2.000     2.000 r  
                                                      0.000     2.000 r  clk (IN)
                         net (fo=0)                   0.000     2.000    clk
                         IBUF (Prop_ibuf_I_O)         0.811     2.811 r  clk_IBUF_inst/O
                         net (fo=1, unplaced)         0.760     3.570    clk_IBUF
                         BUFG (Prop_bufg_I_O)         0.091     3.661 r  clk_IBUF_BUFG_inst/O
                         net (fo=457, unplaced)       0.439     4.100    u_lin_approx/clk_IBUF_BUFG
                         DSP48E1                                      r  u_lin_approx/gen_mult_reg.ax_core_reg/CLK
                         clock pessimism              0.178     4.279    
                         clock uncertainty           -0.035     4.243    
                         DSP48E1 (Setup_dsp48e1_CLK_PCIN[10])
                                                     -1.400     2.843    u_lin_approx/gen_mult_reg.ax_core_reg
  -------------------------------------------------------------------
                         required time                          2.843    
                         arrival time                          -9.768    
  -------------------------------------------------------------------
                         slack                                 -6.925    

Slack (VIOLATED) :        -6.925ns  (required time - arrival time)
  Source:                 u_lin_approx/u_coeff_rom/gen_sync.data_reg_1/CLKARDCLK
                            (rising edge-triggered cell RAMB18E1 clocked by clk  {rise@0.000ns fall@1.000ns period=2.000ns})
  Destination:            u_lin_approx/gen_mult_reg.ax_core_reg/PCIN[11]
                            (rising edge-triggered cell DSP48E1 clocked by clk  {rise@0.000ns fall@1.000ns period=2.000ns})
  Path Group:             clk
  Path Type:              Setup (Max at Slow Process Corner)
  Requirement:            2.000ns  (clk rise@2.000ns - clk rise@0.000ns)
  Data Path Delay:        7.345ns  (logic 6.490ns (88.363%)  route 0.855ns (11.637%))
  Logic Levels:           1  (DSP48E1=1)
  Clock Path Skew:        -0.145ns (DCD - SCD + CPR)
    Destination Clock Delay (DCD):    2.100ns = ( 4.100 - 2.000 ) 
    Source Clock Delay      (SCD):    2.424ns
    Clock Pessimism Removal (CPR):    0.178ns
  Clock Uncertainty:      0.035ns  ((TSJ^2 + TIJ^2)^1/2 + DJ) / 2 + PE
    Total System Jitter     (TSJ):    0.071ns
    Total Input Jitter      (TIJ):    0.000ns
    Discrete Jitter          (DJ):    0.000ns
    Phase Error              (PE):    0.000ns

    Location             Delay type                Incr(ns)  Path(ns)    Netlist Resource(s)
  -------------------------------------------------------------------    -------------------
                         (clock clk rise edge)        0.000     0.000 r  
                                                      0.000     0.000 r  clk (IN)
                         net (fo=0)                   0.000     0.000    clk
                         IBUF (Prop_ibuf_I_O)         0.944     0.944 r  clk_IBUF_inst/O
                         net (fo=1, unplaced)         0.800     1.744    clk_IBUF
                         BUFG (Prop_bufg_I_O)         0.096     1.840 r  clk_IBUF_BUFG_inst/O
                         net (fo=457, unplaced)       0.584     2.424    u_lin_approx/u_coeff_rom/clk_IBUF_BUFG
                         RAMB18E1                                     r  u_lin_approx/u_coeff_rom/gen_sync.data_reg_1/CLKARDCLK
  -------------------------------------------------------------------    -------------------
                         RAMB18E1 (Prop_ramb18e1_CLKARDCLK_DOADO[3])
                                                      2.454     4.878 r  u_lin_approx/u_coeff_rom/gen_sync.data_reg_1/DOADO[3]
                         net (fo=3, unplaced)         0.800     5.677    u_lin_approx/packed_coeff[20]
                         DSP48E1 (Prop_dsp48e1_A[20]_PCOUT[11])
                                                      4.036     9.713 r  u_lin_approx/ax_core_comb/PCOUT[11]
                         net (fo=1, unplaced)         0.055     9.768    u_lin_approx/ax_core_comb_n_142
                         DSP48E1                                      r  u_lin_approx/gen_mult_reg.ax_core_reg/PCIN[11]
  -------------------------------------------------------------------    -------------------

                         (clock clk rise edge)        2.000     2.000 r  
                                                      0.000     2.000 r  clk (IN)
                         net (fo=0)                   0.000     2.000    clk
                         IBUF (Prop_ibuf_I_O)         0.811     2.811 r  clk_IBUF_inst/O
                         net (fo=1, unplaced)         0.760     3.570    clk_IBUF
                         BUFG (Prop_bufg_I_O)         0.091     3.661 r  clk_IBUF_BUFG_inst/O
                         net (fo=457, unplaced)       0.439     4.100    u_lin_approx/clk_IBUF_BUFG
                         DSP48E1                                      r  u_lin_approx/gen_mult_reg.ax_core_reg/CLK
                         clock pessimism              0.178     4.279    
                         clock uncertainty           -0.035     4.243    
                         DSP48E1 (Setup_dsp48e1_CLK_PCIN[11])
                                                     -1.400     2.843    u_lin_approx/gen_mult_reg.ax_core_reg
  -------------------------------------------------------------------
                         required time                          2.843    
                         arrival time                          -9.768    
  -------------------------------------------------------------------
                         slack                                 -6.925    




