Copyright 1986-2022 Xilinx, Inc. All Rights Reserved. Copyright 2022-2025 Advanced Micro Devices, Inc. All Rights Reserved.
--------------------------------------------------------------------------------------------------------------------------------------------------------------------------------------------------------
| Tool Version : Vivado v.2025.2 (lin64) Build 6299465 Fri Nov 14 12:34:56 MST 2025
| Date         : Wed Jul 29 19:46:07 2026
| Host         : radoslaw-feiglewicz running 64-bit Ubuntu 24.04.2 LTS
| Command      : report_timing -max_paths 8 -unique_pins -delay_type max -file /home/radoslaw-feiglewicz/Pulpit/Git_projects/exp_eval_benchmarks/ai_math_modeling/build/vivado_compare/crit_retimed.rpt
| Design       : bf16_exp2
| Device       : 7a200t-fbg484
| Speed File   : -1  PRODUCTION 1.23 2018-06-13
| Design State : Synthesized
--------------------------------------------------------------------------------------------------------------------------------------------------------------------------------------------------------

Timing Report

Slack (VIOLATED) :        -7.314ns  (required time - arrival time)
  Source:                 u_round/gen_p1.p1_shift_reg[3]/C
                            (rising edge-triggered cell FDRE clocked by clk  {rise@0.000ns fall@1.000ns period=2.000ns})
  Destination:            u_round/gen_p2.p2_m_ext_reg[1]/D
                            (rising edge-triggered cell FDRE clocked by clk  {rise@0.000ns fall@1.000ns period=2.000ns})
  Path Group:             clk
  Path Type:              Setup (Max at Slow Process Corner)
  Requirement:            2.000ns  (clk rise@2.000ns - clk rise@0.000ns)
  Data Path Delay:        9.163ns  (logic 3.938ns (42.977%)  route 5.225ns (57.023%))
  Logic Levels:           20  (CARRY4=13 LUT3=1 LUT5=1 LUT6=5)
  Clock Path Skew:        -0.145ns (DCD - SCD + CPR)
    Destination Clock Delay (DCD):    2.100ns = ( 4.100 - 2.000 ) 
    Source Clock Delay      (SCD):    2.424ns
    Clock Pessimism Removal (CPR):    0.178ns
  Clock Uncertainty:      0.035ns  ((TSJ^2 + TIJ^2)^1/2 + DJ) / 2 + PE
    Total System Jitter     (TSJ):    0.071ns
    Total Input Jitter      (TIJ):    0.000ns
    Discrete Jitter          (DJ):    0.000ns
    Phase Error              (PE):    0.000ns

    Location             Delay type                Incr(ns)  Path(ns)    Netlist Resource(s)
  -------------------------------------------------------------------    -------------------
                         (clock clk rise edge)        0.000     0.000 r  
                                                      0.000     0.000 r  clk (IN)
                         net (fo=0)                   0.000     0.000    clk
                         IBUF (Prop_ibuf_I_O)         0.944     0.944 r  clk_IBUF_inst/O
                         net (fo=1, unplaced)         0.800     1.744    clk_IBUF
                         BUFG (Prop_bufg_I_O)         0.096     1.840 r  clk_IBUF_BUFG_inst/O
                         net (fo=400, unplaced)       0.584     2.424    u_round/clk_IBUF_BUFG
                         FDRE                                         r  u_round/gen_p1.p1_shift_reg[3]/C
  -------------------------------------------------------------------    -------------------
                         FDRE (Prop_fdre_C_Q)         0.456     2.880 r  u_round/gen_p1.p1_shift_reg[3]/Q
                         net (fo=87, unplaced)        0.902     3.782    u_round/gen_p1.p1_shift_reg_n_0_[3]
                         LUT5 (Prop_lut5_I0_O)        0.295     4.077 r  u_round/sticky_mask0_carry_i_7/O
                         net (fo=2, unplaced)         0.460     4.537    u_round/sticky_mask0_carry_i_7_n_0
                         LUT3 (Prop_lut3_I2_O)        0.124     4.661 f  u_round/sticky_mask0_carry_i_6/O
                         net (fo=32, unplaced)        0.520     5.181    u_round/sticky_mask0_carry_i_6_n_0
                         LUT6 (Prop_lut6_I0_O)        0.124     5.305 r  u_round/sticky_mask0_carry_i_5/O
                         net (fo=1, unplaced)         0.665     5.970    u_round/sticky_mask0_carry_i_5_n_0
                         CARRY4 (Prop_carry4_S[0]_CO[3])
                                                      0.637     6.607 r  u_round/sticky_mask0_carry/CO[3]
                         net (fo=1, unplaced)         0.009     6.616    u_round/sticky_mask0_carry_n_0
                         CARRY4 (Prop_carry4_CI_CO[3])
                                                      0.117     6.733 r  u_round/sticky_mask0_carry__0/CO[3]
                         net (fo=1, unplaced)         0.000     6.733    u_round/sticky_mask0_carry__0_n_0
                         CARRY4 (Prop_carry4_CI_CO[3])
                                                      0.117     6.850 r  u_round/sticky_mask0_carry__1/CO[3]
                         net (fo=1, unplaced)         0.000     6.850    u_round/sticky_mask0_carry__1_n_0
                         CARRY4 (Prop_carry4_CI_CO[3])
                                                      0.117     6.967 r  u_round/sticky_mask0_carry__2/CO[3]
                         net (fo=1, unplaced)         0.000     6.967    u_round/sticky_mask0_carry__2_n_0
                         CARRY4 (Prop_carry4_CI_CO[3])
                                                      0.117     7.084 r  u_round/sticky_mask0_carry__3/CO[3]
                         net (fo=1, unplaced)         0.000     7.084    u_round/sticky_mask0_carry__3_n_0
                         CARRY4 (Prop_carry4_CI_CO[3])
                                                      0.117     7.201 r  u_round/sticky_mask0_carry__4/CO[3]
                         net (fo=1, unplaced)         0.000     7.201    u_round/sticky_mask0_carry__4_n_0
                         CARRY4 (Prop_carry4_CI_CO[3])
                                                      0.117     7.318 r  u_round/sticky_mask0_carry__5/CO[3]
                         net (fo=1, unplaced)         0.000     7.318    u_round/sticky_mask0_carry__5_n_0
                         CARRY4 (Prop_carry4_CI_CO[3])
                                                      0.117     7.435 r  u_round/sticky_mask0_carry__6/CO[3]
                         net (fo=1, unplaced)         0.000     7.435    u_round/sticky_mask0_carry__6_n_0
                         CARRY4 (Prop_carry4_CI_CO[3])
                                                      0.117     7.552 r  u_round/sticky_mask0_carry__7/CO[3]
                         net (fo=1, unplaced)         0.000     7.552    u_round/sticky_mask0_carry__7_n_0
                         CARRY4 (Prop_carry4_CI_CO[3])
                                                      0.117     7.669 r  u_round/sticky_mask0_carry__8/CO[3]
                         net (fo=1, unplaced)         0.000     7.669    u_round/sticky_mask0_carry__8_n_0
                         CARRY4 (Prop_carry4_CI_CO[3])
                                                      0.117     7.786 r  u_round/sticky_mask0_carry__9/CO[3]
                         net (fo=1, unplaced)         0.000     7.786    u_round/sticky_mask0_carry__9_n_0
                         CARRY4 (Prop_carry4_CI_CO[3])
                                                      0.117     7.903 r  u_round/sticky_mask0_carry__10/CO[3]
                         net (fo=1, unplaced)         0.000     7.903    u_round/sticky_mask0_carry__10_n_0
                         CARRY4 (Prop_carry4_CI_O[1])
                                                      0.337     8.240 r  u_round/sticky_mask0_carry__11/O[1]
                         net (fo=1, unplaced)         0.611     8.851    u_round/sticky_mask0[50]
                         LUT6 (Prop_lut6_I0_O)        0.306     9.157 r  u_round/gen_p2.p2_m_ext[8]_i_57/O
                         net (fo=1, unplaced)         1.111    10.268    u_round/gen_p2.p2_m_ext[8]_i_57_n_0
                         LUT6 (Prop_lut6_I3_O)        0.124    10.392 r  u_round/gen_p2.p2_m_ext[8]_i_18/O
                         net (fo=2, unplaced)         0.460    10.852    u_round/gen_p2.p2_m_ext[8]_i_18_n_0
                         LUT6 (Prop_lut6_I3_O)        0.124    10.976 r  u_round/gen_p2.p2_m_ext[8]_i_5/O
                         net (fo=8, unplaced)         0.487    11.463    u_round/sticky_bit__6
                         LUT6 (Prop_lut6_I3_O)        0.124    11.587 r  u_round/gen_p2.p2_m_ext[1]_i_1/O
                         net (fo=1, unplaced)         0.000    11.587    u_round/sum_m_ext[1]
                         FDRE                                         r  u_round/gen_p2.p2_m_ext_reg[1]/D
  -------------------------------------------------------------------    -------------------

                         (clock clk rise edge)        2.000     2.000 r  
                                                      0.000     2.000 r  clk (IN)
                         net (fo=0)                   0.000     2.000    clk
                         IBUF (Prop_ibuf_I_O)         0.811     2.811 r  clk_IBUF_inst/O
                         net (fo=1, unplaced)         0.760     3.570    clk_IBUF
                         BUFG (Prop_bufg_I_O)         0.091     3.661 r  clk_IBUF_BUFG_inst/O
                         net (fo=400, unplaced)       0.439     4.100    u_round/clk_IBUF_BUFG
                         FDRE                                         r  u_round/gen_p2.p2_m_ext_reg[1]/C
                         clock pessimism              0.178     4.279    
                         clock uncertainty           -0.035     4.243    
                         FDRE (Setup_fdre_C_D)        0.029     4.272    u_round/gen_p2.p2_m_ext_reg[1]
  -------------------------------------------------------------------
                         required time                          4.272    
                         arrival time                         -11.587    
  -------------------------------------------------------------------
                         slack                                 -7.314    

Slack (VIOLATED) :        -7.314ns  (required time - arrival time)
  Source:                 u_round/gen_p1.p1_shift_reg[3]/C
                            (rising edge-triggered cell FDRE clocked by clk  {rise@0.000ns fall@1.000ns period=2.000ns})
  Destination:            u_round/gen_p2.p2_m_ext_reg[2]/D
                            (rising edge-triggered cell FDRE clocked by clk  {rise@0.000ns fall@1.000ns period=2.000ns})
  Path Group:             clk
  Path Type:              Setup (Max at Slow Process Corner)
  Requirement:            2.000ns  (clk rise@2.000ns - clk rise@0.000ns)
  Data Path Delay:        9.163ns  (logic 3.938ns (42.977%)  route 5.225ns (57.023%))
  Logic Levels:           20  (CARRY4=13 LUT3=1 LUT5=1 LUT6=5)
  Clock Path Skew:        -0.145ns (DCD - SCD + CPR)
    Destination Clock Delay (DCD):    2.100ns = ( 4.100 - 2.000 ) 
    Source Clock Delay      (SCD):    2.424ns
    Clock Pessimism Removal (CPR):    0.178ns
  Clock Uncertainty:      0.035ns  ((TSJ^2 + TIJ^2)^1/2 + DJ) / 2 + PE
    Total System Jitter     (TSJ):    0.071ns
    Total Input Jitter      (TIJ):    0.000ns
    Discrete Jitter          (DJ):    0.000ns
    Phase Error              (PE):    0.000ns

    Location             Delay type                Incr(ns)  Path(ns)    Netlist Resource(s)
  -------------------------------------------------------------------    -------------------
                         (clock clk rise edge)        0.000     0.000 r  
                                                      0.000     0.000 r  clk (IN)
                         net (fo=0)                   0.000     0.000    clk
                         IBUF (Prop_ibuf_I_O)         0.944     0.944 r  clk_IBUF_inst/O
                         net (fo=1, unplaced)         0.800     1.744    clk_IBUF
                         BUFG (Prop_bufg_I_O)         0.096     1.840 r  clk_IBUF_BUFG_inst/O
                         net (fo=400, unplaced)       0.584     2.424    u_round/clk_IBUF_BUFG
                         FDRE                                         r  u_round/gen_p1.p1_shift_reg[3]/C
  -------------------------------------------------------------------    -------------------
                         FDRE (Prop_fdre_C_Q)         0.456     2.880 r  u_round/gen_p1.p1_shift_reg[3]/Q
                         net (fo=87, unplaced)        0.902     3.782    u_round/gen_p1.p1_shift_reg_n_0_[3]
                         LUT5 (Prop_lut5_I0_O)        0.295     4.077 r  u_round/sticky_mask0_carry_i_7/O
                         net (fo=2, unplaced)         0.460     4.537    u_round/sticky_mask0_carry_i_7_n_0
                         LUT3 (Prop_lut3_I2_O)        0.124     4.661 f  u_round/sticky_mask0_carry_i_6/O
                         net (fo=32, unplaced)        0.520     5.181    u_round/sticky_mask0_carry_i_6_n_0
                         LUT6 (Prop_lut6_I0_O)        0.124     5.305 r  u_round/sticky_mask0_carry_i_5/O
                         net (fo=1, unplaced)         0.665     5.970    u_round/sticky_mask0_carry_i_5_n_0
                         CARRY4 (Prop_carry4_S[0]_CO[3])
                                                      0.637     6.607 r  u_round/sticky_mask0_carry/CO[3]
                         net (fo=1, unplaced)         0.009     6.616    u_round/sticky_mask0_carry_n_0
                         CARRY4 (Prop_carry4_CI_CO[3])
                                                      0.117     6.733 r  u_round/sticky_mask0_carry__0/CO[3]
                         net (fo=1, unplaced)         0.000     6.733    u_round/sticky_mask0_carry__0_n_0
                         CARRY4 (Prop_carry4_CI_CO[3])
                                                      0.117     6.850 r  u_round/sticky_mask0_carry__1/CO[3]
                         net (fo=1, unplaced)         0.000     6.850    u_round/sticky_mask0_carry__1_n_0
                         CARRY4 (Prop_carry4_CI_CO[3])
                                                      0.117     6.967 r  u_round/sticky_mask0_carry__2/CO[3]
                         net (fo=1, unplaced)         0.000     6.967    u_round/sticky_mask0_carry__2_n_0
                         CARRY4 (Prop_carry4_CI_CO[3])
                                                      0.117     7.084 r  u_round/sticky_mask0_carry__3/CO[3]
                         net (fo=1, unplaced)         0.000     7.084    u_round/sticky_mask0_carry__3_n_0
                         CARRY4 (Prop_carry4_CI_CO[3])
                                                      0.117     7.201 r  u_round/sticky_mask0_carry__4/CO[3]
                         net (fo=1, unplaced)         0.000     7.201    u_round/sticky_mask0_carry__4_n_0
                         CARRY4 (Prop_carry4_CI_CO[3])
                                                      0.117     7.318 r  u_round/sticky_mask0_carry__5/CO[3]
                         net (fo=1, unplaced)         0.000     7.318    u_round/sticky_mask0_carry__5_n_0
                         CARRY4 (Prop_carry4_CI_CO[3])
                                                      0.117     7.435 r  u_round/sticky_mask0_carry__6/CO[3]
                         net (fo=1, unplaced)         0.000     7.435    u_round/sticky_mask0_carry__6_n_0
                         CARRY4 (Prop_carry4_CI_CO[3])
                                                      0.117     7.552 r  u_round/sticky_mask0_carry__7/CO[3]
                         net (fo=1, unplaced)         0.000     7.552    u_round/sticky_mask0_carry__7_n_0
                         CARRY4 (Prop_carry4_CI_CO[3])
                                                      0.117     7.669 r  u_round/sticky_mask0_carry__8/CO[3]
                         net (fo=1, unplaced)         0.000     7.669    u_round/sticky_mask0_carry__8_n_0
                         CARRY4 (Prop_carry4_CI_CO[3])
                                                      0.117     7.786 r  u_round/sticky_mask0_carry__9/CO[3]
                         net (fo=1, unplaced)         0.000     7.786    u_round/sticky_mask0_carry__9_n_0
                         CARRY4 (Prop_carry4_CI_CO[3])
                                                      0.117     7.903 r  u_round/sticky_mask0_carry__10/CO[3]
                         net (fo=1, unplaced)         0.000     7.903    u_round/sticky_mask0_carry__10_n_0
                         CARRY4 (Prop_carry4_CI_O[1])
                                                      0.337     8.240 r  u_round/sticky_mask0_carry__11/O[1]
                         net (fo=1, unplaced)         0.611     8.851    u_round/sticky_mask0[50]
                         LUT6 (Prop_lut6_I0_O)        0.306     9.157 r  u_round/gen_p2.p2_m_ext[8]_i_57/O
                         net (fo=1, unplaced)         1.111    10.268    u_round/gen_p2.p2_m_ext[8]_i_57_n_0
                         LUT6 (Prop_lut6_I3_O)        0.124    10.392 r  u_round/gen_p2.p2_m_ext[8]_i_18/O
                         net (fo=2, unplaced)         0.460    10.852    u_round/gen_p2.p2_m_ext[8]_i_18_n_0
                         LUT6 (Prop_lut6_I3_O)        0.124    10.976 r  u_round/gen_p2.p2_m_ext[8]_i_5/O
                         net (fo=8, unplaced)         0.487    11.463    u_round/sticky_bit__6
                         LUT6 (Prop_lut6_I3_O)        0.124    11.587 r  u_round/gen_p2.p2_m_ext[2]_i_1/O
                         net (fo=1, unplaced)         0.000    11.587    u_round/sum_m_ext[2]
                         FDRE                                         r  u_round/gen_p2.p2_m_ext_reg[2]/D
  -------------------------------------------------------------------    -------------------

                         (clock clk rise edge)        2.000     2.000 r  
                                                      0.000     2.000 r  clk (IN)
                         net (fo=0)                   0.000     2.000    clk
                         IBUF (Prop_ibuf_I_O)         0.811     2.811 r  clk_IBUF_inst/O
                         net (fo=1, unplaced)         0.760     3.570    clk_IBUF
                         BUFG (Prop_bufg_I_O)         0.091     3.661 r  clk_IBUF_BUFG_inst/O
                         net (fo=400, unplaced)       0.439     4.100    u_round/clk_IBUF_BUFG
                         FDRE                                         r  u_round/gen_p2.p2_m_ext_reg[2]/C
                         clock pessimism              0.178     4.279    
                         clock uncertainty           -0.035     4.243    
                         FDRE (Setup_fdre_C_D)        0.029     4.272    u_round/gen_p2.p2_m_ext_reg[2]
  -------------------------------------------------------------------
                         required time                          4.272    
                         arrival time                         -11.587    
  -------------------------------------------------------------------
                         slack                                 -7.314    

Slack (VIOLATED) :        -7.314ns  (required time - arrival time)
  Source:                 u_round/gen_p1.p1_shift_reg[3]/C
                            (rising edge-triggered cell FDRE clocked by clk  {rise@0.000ns fall@1.000ns period=2.000ns})
  Destination:            u_round/gen_p2.p2_m_ext_reg[3]/D
                            (rising edge-triggered cell FDRE clocked by clk  {rise@0.000ns fall@1.000ns period=2.000ns})
  Path Group:             clk
  Path Type:              Setup (Max at Slow Process Corner)
  Requirement:            2.000ns  (clk rise@2.000ns - clk rise@0.000ns)
  Data Path Delay:        9.163ns  (logic 3.938ns (42.977%)  route 5.225ns (57.023%))
  Logic Levels:           20  (CARRY4=13 LUT3=1 LUT5=1 LUT6=5)
  Clock Path Skew:        -0.145ns (DCD - SCD + CPR)
    Destination Clock Delay (DCD):    2.100ns = ( 4.100 - 2.000 ) 
    Source Clock Delay      (SCD):    2.424ns
    Clock Pessimism Removal (CPR):    0.178ns
  Clock Uncertainty:      0.035ns  ((TSJ^2 + TIJ^2)^1/2 + DJ) / 2 + PE
    Total System Jitter     (TSJ):    0.071ns
    Total Input Jitter      (TIJ):    0.000ns
    Discrete Jitter          (DJ):    0.000ns
    Phase Error              (PE):    0.000ns

    Location             Delay type                Incr(ns)  Path(ns)    Netlist Resource(s)
  -------------------------------------------------------------------    -------------------
                         (clock clk rise edge)        0.000     0.000 r  
                                                      0.000     0.000 r  clk (IN)
                         net (fo=0)                   0.000     0.000    clk
                         IBUF (Prop_ibuf_I_O)         0.944     0.944 r  clk_IBUF_inst/O
                         net (fo=1, unplaced)         0.800     1.744    clk_IBUF
                         BUFG (Prop_bufg_I_O)         0.096     1.840 r  clk_IBUF_BUFG_inst/O
                         net (fo=400, unplaced)       0.584     2.424    u_round/clk_IBUF_BUFG
                         FDRE                                         r  u_round/gen_p1.p1_shift_reg[3]/C
  -------------------------------------------------------------------    -------------------
                         FDRE (Prop_fdre_C_Q)         0.456     2.880 r  u_round/gen_p1.p1_shift_reg[3]/Q
                         net (fo=87, unplaced)        0.902     3.782    u_round/gen_p1.p1_shift_reg_n_0_[3]
                         LUT5 (Prop_lut5_I0_O)        0.295     4.077 r  u_round/sticky_mask0_carry_i_7/O
                         net (fo=2, unplaced)         0.460     4.537    u_round/sticky_mask0_carry_i_7_n_0
                         LUT3 (Prop_lut3_I2_O)        0.124     4.661 f  u_round/sticky_mask0_carry_i_6/O
                         net (fo=32, unplaced)        0.520     5.181    u_round/sticky_mask0_carry_i_6_n_0
                         LUT6 (Prop_lut6_I0_O)        0.124     5.305 r  u_round/sticky_mask0_carry_i_5/O
                         net (fo=1, unplaced)         0.665     5.970    u_round/sticky_mask0_carry_i_5_n_0
                         CARRY4 (Prop_carry4_S[0]_CO[3])
                                                      0.637     6.607 r  u_round/sticky_mask0_carry/CO[3]
                         net (fo=1, unplaced)         0.009     6.616    u_round/sticky_mask0_carry_n_0
                         CARRY4 (Prop_carry4_CI_CO[3])
                                                      0.117     6.733 r  u_round/sticky_mask0_carry__0/CO[3]
                         net (fo=1, unplaced)         0.000     6.733    u_round/sticky_mask0_carry__0_n_0
                         CARRY4 (Prop_carry4_CI_CO[3])
                                                      0.117     6.850 r  u_round/sticky_mask0_carry__1/CO[3]
                         net (fo=1, unplaced)         0.000     6.850    u_round/sticky_mask0_carry__1_n_0
                         CARRY4 (Prop_carry4_CI_CO[3])
                                                      0.117     6.967 r  u_round/sticky_mask0_carry__2/CO[3]
                         net (fo=1, unplaced)         0.000     6.967    u_round/sticky_mask0_carry__2_n_0
                         CARRY4 (Prop_carry4_CI_CO[3])
                                                      0.117     7.084 r  u_round/sticky_mask0_carry__3/CO[3]
                         net (fo=1, unplaced)         0.000     7.084    u_round/sticky_mask0_carry__3_n_0
                         CARRY4 (Prop_carry4_CI_CO[3])
                                                      0.117     7.201 r  u_round/sticky_mask0_carry__4/CO[3]
                         net (fo=1, unplaced)         0.000     7.201    u_round/sticky_mask0_carry__4_n_0
                         CARRY4 (Prop_carry4_CI_CO[3])
                                                      0.117     7.318 r  u_round/sticky_mask0_carry__5/CO[3]
                         net (fo=1, unplaced)         0.000     7.318    u_round/sticky_mask0_carry__5_n_0
                         CARRY4 (Prop_carry4_CI_CO[3])
                                                      0.117     7.435 r  u_round/sticky_mask0_carry__6/CO[3]
                         net (fo=1, unplaced)         0.000     7.435    u_round/sticky_mask0_carry__6_n_0
                         CARRY4 (Prop_carry4_CI_CO[3])
                                                      0.117     7.552 r  u_round/sticky_mask0_carry__7/CO[3]
                         net (fo=1, unplaced)         0.000     7.552    u_round/sticky_mask0_carry__7_n_0
                         CARRY4 (Prop_carry4_CI_CO[3])
                                                      0.117     7.669 r  u_round/sticky_mask0_carry__8/CO[3]
                         net (fo=1, unplaced)         0.000     7.669    u_round/sticky_mask0_carry__8_n_0
                         CARRY4 (Prop_carry4_CI_CO[3])
                                                      0.117     7.786 r  u_round/sticky_mask0_carry__9/CO[3]
                         net (fo=1, unplaced)         0.000     7.786    u_round/sticky_mask0_carry__9_n_0
                         CARRY4 (Prop_carry4_CI_CO[3])
                                                      0.117     7.903 r  u_round/sticky_mask0_carry__10/CO[3]
                         net (fo=1, unplaced)         0.000     7.903    u_round/sticky_mask0_carry__10_n_0
                         CARRY4 (Prop_carry4_CI_O[1])
                                                      0.337     8.240 r  u_round/sticky_mask0_carry__11/O[1]
                         net (fo=1, unplaced)         0.611     8.851    u_round/sticky_mask0[50]
                         LUT6 (Prop_lut6_I0_O)        0.306     9.157 r  u_round/gen_p2.p2_m_ext[8]_i_57/O
                         net (fo=1, unplaced)         1.111    10.268    u_round/gen_p2.p2_m_ext[8]_i_57_n_0
                         LUT6 (Prop_lut6_I3_O)        0.124    10.392 r  u_round/gen_p2.p2_m_ext[8]_i_18/O
                         net (fo=2, unplaced)         0.460    10.852    u_round/gen_p2.p2_m_ext[8]_i_18_n_0
                         LUT6 (Prop_lut6_I3_O)        0.124    10.976 r  u_round/gen_p2.p2_m_ext[8]_i_5/O
                         net (fo=8, unplaced)         0.487    11.463    u_round/sticky_bit__6
                         LUT6 (Prop_lut6_I3_O)        0.124    11.587 r  u_round/gen_p2.p2_m_ext[3]_i_1/O
                         net (fo=1, unplaced)         0.000    11.587    u_round/sum_m_ext[3]
                         FDRE                                         r  u_round/gen_p2.p2_m_ext_reg[3]/D
  -------------------------------------------------------------------    -------------------

                         (clock clk rise edge)        2.000     2.000 r  
                                                      0.000     2.000 r  clk (IN)
                         net (fo=0)                   0.000     2.000    clk
                         IBUF (Prop_ibuf_I_O)         0.811     2.811 r  clk_IBUF_inst/O
                         net (fo=1, unplaced)         0.760     3.570    clk_IBUF
                         BUFG (Prop_bufg_I_O)         0.091     3.661 r  clk_IBUF_BUFG_inst/O
                         net (fo=400, unplaced)       0.439     4.100    u_round/clk_IBUF_BUFG
                         FDRE                                         r  u_round/gen_p2.p2_m_ext_reg[3]/C
                         clock pessimism              0.178     4.279    
                         clock uncertainty           -0.035     4.243    
                         FDRE (Setup_fdre_C_D)        0.029     4.272    u_round/gen_p2.p2_m_ext_reg[3]
  -------------------------------------------------------------------
                         required time                          4.272    
                         arrival time                         -11.587    
  -------------------------------------------------------------------
                         slack                                 -7.314    

Slack (VIOLATED) :        -7.314ns  (required time - arrival time)
  Source:                 u_round/gen_p1.p1_shift_reg[3]/C
                            (rising edge-triggered cell FDRE clocked by clk  {rise@0.000ns fall@1.000ns period=2.000ns})
  Destination:            u_round/gen_p2.p2_m_ext_reg[4]/D
                            (rising edge-triggered cell FDRE clocked by clk  {rise@0.000ns fall@1.000ns period=2.000ns})
  Path Group:             clk
  Path Type:              Setup (Max at Slow Process Corner)
  Requirement:            2.000ns  (clk rise@2.000ns - clk rise@0.000ns)
  Data Path Delay:        9.163ns  (logic 3.938ns (42.977%)  route 5.225ns (57.023%))
  Logic Levels:           20  (CARRY4=13 LUT3=1 LUT5=1 LUT6=5)
  Clock Path Skew:        -0.145ns (DCD - SCD + CPR)
    Destination Clock Delay (DCD):    2.100ns = ( 4.100 - 2.000 ) 
    Source Clock Delay      (SCD):    2.424ns
    Clock Pessimism Removal (CPR):    0.178ns
  Clock Uncertainty:      0.035ns  ((TSJ^2 + TIJ^2)^1/2 + DJ) / 2 + PE
    Total System Jitter     (TSJ):    0.071ns
    Total Input Jitter      (TIJ):    0.000ns
    Discrete Jitter          (DJ):    0.000ns
    Phase Error              (PE):    0.000ns

    Location             Delay type                Incr(ns)  Path(ns)    Netlist Resource(s)
  -------------------------------------------------------------------    -------------------
                         (clock clk rise edge)        0.000     0.000 r  
                                                      0.000     0.000 r  clk (IN)
                         net (fo=0)                   0.000     0.000    clk
                         IBUF (Prop_ibuf_I_O)         0.944     0.944 r  clk_IBUF_inst/O
                         net (fo=1, unplaced)         0.800     1.744    clk_IBUF
                         BUFG (Prop_bufg_I_O)         0.096     1.840 r  clk_IBUF_BUFG_inst/O
                         net (fo=400, unplaced)       0.584     2.424    u_round/clk_IBUF_BUFG
                         FDRE                                         r  u_round/gen_p1.p1_shift_reg[3]/C
  -------------------------------------------------------------------    -------------------
                         FDRE (Prop_fdre_C_Q)         0.456     2.880 r  u_round/gen_p1.p1_shift_reg[3]/Q
                         net (fo=87, unplaced)        0.902     3.782    u_round/gen_p1.p1_shift_reg_n_0_[3]
                         LUT5 (Prop_lut5_I0_O)        0.295     4.077 r  u_round/sticky_mask0_carry_i_7/O
                         net (fo=2, unplaced)         0.460     4.537    u_round/sticky_mask0_carry_i_7_n_0
                         LUT3 (Prop_lut3_I2_O)        0.124     4.661 f  u_round/sticky_mask0_carry_i_6/O
                         net (fo=32, unplaced)        0.520     5.181    u_round/sticky_mask0_carry_i_6_n_0
                         LUT6 (Prop_lut6_I0_O)        0.124     5.305 r  u_round/sticky_mask0_carry_i_5/O
                         net (fo=1, unplaced)         0.665     5.970    u_round/sticky_mask0_carry_i_5_n_0
                         CARRY4 (Prop_carry4_S[0]_CO[3])
                                                      0.637     6.607 r  u_round/sticky_mask0_carry/CO[3]
                         net (fo=1, unplaced)         0.009     6.616    u_round/sticky_mask0_carry_n_0
                         CARRY4 (Prop_carry4_CI_CO[3])
                                                      0.117     6.733 r  u_round/sticky_mask0_carry__0/CO[3]
                         net (fo=1, unplaced)         0.000     6.733    u_round/sticky_mask0_carry__0_n_0
                         CARRY4 (Prop_carry4_CI_CO[3])
                                                      0.117     6.850 r  u_round/sticky_mask0_carry__1/CO[3]
                         net (fo=1, unplaced)         0.000     6.850    u_round/sticky_mask0_carry__1_n_0
                         CARRY4 (Prop_carry4_CI_CO[3])
                                                      0.117     6.967 r  u_round/sticky_mask0_carry__2/CO[3]
                         net (fo=1, unplaced)         0.000     6.967    u_round/sticky_mask0_carry__2_n_0
                         CARRY4 (Prop_carry4_CI_CO[3])
                                                      0.117     7.084 r  u_round/sticky_mask0_carry__3/CO[3]
                         net (fo=1, unplaced)         0.000     7.084    u_round/sticky_mask0_carry__3_n_0
                         CARRY4 (Prop_carry4_CI_CO[3])
                                                      0.117     7.201 r  u_round/sticky_mask0_carry__4/CO[3]
                         net (fo=1, unplaced)         0.000     7.201    u_round/sticky_mask0_carry__4_n_0
                         CARRY4 (Prop_carry4_CI_CO[3])
                                                      0.117     7.318 r  u_round/sticky_mask0_carry__5/CO[3]
                         net (fo=1, unplaced)         0.000     7.318    u_round/sticky_mask0_carry__5_n_0
                         CARRY4 (Prop_carry4_CI_CO[3])
                                                      0.117     7.435 r  u_round/sticky_mask0_carry__6/CO[3]
                         net (fo=1, unplaced)         0.000     7.435    u_round/sticky_mask0_carry__6_n_0
                         CARRY4 (Prop_carry4_CI_CO[3])
                                                      0.117     7.552 r  u_round/sticky_mask0_carry__7/CO[3]
                         net (fo=1, unplaced)         0.000     7.552    u_round/sticky_mask0_carry__7_n_0
                         CARRY4 (Prop_carry4_CI_CO[3])
                                                      0.117     7.669 r  u_round/sticky_mask0_carry__8/CO[3]
                         net (fo=1, unplaced)         0.000     7.669    u_round/sticky_mask0_carry__8_n_0
                         CARRY4 (Prop_carry4_CI_CO[3])
                                                      0.117     7.786 r  u_round/sticky_mask0_carry__9/CO[3]
                         net (fo=1, unplaced)         0.000     7.786    u_round/sticky_mask0_carry__9_n_0
                         CARRY4 (Prop_carry4_CI_CO[3])
                                                      0.117     7.903 r  u_round/sticky_mask0_carry__10/CO[3]
                         net (fo=1, unplaced)         0.000     7.903    u_round/sticky_mask0_carry__10_n_0
                         CARRY4 (Prop_carry4_CI_O[1])
                                                      0.337     8.240 r  u_round/sticky_mask0_carry__11/O[1]
                         net (fo=1, unplaced)         0.611     8.851    u_round/sticky_mask0[50]
                         LUT6 (Prop_lut6_I0_O)        0.306     9.157 r  u_round/gen_p2.p2_m_ext[8]_i_57/O
                         net (fo=1, unplaced)         1.111    10.268    u_round/gen_p2.p2_m_ext[8]_i_57_n_0
                         LUT6 (Prop_lut6_I3_O)        0.124    10.392 r  u_round/gen_p2.p2_m_ext[8]_i_18/O
                         net (fo=2, unplaced)         0.460    10.852    u_round/gen_p2.p2_m_ext[8]_i_18_n_0
                         LUT6 (Prop_lut6_I3_O)        0.124    10.976 r  u_round/gen_p2.p2_m_ext[8]_i_5/O
                         net (fo=8, unplaced)         0.487    11.463    u_round/sticky_bit__6
                         LUT6 (Prop_lut6_I3_O)        0.124    11.587 r  u_round/gen_p2.p2_m_ext[4]_i_1/O
                         net (fo=1, unplaced)         0.000    11.587    u_round/sum_m_ext[4]
                         FDRE                                         r  u_round/gen_p2.p2_m_ext_reg[4]/D
  -------------------------------------------------------------------    -------------------

                         (clock clk rise edge)        2.000     2.000 r  
                                                      0.000     2.000 r  clk (IN)
                         net (fo=0)                   0.000     2.000    clk
                         IBUF (Prop_ibuf_I_O)         0.811     2.811 r  clk_IBUF_inst/O
                         net (fo=1, unplaced)         0.760     3.570    clk_IBUF
                         BUFG (Prop_bufg_I_O)         0.091     3.661 r  clk_IBUF_BUFG_inst/O
                         net (fo=400, unplaced)       0.439     4.100    u_round/clk_IBUF_BUFG
                         FDRE                                         r  u_round/gen_p2.p2_m_ext_reg[4]/C
                         clock pessimism              0.178     4.279    
                         clock uncertainty           -0.035     4.243    
                         FDRE (Setup_fdre_C_D)        0.029     4.272    u_round/gen_p2.p2_m_ext_reg[4]
  -------------------------------------------------------------------
                         required time                          4.272    
                         arrival time                         -11.587    
  -------------------------------------------------------------------
                         slack                                 -7.314    

Slack (VIOLATED) :        -7.314ns  (required time - arrival time)
  Source:                 u_round/gen_p1.p1_shift_reg[3]/C
                            (rising edge-triggered cell FDRE clocked by clk  {rise@0.000ns fall@1.000ns period=2.000ns})
  Destination:            u_round/gen_p2.p2_m_ext_reg[5]/D
                            (rising edge-triggered cell FDRE clocked by clk  {rise@0.000ns fall@1.000ns period=2.000ns})
  Path Group:             clk
  Path Type:              Setup (Max at Slow Process Corner)
  Requirement:            2.000ns  (clk rise@2.000ns - clk rise@0.000ns)
  Data Path Delay:        9.163ns  (logic 3.938ns (42.977%)  route 5.225ns (57.023%))
  Logic Levels:           20  (CARRY4=13 LUT3=1 LUT5=1 LUT6=5)
  Clock Path Skew:        -0.145ns (DCD - SCD + CPR)
    Destination Clock Delay (DCD):    2.100ns = ( 4.100 - 2.000 ) 
    Source Clock Delay      (SCD):    2.424ns
    Clock Pessimism Removal (CPR):    0.178ns
  Clock Uncertainty:      0.035ns  ((TSJ^2 + TIJ^2)^1/2 + DJ) / 2 + PE
    Total System Jitter     (TSJ):    0.071ns
    Total Input Jitter      (TIJ):    0.000ns
    Discrete Jitter          (DJ):    0.000ns
    Phase Error              (PE):    0.000ns

    Location             Delay type                Incr(ns)  Path(ns)    Netlist Resource(s)
  -------------------------------------------------------------------    -------------------
                         (clock clk rise edge)        0.000     0.000 r  
                                                      0.000     0.000 r  clk (IN)
                         net (fo=0)                   0.000     0.000    clk
                         IBUF (Prop_ibuf_I_O)         0.944     0.944 r  clk_IBUF_inst/O
                         net (fo=1, unplaced)         0.800     1.744    clk_IBUF
                         BUFG (Prop_bufg_I_O)         0.096     1.840 r  clk_IBUF_BUFG_inst/O
                         net (fo=400, unplaced)       0.584     2.424    u_round/clk_IBUF_BUFG
                         FDRE                                         r  u_round/gen_p1.p1_shift_reg[3]/C
  -------------------------------------------------------------------    -------------------
                         FDRE (Prop_fdre_C_Q)         0.456     2.880 r  u_round/gen_p1.p1_shift_reg[3]/Q
                         net (fo=87, unplaced)        0.902     3.782    u_round/gen_p1.p1_shift_reg_n_0_[3]
                         LUT5 (Prop_lut5_I0_O)        0.295     4.077 r  u_round/sticky_mask0_carry_i_7/O
                         net (fo=2, unplaced)         0.460     4.537    u_round/sticky_mask0_carry_i_7_n_0
                         LUT3 (Prop_lut3_I2_O)        0.124     4.661 f  u_round/sticky_mask0_carry_i_6/O
                         net (fo=32, unplaced)        0.520     5.181    u_round/sticky_mask0_carry_i_6_n_0
                         LUT6 (Prop_lut6_I0_O)        0.124     5.305 r  u_round/sticky_mask0_carry_i_5/O
                         net (fo=1, unplaced)         0.665     5.970    u_round/sticky_mask0_carry_i_5_n_0
                         CARRY4 (Prop_carry4_S[0]_CO[3])
                                                      0.637     6.607 r  u_round/sticky_mask0_carry/CO[3]
                         net (fo=1, unplaced)         0.009     6.616    u_round/sticky_mask0_carry_n_0
                         CARRY4 (Prop_carry4_CI_CO[3])
                                                      0.117     6.733 r  u_round/sticky_mask0_carry__0/CO[3]
                         net (fo=1, unplaced)         0.000     6.733    u_round/sticky_mask0_carry__0_n_0
                         CARRY4 (Prop_carry4_CI_CO[3])
                                                      0.117     6.850 r  u_round/sticky_mask0_carry__1/CO[3]
                         net (fo=1, unplaced)         0.000     6.850    u_round/sticky_mask0_carry__1_n_0
                         CARRY4 (Prop_carry4_CI_CO[3])
                                                      0.117     6.967 r  u_round/sticky_mask0_carry__2/CO[3]
                         net (fo=1, unplaced)         0.000     6.967    u_round/sticky_mask0_carry__2_n_0
                         CARRY4 (Prop_carry4_CI_CO[3])
                                                      0.117     7.084 r  u_round/sticky_mask0_carry__3/CO[3]
                         net (fo=1, unplaced)         0.000     7.084    u_round/sticky_mask0_carry__3_n_0
                         CARRY4 (Prop_carry4_CI_CO[3])
                                                      0.117     7.201 r  u_round/sticky_mask0_carry__4/CO[3]
                         net (fo=1, unplaced)         0.000     7.201    u_round/sticky_mask0_carry__4_n_0
                         CARRY4 (Prop_carry4_CI_CO[3])
                                                      0.117     7.318 r  u_round/sticky_mask0_carry__5/CO[3]
                         net (fo=1, unplaced)         0.000     7.318    u_round/sticky_mask0_carry__5_n_0
                         CARRY4 (Prop_carry4_CI_CO[3])
                                                      0.117     7.435 r  u_round/sticky_mask0_carry__6/CO[3]
                         net (fo=1, unplaced)         0.000     7.435    u_round/sticky_mask0_carry__6_n_0
                         CARRY4 (Prop_carry4_CI_CO[3])
                                                      0.117     7.552 r  u_round/sticky_mask0_carry__7/CO[3]
                         net (fo=1, unplaced)         0.000     7.552    u_round/sticky_mask0_carry__7_n_0
                         CARRY4 (Prop_carry4_CI_CO[3])
                                                      0.117     7.669 r  u_round/sticky_mask0_carry__8/CO[3]
                         net (fo=1, unplaced)         0.000     7.669    u_round/sticky_mask0_carry__8_n_0
                         CARRY4 (Prop_carry4_CI_CO[3])
                                                      0.117     7.786 r  u_round/sticky_mask0_carry__9/CO[3]
                         net (fo=1, unplaced)         0.000     7.786    u_round/sticky_mask0_carry__9_n_0
                         CARRY4 (Prop_carry4_CI_CO[3])
                                                      0.117     7.903 r  u_round/sticky_mask0_carry__10/CO[3]
                         net (fo=1, unplaced)         0.000     7.903    u_round/sticky_mask0_carry__10_n_0
                         CARRY4 (Prop_carry4_CI_O[1])
                                                      0.337     8.240 r  u_round/sticky_mask0_carry__11/O[1]
                         net (fo=1, unplaced)         0.611     8.851    u_round/sticky_mask0[50]
                         LUT6 (Prop_lut6_I0_O)        0.306     9.157 r  u_round/gen_p2.p2_m_ext[8]_i_57/O
                         net (fo=1, unplaced)         1.111    10.268    u_round/gen_p2.p2_m_ext[8]_i_57_n_0
                         LUT6 (Prop_lut6_I3_O)        0.124    10.392 r  u_round/gen_p2.p2_m_ext[8]_i_18/O
                         net (fo=2, unplaced)         0.460    10.852    u_round/gen_p2.p2_m_ext[8]_i_18_n_0
                         LUT6 (Prop_lut6_I3_O)        0.124    10.976 r  u_round/gen_p2.p2_m_ext[8]_i_5/O
                         net (fo=8, unplaced)         0.487    11.463    u_round/sticky_bit__6
                         LUT6 (Prop_lut6_I3_O)        0.124    11.587 r  u_round/gen_p2.p2_m_ext[5]_i_1/O
                         net (fo=1, unplaced)         0.000    11.587    u_round/sum_m_ext[5]
                         FDRE                                         r  u_round/gen_p2.p2_m_ext_reg[5]/D
  -------------------------------------------------------------------    -------------------

                         (clock clk rise edge)        2.000     2.000 r  
                                                      0.000     2.000 r  clk (IN)
                         net (fo=0)                   0.000     2.000    clk
                         IBUF (Prop_ibuf_I_O)         0.811     2.811 r  clk_IBUF_inst/O
                         net (fo=1, unplaced)         0.760     3.570    clk_IBUF
                         BUFG (Prop_bufg_I_O)         0.091     3.661 r  clk_IBUF_BUFG_inst/O
                         net (fo=400, unplaced)       0.439     4.100    u_round/clk_IBUF_BUFG
                         FDRE                                         r  u_round/gen_p2.p2_m_ext_reg[5]/C
                         clock pessimism              0.178     4.279    
                         clock uncertainty           -0.035     4.243    
                         FDRE (Setup_fdre_C_D)        0.029     4.272    u_round/gen_p2.p2_m_ext_reg[5]
  -------------------------------------------------------------------
                         required time                          4.272    
                         arrival time                         -11.587    
  -------------------------------------------------------------------
                         slack                                 -7.314    

Slack (VIOLATED) :        -7.314ns  (required time - arrival time)
  Source:                 u_round/gen_p1.p1_shift_reg[3]/C
                            (rising edge-triggered cell FDRE clocked by clk  {rise@0.000ns fall@1.000ns period=2.000ns})
  Destination:            u_round/gen_p2.p2_m_ext_reg[6]/D
                            (rising edge-triggered cell FDRE clocked by clk  {rise@0.000ns fall@1.000ns period=2.000ns})
  Path Group:             clk
  Path Type:              Setup (Max at Slow Process Corner)
  Requirement:            2.000ns  (clk rise@2.000ns - clk rise@0.000ns)
  Data Path Delay:        9.163ns  (logic 3.938ns (42.977%)  route 5.225ns (57.023%))
  Logic Levels:           20  (CARRY4=13 LUT3=1 LUT5=1 LUT6=5)
  Clock Path Skew:        -0.145ns (DCD - SCD + CPR)
    Destination Clock Delay (DCD):    2.100ns = ( 4.100 - 2.000 ) 
    Source Clock Delay      (SCD):    2.424ns
    Clock Pessimism Removal (CPR):    0.178ns
  Clock Uncertainty:      0.035ns  ((TSJ^2 + TIJ^2)^1/2 + DJ) / 2 + PE
    Total System Jitter     (TSJ):    0.071ns
    Total Input Jitter      (TIJ):    0.000ns
    Discrete Jitter          (DJ):    0.000ns
    Phase Error              (PE):    0.000ns

    Location             Delay type                Incr(ns)  Path(ns)    Netlist Resource(s)
  -------------------------------------------------------------------    -------------------
                         (clock clk rise edge)        0.000     0.000 r  
                                                      0.000     0.000 r  clk (IN)
                         net (fo=0)                   0.000     0.000    clk
                         IBUF (Prop_ibuf_I_O)         0.944     0.944 r  clk_IBUF_inst/O
                         net (fo=1, unplaced)         0.800     1.744    clk_IBUF
                         BUFG (Prop_bufg_I_O)         0.096     1.840 r  clk_IBUF_BUFG_inst/O
                         net (fo=400, unplaced)       0.584     2.424    u_round/clk_IBUF_BUFG
                         FDRE                                         r  u_round/gen_p1.p1_shift_reg[3]/C
  -------------------------------------------------------------------    -------------------
                         FDRE (Prop_fdre_C_Q)         0.456     2.880 r  u_round/gen_p1.p1_shift_reg[3]/Q
                         net (fo=87, unplaced)        0.902     3.782    u_round/gen_p1.p1_shift_reg_n_0_[3]
                         LUT5 (Prop_lut5_I0_O)        0.295     4.077 r  u_round/sticky_mask0_carry_i_7/O
                         net (fo=2, unplaced)         0.460     4.537    u_round/sticky_mask0_carry_i_7_n_0
                         LUT3 (Prop_lut3_I2_O)        0.124     4.661 f  u_round/sticky_mask0_carry_i_6/O
                         net (fo=32, unplaced)        0.520     5.181    u_round/sticky_mask0_carry_i_6_n_0
                         LUT6 (Prop_lut6_I0_O)        0.124     5.305 r  u_round/sticky_mask0_carry_i_5/O
                         net (fo=1, unplaced)         0.665     5.970    u_round/sticky_mask0_carry_i_5_n_0
                         CARRY4 (Prop_carry4_S[0]_CO[3])
                                                      0.637     6.607 r  u_round/sticky_mask0_carry/CO[3]
                         net (fo=1, unplaced)         0.009     6.616    u_round/sticky_mask0_carry_n_0
                         CARRY4 (Prop_carry4_CI_CO[3])
                                                      0.117     6.733 r  u_round/sticky_mask0_carry__0/CO[3]
                         net (fo=1, unplaced)         0.000     6.733    u_round/sticky_mask0_carry__0_n_0
                         CARRY4 (Prop_carry4_CI_CO[3])
                                                      0.117     6.850 r  u_round/sticky_mask0_carry__1/CO[3]
                         net (fo=1, unplaced)         0.000     6.850    u_round/sticky_mask0_carry__1_n_0
                         CARRY4 (Prop_carry4_CI_CO[3])
                                                      0.117     6.967 r  u_round/sticky_mask0_carry__2/CO[3]
                         net (fo=1, unplaced)         0.000     6.967    u_round/sticky_mask0_carry__2_n_0
                         CARRY4 (Prop_carry4_CI_CO[3])
                                                      0.117     7.084 r  u_round/sticky_mask0_carry__3/CO[3]
                         net (fo=1, unplaced)         0.000     7.084    u_round/sticky_mask0_carry__3_n_0
                         CARRY4 (Prop_carry4_CI_CO[3])
                                                      0.117     7.201 r  u_round/sticky_mask0_carry__4/CO[3]
                         net (fo=1, unplaced)         0.000     7.201    u_round/sticky_mask0_carry__4_n_0
                         CARRY4 (Prop_carry4_CI_CO[3])
                                                      0.117     7.318 r  u_round/sticky_mask0_carry__5/CO[3]
                         net (fo=1, unplaced)         0.000     7.318    u_round/sticky_mask0_carry__5_n_0
                         CARRY4 (Prop_carry4_CI_CO[3])
                                                      0.117     7.435 r  u_round/sticky_mask0_carry__6/CO[3]
                         net (fo=1, unplaced)         0.000     7.435    u_round/sticky_mask0_carry__6_n_0
                         CARRY4 (Prop_carry4_CI_CO[3])
                                                      0.117     7.552 r  u_round/sticky_mask0_carry__7/CO[3]
                         net (fo=1, unplaced)         0.000     7.552    u_round/sticky_mask0_carry__7_n_0
                         CARRY4 (Prop_carry4_CI_CO[3])
                                                      0.117     7.669 r  u_round/sticky_mask0_carry__8/CO[3]
                         net (fo=1, unplaced)         0.000     7.669    u_round/sticky_mask0_carry__8_n_0
                         CARRY4 (Prop_carry4_CI_CO[3])
                                                      0.117     7.786 r  u_round/sticky_mask0_carry__9/CO[3]
                         net (fo=1, unplaced)         0.000     7.786    u_round/sticky_mask0_carry__9_n_0
                         CARRY4 (Prop_carry4_CI_CO[3])
                                                      0.117     7.903 r  u_round/sticky_mask0_carry__10/CO[3]
                         net (fo=1, unplaced)         0.000     7.903    u_round/sticky_mask0_carry__10_n_0
                         CARRY4 (Prop_carry4_CI_O[1])
                                                      0.337     8.240 r  u_round/sticky_mask0_carry__11/O[1]
                         net (fo=1, unplaced)         0.611     8.851    u_round/sticky_mask0[50]
                         LUT6 (Prop_lut6_I0_O)        0.306     9.157 r  u_round/gen_p2.p2_m_ext[8]_i_57/O
                         net (fo=1, unplaced)         1.111    10.268    u_round/gen_p2.p2_m_ext[8]_i_57_n_0
                         LUT6 (Prop_lut6_I3_O)        0.124    10.392 r  u_round/gen_p2.p2_m_ext[8]_i_18/O
                         net (fo=2, unplaced)         0.460    10.852    u_round/gen_p2.p2_m_ext[8]_i_18_n_0
                         LUT6 (Prop_lut6_I3_O)        0.124    10.976 r  u_round/gen_p2.p2_m_ext[8]_i_5/O
                         net (fo=8, unplaced)         0.487    11.463    u_round/sticky_bit__6
                         LUT6 (Prop_lut6_I3_O)        0.124    11.587 r  u_round/gen_p2.p2_m_ext[6]_i_1/O
                         net (fo=1, unplaced)         0.000    11.587    u_round/sum_m_ext[6]
                         FDRE                                         r  u_round/gen_p2.p2_m_ext_reg[6]/D
  -------------------------------------------------------------------    -------------------

                         (clock clk rise edge)        2.000     2.000 r  
                                                      0.000     2.000 r  clk (IN)
                         net (fo=0)                   0.000     2.000    clk
                         IBUF (Prop_ibuf_I_O)         0.811     2.811 r  clk_IBUF_inst/O
                         net (fo=1, unplaced)         0.760     3.570    clk_IBUF
                         BUFG (Prop_bufg_I_O)         0.091     3.661 r  clk_IBUF_BUFG_inst/O
                         net (fo=400, unplaced)       0.439     4.100    u_round/clk_IBUF_BUFG
                         FDRE                                         r  u_round/gen_p2.p2_m_ext_reg[6]/C
                         clock pessimism              0.178     4.279    
                         clock uncertainty           -0.035     4.243    
                         FDRE (Setup_fdre_C_D)        0.029     4.272    u_round/gen_p2.p2_m_ext_reg[6]
  -------------------------------------------------------------------
                         required time                          4.272    
                         arrival time                         -11.587    
  -------------------------------------------------------------------
                         slack                                 -7.314    

Slack (VIOLATED) :        -7.314ns  (required time - arrival time)
  Source:                 u_round/gen_p1.p1_shift_reg[3]/C
                            (rising edge-triggered cell FDRE clocked by clk  {rise@0.000ns fall@1.000ns period=2.000ns})
  Destination:            u_round/gen_p2.p2_m_ext_reg[7]/D
                            (rising edge-triggered cell FDRE clocked by clk  {rise@0.000ns fall@1.000ns period=2.000ns})
  Path Group:             clk
  Path Type:              Setup (Max at Slow Process Corner)
  Requirement:            2.000ns  (clk rise@2.000ns - clk rise@0.000ns)
  Data Path Delay:        9.163ns  (logic 3.938ns (42.977%)  route 5.225ns (57.023%))
  Logic Levels:           20  (CARRY4=13 LUT3=1 LUT5=1 LUT6=5)
  Clock Path Skew:        -0.145ns (DCD - SCD + CPR)
    Destination Clock Delay (DCD):    2.100ns = ( 4.100 - 2.000 ) 
    Source Clock Delay      (SCD):    2.424ns
    Clock Pessimism Removal (CPR):    0.178ns
  Clock Uncertainty:      0.035ns  ((TSJ^2 + TIJ^2)^1/2 + DJ) / 2 + PE
    Total System Jitter     (TSJ):    0.071ns
    Total Input Jitter      (TIJ):    0.000ns
    Discrete Jitter          (DJ):    0.000ns
    Phase Error              (PE):    0.000ns

    Location             Delay type                Incr(ns)  Path(ns)    Netlist Resource(s)
  -------------------------------------------------------------------    -------------------
                         (clock clk rise edge)        0.000     0.000 r  
                                                      0.000     0.000 r  clk (IN)
                         net (fo=0)                   0.000     0.000    clk
                         IBUF (Prop_ibuf_I_O)         0.944     0.944 r  clk_IBUF_inst/O
                         net (fo=1, unplaced)         0.800     1.744    clk_IBUF
                         BUFG (Prop_bufg_I_O)         0.096     1.840 r  clk_IBUF_BUFG_inst/O
                         net (fo=400, unplaced)       0.584     2.424    u_round/clk_IBUF_BUFG
                         FDRE                                         r  u_round/gen_p1.p1_shift_reg[3]/C
  -------------------------------------------------------------------    -------------------
                         FDRE (Prop_fdre_C_Q)         0.456     2.880 r  u_round/gen_p1.p1_shift_reg[3]/Q
                         net (fo=87, unplaced)        0.902     3.782    u_round/gen_p1.p1_shift_reg_n_0_[3]
                         LUT5 (Prop_lut5_I0_O)        0.295     4.077 r  u_round/sticky_mask0_carry_i_7/O
                         net (fo=2, unplaced)         0.460     4.537    u_round/sticky_mask0_carry_i_7_n_0
                         LUT3 (Prop_lut3_I2_O)        0.124     4.661 f  u_round/sticky_mask0_carry_i_6/O
                         net (fo=32, unplaced)        0.520     5.181    u_round/sticky_mask0_carry_i_6_n_0
                         LUT6 (Prop_lut6_I0_O)        0.124     5.305 r  u_round/sticky_mask0_carry_i_5/O
                         net (fo=1, unplaced)         0.665     5.970    u_round/sticky_mask0_carry_i_5_n_0
                         CARRY4 (Prop_carry4_S[0]_CO[3])
                                                      0.637     6.607 r  u_round/sticky_mask0_carry/CO[3]
                         net (fo=1, unplaced)         0.009     6.616    u_round/sticky_mask0_carry_n_0
                         CARRY4 (Prop_carry4_CI_CO[3])
                                                      0.117     6.733 r  u_round/sticky_mask0_carry__0/CO[3]
                         net (fo=1, unplaced)         0.000     6.733    u_round/sticky_mask0_carry__0_n_0
                         CARRY4 (Prop_carry4_CI_CO[3])
                                                      0.117     6.850 r  u_round/sticky_mask0_carry__1/CO[3]
                         net (fo=1, unplaced)         0.000     6.850    u_round/sticky_mask0_carry__1_n_0
                         CARRY4 (Prop_carry4_CI_CO[3])
                                                      0.117     6.967 r  u_round/sticky_mask0_carry__2/CO[3]
                         net (fo=1, unplaced)         0.000     6.967    u_round/sticky_mask0_carry__2_n_0
                         CARRY4 (Prop_carry4_CI_CO[3])
                                                      0.117     7.084 r  u_round/sticky_mask0_carry__3/CO[3]
                         net (fo=1, unplaced)         0.000     7.084    u_round/sticky_mask0_carry__3_n_0
                         CARRY4 (Prop_carry4_CI_CO[3])
                                                      0.117     7.201 r  u_round/sticky_mask0_carry__4/CO[3]
                         net (fo=1, unplaced)         0.000     7.201    u_round/sticky_mask0_carry__4_n_0
                         CARRY4 (Prop_carry4_CI_CO[3])
                                                      0.117     7.318 r  u_round/sticky_mask0_carry__5/CO[3]
                         net (fo=1, unplaced)         0.000     7.318    u_round/sticky_mask0_carry__5_n_0
                         CARRY4 (Prop_carry4_CI_CO[3])
                                                      0.117     7.435 r  u_round/sticky_mask0_carry__6/CO[3]
                         net (fo=1, unplaced)         0.000     7.435    u_round/sticky_mask0_carry__6_n_0
                         CARRY4 (Prop_carry4_CI_CO[3])
                                                      0.117     7.552 r  u_round/sticky_mask0_carry__7/CO[3]
                         net (fo=1, unplaced)         0.000     7.552    u_round/sticky_mask0_carry__7_n_0
                         CARRY4 (Prop_carry4_CI_CO[3])
                                                      0.117     7.669 r  u_round/sticky_mask0_carry__8/CO[3]
                         net (fo=1, unplaced)         0.000     7.669    u_round/sticky_mask0_carry__8_n_0
                         CARRY4 (Prop_carry4_CI_CO[3])
                                                      0.117     7.786 r  u_round/sticky_mask0_carry__9/CO[3]
                         net (fo=1, unplaced)         0.000     7.786    u_round/sticky_mask0_carry__9_n_0
                         CARRY4 (Prop_carry4_CI_CO[3])
                                                      0.117     7.903 r  u_round/sticky_mask0_carry__10/CO[3]
                         net (fo=1, unplaced)         0.000     7.903    u_round/sticky_mask0_carry__10_n_0
                         CARRY4 (Prop_carry4_CI_O[1])
                                                      0.337     8.240 r  u_round/sticky_mask0_carry__11/O[1]
                         net (fo=1, unplaced)         0.611     8.851    u_round/sticky_mask0[50]
                         LUT6 (Prop_lut6_I0_O)        0.306     9.157 r  u_round/gen_p2.p2_m_ext[8]_i_57/O
                         net (fo=1, unplaced)         1.111    10.268    u_round/gen_p2.p2_m_ext[8]_i_57_n_0
                         LUT6 (Prop_lut6_I3_O)        0.124    10.392 r  u_round/gen_p2.p2_m_ext[8]_i_18/O
                         net (fo=2, unplaced)         0.460    10.852    u_round/gen_p2.p2_m_ext[8]_i_18_n_0
                         LUT6 (Prop_lut6_I3_O)        0.124    10.976 r  u_round/gen_p2.p2_m_ext[8]_i_5/O
                         net (fo=8, unplaced)         0.487    11.463    u_round/sticky_bit__6
                         LUT6 (Prop_lut6_I3_O)        0.124    11.587 r  u_round/gen_p2.p2_m_ext[7]_i_1/O
                         net (fo=1, unplaced)         0.000    11.587    u_round/sum_m_ext[7]
                         FDRE                                         r  u_round/gen_p2.p2_m_ext_reg[7]/D
  -------------------------------------------------------------------    -------------------

                         (clock clk rise edge)        2.000     2.000 r  
                                                      0.000     2.000 r  clk (IN)
                         net (fo=0)                   0.000     2.000    clk
                         IBUF (Prop_ibuf_I_O)         0.811     2.811 r  clk_IBUF_inst/O
                         net (fo=1, unplaced)         0.760     3.570    clk_IBUF
                         BUFG (Prop_bufg_I_O)         0.091     3.661 r  clk_IBUF_BUFG_inst/O
                         net (fo=400, unplaced)       0.439     4.100    u_round/clk_IBUF_BUFG
                         FDRE                                         r  u_round/gen_p2.p2_m_ext_reg[7]/C
                         clock pessimism              0.178     4.279    
                         clock uncertainty           -0.035     4.243    
                         FDRE (Setup_fdre_C_D)        0.029     4.272    u_round/gen_p2.p2_m_ext_reg[7]
  -------------------------------------------------------------------
                         required time                          4.272    
                         arrival time                         -11.587    
  -------------------------------------------------------------------
                         slack                                 -7.314    

Slack (VIOLATED) :        -7.314ns  (required time - arrival time)
  Source:                 u_round/gen_p1.p1_shift_reg[3]/C
                            (rising edge-triggered cell FDRE clocked by clk  {rise@0.000ns fall@1.000ns period=2.000ns})
  Destination:            u_round/gen_p2.p2_m_ext_reg[8]/D
                            (rising edge-triggered cell FDRE clocked by clk  {rise@0.000ns fall@1.000ns period=2.000ns})
  Path Group:             clk
  Path Type:              Setup (Max at Slow Process Corner)
  Requirement:            2.000ns  (clk rise@2.000ns - clk rise@0.000ns)
  Data Path Delay:        9.163ns  (logic 3.938ns (42.977%)  route 5.225ns (57.023%))
  Logic Levels:           20  (CARRY4=13 LUT3=1 LUT5=1 LUT6=5)
  Clock Path Skew:        -0.145ns (DCD - SCD + CPR)
    Destination Clock Delay (DCD):    2.100ns = ( 4.100 - 2.000 ) 
    Source Clock Delay      (SCD):    2.424ns
    Clock Pessimism Removal (CPR):    0.178ns
  Clock Uncertainty:      0.035ns  ((TSJ^2 + TIJ^2)^1/2 + DJ) / 2 + PE
    Total System Jitter     (TSJ):    0.071ns
    Total Input Jitter      (TIJ):    0.000ns
    Discrete Jitter          (DJ):    0.000ns
    Phase Error              (PE):    0.000ns

    Location             Delay type                Incr(ns)  Path(ns)    Netlist Resource(s)
  -------------------------------------------------------------------    -------------------
                         (clock clk rise edge)        0.000     0.000 r  
                                                      0.000     0.000 r  clk (IN)
                         net (fo=0)                   0.000     0.000    clk
                         IBUF (Prop_ibuf_I_O)         0.944     0.944 r  clk_IBUF_inst/O
                         net (fo=1, unplaced)         0.800     1.744    clk_IBUF
                         BUFG (Prop_bufg_I_O)         0.096     1.840 r  clk_IBUF_BUFG_inst/O
                         net (fo=400, unplaced)       0.584     2.424    u_round/clk_IBUF_BUFG
                         FDRE                                         r  u_round/gen_p1.p1_shift_reg[3]/C
  -------------------------------------------------------------------    -------------------
                         FDRE (Prop_fdre_C_Q)         0.456     2.880 r  u_round/gen_p1.p1_shift_reg[3]/Q
                         net (fo=87, unplaced)        0.902     3.782    u_round/gen_p1.p1_shift_reg_n_0_[3]
                         LUT5 (Prop_lut5_I0_O)        0.295     4.077 r  u_round/sticky_mask0_carry_i_7/O
                         net (fo=2, unplaced)         0.460     4.537    u_round/sticky_mask0_carry_i_7_n_0
                         LUT3 (Prop_lut3_I2_O)        0.124     4.661 f  u_round/sticky_mask0_carry_i_6/O
                         net (fo=32, unplaced)        0.520     5.181    u_round/sticky_mask0_carry_i_6_n_0
                         LUT6 (Prop_lut6_I0_O)        0.124     5.305 r  u_round/sticky_mask0_carry_i_5/O
                         net (fo=1, unplaced)         0.665     5.970    u_round/sticky_mask0_carry_i_5_n_0
                         CARRY4 (Prop_carry4_S[0]_CO[3])
                                                      0.637     6.607 r  u_round/sticky_mask0_carry/CO[3]
                         net (fo=1, unplaced)         0.009     6.616    u_round/sticky_mask0_carry_n_0
                         CARRY4 (Prop_carry4_CI_CO[3])
                                                      0.117     6.733 r  u_round/sticky_mask0_carry__0/CO[3]
                         net (fo=1, unplaced)         0.000     6.733    u_round/sticky_mask0_carry__0_n_0
                         CARRY4 (Prop_carry4_CI_CO[3])
                                                      0.117     6.850 r  u_round/sticky_mask0_carry__1/CO[3]
                         net (fo=1, unplaced)         0.000     6.850    u_round/sticky_mask0_carry__1_n_0
                         CARRY4 (Prop_carry4_CI_CO[3])
                                                      0.117     6.967 r  u_round/sticky_mask0_carry__2/CO[3]
                         net (fo=1, unplaced)         0.000     6.967    u_round/sticky_mask0_carry__2_n_0
                         CARRY4 (Prop_carry4_CI_CO[3])
                                                      0.117     7.084 r  u_round/sticky_mask0_carry__3/CO[3]
                         net (fo=1, unplaced)         0.000     7.084    u_round/sticky_mask0_carry__3_n_0
                         CARRY4 (Prop_carry4_CI_CO[3])
                                                      0.117     7.201 r  u_round/sticky_mask0_carry__4/CO[3]
                         net (fo=1, unplaced)         0.000     7.201    u_round/sticky_mask0_carry__4_n_0
                         CARRY4 (Prop_carry4_CI_CO[3])
                                                      0.117     7.318 r  u_round/sticky_mask0_carry__5/CO[3]
                         net (fo=1, unplaced)         0.000     7.318    u_round/sticky_mask0_carry__5_n_0
                         CARRY4 (Prop_carry4_CI_CO[3])
                                                      0.117     7.435 r  u_round/sticky_mask0_carry__6/CO[3]
                         net (fo=1, unplaced)         0.000     7.435    u_round/sticky_mask0_carry__6_n_0
                         CARRY4 (Prop_carry4_CI_CO[3])
                                                      0.117     7.552 r  u_round/sticky_mask0_carry__7/CO[3]
                         net (fo=1, unplaced)         0.000     7.552    u_round/sticky_mask0_carry__7_n_0
                         CARRY4 (Prop_carry4_CI_CO[3])
                                                      0.117     7.669 r  u_round/sticky_mask0_carry__8/CO[3]
                         net (fo=1, unplaced)         0.000     7.669    u_round/sticky_mask0_carry__8_n_0
                         CARRY4 (Prop_carry4_CI_CO[3])
                                                      0.117     7.786 r  u_round/sticky_mask0_carry__9/CO[3]
                         net (fo=1, unplaced)         0.000     7.786    u_round/sticky_mask0_carry__9_n_0
                         CARRY4 (Prop_carry4_CI_CO[3])
                                                      0.117     7.903 r  u_round/sticky_mask0_carry__10/CO[3]
                         net (fo=1, unplaced)         0.000     7.903    u_round/sticky_mask0_carry__10_n_0
                         CARRY4 (Prop_carry4_CI_O[1])
                                                      0.337     8.240 r  u_round/sticky_mask0_carry__11/O[1]
                         net (fo=1, unplaced)         0.611     8.851    u_round/sticky_mask0[50]
                         LUT6 (Prop_lut6_I0_O)        0.306     9.157 r  u_round/gen_p2.p2_m_ext[8]_i_57/O
                         net (fo=1, unplaced)         1.111    10.268    u_round/gen_p2.p2_m_ext[8]_i_57_n_0
                         LUT6 (Prop_lut6_I3_O)        0.124    10.392 r  u_round/gen_p2.p2_m_ext[8]_i_18/O
                         net (fo=2, unplaced)         0.460    10.852    u_round/gen_p2.p2_m_ext[8]_i_18_n_0
                         LUT6 (Prop_lut6_I3_O)        0.124    10.976 r  u_round/gen_p2.p2_m_ext[8]_i_5/O
                         net (fo=8, unplaced)         0.487    11.463    u_round/sticky_bit__6
                         LUT6 (Prop_lut6_I3_O)        0.124    11.587 r  u_round/gen_p2.p2_m_ext[8]_i_1/O
                         net (fo=1, unplaced)         0.000    11.587    u_round/sum_m_ext[8]
                         FDRE                                         r  u_round/gen_p2.p2_m_ext_reg[8]/D
  -------------------------------------------------------------------    -------------------

                         (clock clk rise edge)        2.000     2.000 r  
                                                      0.000     2.000 r  clk (IN)
                         net (fo=0)                   0.000     2.000    clk
                         IBUF (Prop_ibuf_I_O)         0.811     2.811 r  clk_IBUF_inst/O
                         net (fo=1, unplaced)         0.760     3.570    clk_IBUF
                         BUFG (Prop_bufg_I_O)         0.091     3.661 r  clk_IBUF_BUFG_inst/O
                         net (fo=400, unplaced)       0.439     4.100    u_round/clk_IBUF_BUFG
                         FDRE                                         r  u_round/gen_p2.p2_m_ext_reg[8]/C
                         clock pessimism              0.178     4.279    
                         clock uncertainty           -0.035     4.243    
                         FDRE (Setup_fdre_C_D)        0.029     4.272    u_round/gen_p2.p2_m_ext_reg[8]
  -------------------------------------------------------------------
                         required time                          4.272    
                         arrival time                         -11.587    
  -------------------------------------------------------------------
                         slack                                 -7.314    




