Copyright 1986-2022 Xilinx, Inc. All Rights Reserved. Copyright 2022-2025 Advanced Micro Devices, Inc. All Rights Reserved.
-----------------------------------------------------------------------------------------------------------------------------------------------------------------------------------------------------------------
| Tool Version : Vivado v.2025.2 (lin64) Build 6299465 Fri Nov 14 12:34:56 MST 2025
| Date         : Wed Jul 29 21:08:36 2026
| Host         : radoslaw-feiglewicz running 64-bit Ubuntu 24.04.2 LTS
| Command      : report_timing -max_paths 3 -unique_pins -delay_type max -file /home/radoslaw-feiglewicz/Pulpit/Git_projects/exp_eval_benchmarks/ai_math_modeling/build/vivado_compare/crit_poly4_dsp+retime.rpt
| Design       : bf16_expe_poly4
| Device       : 7a200t-fbg484
| Speed File   : -1  PRODUCTION 1.23 2018-06-13
| Design State : Synthesized
-----------------------------------------------------------------------------------------------------------------------------------------------------------------------------------------------------------------

Timing Report

Slack (VIOLATED) :        -4.103ns  (required time - arrival time)
  Source:                 gen_frontend_dsp.mult_t/CLK
                            (rising edge-triggered cell DSP48E1 clocked by clk  {rise@0.000ns fall@1.000ns period=2.000ns})
  Destination:            gen_fe2_reg.gen_nrst.fe2_aligned_reg[0]/D
                            (rising edge-triggered cell FDRE clocked by clk  {rise@0.000ns fall@1.000ns period=2.000ns})
  Path Group:             clk
  Path Type:              Setup (Max at Slow Process Corner)
  Requirement:            2.000ns  (clk rise@2.000ns - clk rise@0.000ns)
  Data Path Delay:        5.874ns  (logic 4.275ns (72.773%)  route 1.599ns (27.227%))
  Logic Levels:           1  (DSP48E1=1)
  Clock Path Skew:        -0.145ns (DCD - SCD + CPR)
    Destination Clock Delay (DCD):    2.100ns = ( 4.100 - 2.000 ) 
    Source Clock Delay      (SCD):    2.424ns
    Clock Pessimism Removal (CPR):    0.178ns
  Clock Uncertainty:      0.035ns  ((TSJ^2 + TIJ^2)^1/2 + DJ) / 2 + PE
    Total System Jitter     (TSJ):    0.071ns
    Total Input Jitter      (TIJ):    0.000ns
    Discrete Jitter          (DJ):    0.000ns
    Phase Error              (PE):    0.000ns

    Location             Delay type                Incr(ns)  Path(ns)    Netlist Resource(s)
  -------------------------------------------------------------------    -------------------
                         (clock clk rise edge)        0.000     0.000 r  
                                                      0.000     0.000 r  clk (IN)
                         net (fo=0)                   0.000     0.000    clk
                         IBUF (Prop_ibuf_I_O)         0.944     0.944 r  clk_IBUF_inst/O
                         net (fo=1, unplaced)         0.800     1.744    clk_IBUF
                         BUFG (Prop_bufg_I_O)         0.096     1.840 r  clk_IBUF_BUFG_inst/O
                         net (fo=229, unplaced)       0.584     2.424    clk_IBUF_BUFG
                         DSP48E1                                      r  gen_frontend_dsp.mult_t/CLK
  -------------------------------------------------------------------    -------------------
                         DSP48E1 (Prop_dsp48e1_CLK_P[30])
                                                      0.434     2.858 r  gen_frontend_dsp.mult_t/P[30]
                         net (fo=1, unplaced)         0.800     3.657    gen_frontend_dsp.gen_fe_reg.fe1_t7_reg[23]
                         DSP48E1 (Prop_dsp48e1_A[23]_P[15])
                                                      3.841     7.498 r  gen_frontend_dsp.scaled_comb/P[15]
                         net (fo=1, unplaced)         0.800     8.298    fe_aligned_raw[0]
                         FDRE                                         r  gen_fe2_reg.gen_nrst.fe2_aligned_reg[0]/D
  -------------------------------------------------------------------    -------------------

                         (clock clk rise edge)        2.000     2.000 r  
                                                      0.000     2.000 r  clk (IN)
                         net (fo=0)                   0.000     2.000    clk
                         IBUF (Prop_ibuf_I_O)         0.811     2.811 r  clk_IBUF_inst/O
                         net (fo=1, unplaced)         0.760     3.570    clk_IBUF
                         BUFG (Prop_bufg_I_O)         0.091     3.661 r  clk_IBUF_BUFG_inst/O
                         net (fo=229, unplaced)       0.439     4.100    clk_IBUF_BUFG
                         FDRE                                         r  gen_fe2_reg.gen_nrst.fe2_aligned_reg[0]/C
                         clock pessimism              0.178     4.279    
                         clock uncertainty           -0.035     4.243    
                         FDRE (Setup_fdre_C_D)       -0.048     4.195    gen_fe2_reg.gen_nrst.fe2_aligned_reg[0]
  -------------------------------------------------------------------
                         required time                          4.195    
                         arrival time                          -8.298    
  -------------------------------------------------------------------
                         slack                                 -4.103    

Slack (VIOLATED) :        -4.103ns  (required time - arrival time)
  Source:                 gen_frontend_dsp.mult_t/CLK
                            (rising edge-triggered cell DSP48E1 clocked by clk  {rise@0.000ns fall@1.000ns period=2.000ns})
  Destination:            gen_fe2_reg.gen_nrst.fe2_aligned_reg[10]/D
                            (rising edge-triggered cell FDRE clocked by clk  {rise@0.000ns fall@1.000ns period=2.000ns})
  Path Group:             clk
  Path Type:              Setup (Max at Slow Process Corner)
  Requirement:            2.000ns  (clk rise@2.000ns - clk rise@0.000ns)
  Data Path Delay:        5.874ns  (logic 4.275ns (72.773%)  route 1.599ns (27.227%))
  Logic Levels:           1  (DSP48E1=1)
  Clock Path Skew:        -0.145ns (DCD - SCD + CPR)
    Destination Clock Delay (DCD):    2.100ns = ( 4.100 - 2.000 ) 
    Source Clock Delay      (SCD):    2.424ns
    Clock Pessimism Removal (CPR):    0.178ns
  Clock Uncertainty:      0.035ns  ((TSJ^2 + TIJ^2)^1/2 + DJ) / 2 + PE
    Total System Jitter     (TSJ):    0.071ns
    Total Input Jitter      (TIJ):    0.000ns
    Discrete Jitter          (DJ):    0.000ns
    Phase Error              (PE):    0.000ns

    Location             Delay type                Incr(ns)  Path(ns)    Netlist Resource(s)
  -------------------------------------------------------------------    -------------------
                         (clock clk rise edge)        0.000     0.000 r  
                                                      0.000     0.000 r  clk (IN)
                         net (fo=0)                   0.000     0.000    clk
                         IBUF (Prop_ibuf_I_O)         0.944     0.944 r  clk_IBUF_inst/O
                         net (fo=1, unplaced)         0.800     1.744    clk_IBUF
                         BUFG (Prop_bufg_I_O)         0.096     1.840 r  clk_IBUF_BUFG_inst/O
                         net (fo=229, unplaced)       0.584     2.424    clk_IBUF_BUFG
                         DSP48E1                                      r  gen_frontend_dsp.mult_t/CLK
  -------------------------------------------------------------------    -------------------
                         DSP48E1 (Prop_dsp48e1_CLK_P[30])
                                                      0.434     2.858 r  gen_frontend_dsp.mult_t/P[30]
                         net (fo=1, unplaced)         0.800     3.657    gen_frontend_dsp.gen_fe_reg.fe1_t7_reg[23]
                         DSP48E1 (Prop_dsp48e1_A[23]_P[25])
                                                      3.841     7.498 r  gen_frontend_dsp.scaled_comb/P[25]
                         net (fo=1, unplaced)         0.800     8.298    fe_aligned_raw[10]
                         FDRE                                         r  gen_fe2_reg.gen_nrst.fe2_aligned_reg[10]/D
  -------------------------------------------------------------------    -------------------

                         (clock clk rise edge)        2.000     2.000 r  
                                                      0.000     2.000 r  clk (IN)
                         net (fo=0)                   0.000     2.000    clk
                         IBUF (Prop_ibuf_I_O)         0.811     2.811 r  clk_IBUF_inst/O
                         net (fo=1, unplaced)         0.760     3.570    clk_IBUF
                         BUFG (Prop_bufg_I_O)         0.091     3.661 r  clk_IBUF_BUFG_inst/O
                         net (fo=229, unplaced)       0.439     4.100    clk_IBUF_BUFG
                         FDRE                                         r  gen_fe2_reg.gen_nrst.fe2_aligned_reg[10]/C
                         clock pessimism              0.178     4.279    
                         clock uncertainty           -0.035     4.243    
                         FDRE (Setup_fdre_C_D)       -0.048     4.195    gen_fe2_reg.gen_nrst.fe2_aligned_reg[10]
  -------------------------------------------------------------------
                         required time                          4.195    
                         arrival time                          -8.298    
  -------------------------------------------------------------------
                         slack                                 -4.103    

Slack (VIOLATED) :        -4.103ns  (required time - arrival time)
  Source:                 gen_frontend_dsp.mult_t/CLK
                            (rising edge-triggered cell DSP48E1 clocked by clk  {rise@0.000ns fall@1.000ns period=2.000ns})
  Destination:            gen_fe2_reg.gen_nrst.fe2_aligned_reg[11]/D
                            (rising edge-triggered cell FDRE clocked by clk  {rise@0.000ns fall@1.000ns period=2.000ns})
  Path Group:             clk
  Path Type:              Setup (Max at Slow Process Corner)
  Requirement:            2.000ns  (clk rise@2.000ns - clk rise@0.000ns)
  Data Path Delay:        5.874ns  (logic 4.275ns (72.773%)  route 1.599ns (27.227%))
  Logic Levels:           1  (DSP48E1=1)
  Clock Path Skew:        -0.145ns (DCD - SCD + CPR)
    Destination Clock Delay (DCD):    2.100ns = ( 4.100 - 2.000 ) 
    Source Clock Delay      (SCD):    2.424ns
    Clock Pessimism Removal (CPR):    0.178ns
  Clock Uncertainty:      0.035ns  ((TSJ^2 + TIJ^2)^1/2 + DJ) / 2 + PE
    Total System Jitter     (TSJ):    0.071ns
    Total Input Jitter      (TIJ):    0.000ns
    Discrete Jitter          (DJ):    0.000ns
    Phase Error              (PE):    0.000ns

    Location             Delay type                Incr(ns)  Path(ns)    Netlist Resource(s)
  -------------------------------------------------------------------    -------------------
                         (clock clk rise edge)        0.000     0.000 r  
                                                      0.000     0.000 r  clk (IN)
                         net (fo=0)                   0.000     0.000    clk
                         IBUF (Prop_ibuf_I_O)         0.944     0.944 r  clk_IBUF_inst/O
                         net (fo=1, unplaced)         0.800     1.744    clk_IBUF
                         BUFG (Prop_bufg_I_O)         0.096     1.840 r  clk_IBUF_BUFG_inst/O
                         net (fo=229, unplaced)       0.584     2.424    clk_IBUF_BUFG
                         DSP48E1                                      r  gen_frontend_dsp.mult_t/CLK
  -------------------------------------------------------------------    -------------------
                         DSP48E1 (Prop_dsp48e1_CLK_P[30])
                                                      0.434     2.858 r  gen_frontend_dsp.mult_t/P[30]
                         net (fo=1, unplaced)         0.800     3.657    gen_frontend_dsp.gen_fe_reg.fe1_t7_reg[23]
                         DSP48E1 (Prop_dsp48e1_A[23]_P[26])
                                                      3.841     7.498 r  gen_frontend_dsp.scaled_comb/P[26]
                         net (fo=1, unplaced)         0.800     8.298    fe_aligned_raw[11]
                         FDRE                                         r  gen_fe2_reg.gen_nrst.fe2_aligned_reg[11]/D
  -------------------------------------------------------------------    -------------------

                         (clock clk rise edge)        2.000     2.000 r  
                                                      0.000     2.000 r  clk (IN)
                         net (fo=0)                   0.000     2.000    clk
                         IBUF (Prop_ibuf_I_O)         0.811     2.811 r  clk_IBUF_inst/O
                         net (fo=1, unplaced)         0.760     3.570    clk_IBUF
                         BUFG (Prop_bufg_I_O)         0.091     3.661 r  clk_IBUF_BUFG_inst/O
                         net (fo=229, unplaced)       0.439     4.100    clk_IBUF_BUFG
                         FDRE                                         r  gen_fe2_reg.gen_nrst.fe2_aligned_reg[11]/C
                         clock pessimism              0.178     4.279    
                         clock uncertainty           -0.035     4.243    
                         FDRE (Setup_fdre_C_D)       -0.048     4.195    gen_fe2_reg.gen_nrst.fe2_aligned_reg[11]
  -------------------------------------------------------------------
                         required time                          4.195    
                         arrival time                          -8.298    
  -------------------------------------------------------------------
                         slack                                 -4.103    




