Copyright 1986-2022 Xilinx, Inc. All Rights Reserved. Copyright 2022-2025 Advanced Micro Devices, Inc. All Rights Reserved.
-------------------------------------------------------------------------------------------------------------------------------------------------------------------------------------------------------------------
| Tool Version : Vivado v.2025.2 (lin64) Build 6299465 Fri Nov 14 12:34:56 MST 2025
| Date         : Wed Jul 29 20:53:26 2026
| Host         : radoslaw-feiglewicz running 64-bit Ubuntu 24.04.2 LTS
| Command      : report_timing -max_paths 3 -unique_pins -delay_type max -file /home/radoslaw-feiglewicz/Pulpit/Git_projects/exp_eval_benchmarks/ai_math_modeling/build/vivado_compare/crit_split_L2_S1_A3_sp1.rpt
| Design       : bf16_exp2
| Device       : 7a200t-fbg484
| Speed File   : -1  PRODUCTION 1.23 2018-06-13
| Design State : Synthesized
-------------------------------------------------------------------------------------------------------------------------------------------------------------------------------------------------------------------

Timing Report

Slack (VIOLATED) :        -4.185ns  (required time - arrival time)
  Source:                 u_round/gen_p1.p1_mant_reg[55]/C
                            (rising edge-triggered cell FDRE clocked by clk  {rise@0.000ns fall@1.000ns period=2.000ns})
  Destination:            u_round/gen_p2.p2_m_ext_reg[8]/D
                            (rising edge-triggered cell FDRE clocked by clk  {rise@0.000ns fall@1.000ns period=2.000ns})
  Path Group:             clk
  Path Type:              Setup (Max at Slow Process Corner)
  Requirement:            2.000ns  (clk rise@2.000ns - clk rise@0.000ns)
  Data Path Delay:        6.034ns  (logic 1.371ns (22.721%)  route 4.663ns (77.279%))
  Logic Levels:           6  (LUT4=1 LUT5=1 LUT6=4)
  Clock Path Skew:        -0.145ns (DCD - SCD + CPR)
    Destination Clock Delay (DCD):    2.100ns = ( 4.100 - 2.000 ) 
    Source Clock Delay      (SCD):    2.424ns
    Clock Pessimism Removal (CPR):    0.178ns
  Clock Uncertainty:      0.035ns  ((TSJ^2 + TIJ^2)^1/2 + DJ) / 2 + PE
    Total System Jitter     (TSJ):    0.071ns
    Total Input Jitter      (TIJ):    0.000ns
    Discrete Jitter          (DJ):    0.000ns
    Phase Error              (PE):    0.000ns

    Location             Delay type                Incr(ns)  Path(ns)    Netlist Resource(s)
  -------------------------------------------------------------------    -------------------
                         (clock clk rise edge)        0.000     0.000 r  
                                                      0.000     0.000 r  clk (IN)
                         net (fo=0)                   0.000     0.000    clk
                         IBUF (Prop_ibuf_I_O)         0.944     0.944 r  clk_IBUF_inst/O
                         net (fo=1, unplaced)         0.800     1.744    clk_IBUF
                         BUFG (Prop_bufg_I_O)         0.096     1.840 r  clk_IBUF_BUFG_inst/O
                         net (fo=531, unplaced)       0.584     2.424    u_round/clk_IBUF_BUFG
                         FDRE                                         r  u_round/gen_p1.p1_mant_reg[55]/C
  -------------------------------------------------------------------    -------------------
                         FDRE (Prop_fdre_C_Q)         0.456     2.880 f  u_round/gen_p1.p1_mant_reg[55]/Q
                         net (fo=4, unplaced)         0.989     3.869    u_round/p1_mant[55]
                         LUT6 (Prop_lut6_I0_O)        0.295     4.164 f  u_round/gen_p2.p2_m_ext[8]_i_43/O
                         net (fo=2, unplaced)         0.913     5.077    u_round/gen_p2.p2_m_ext[8]_i_43_n_0
                         LUT6 (Prop_lut6_I1_O)        0.124     5.201 f  u_round/gen_p2.p2_m_ext[8]_i_28/O
                         net (fo=2, unplaced)         0.913     6.114    u_round/gen_p2.p2_m_ext[8]_i_28_n_0
                         LUT5 (Prop_lut5_I0_O)        0.124     6.238 f  u_round/gen_p2.p2_m_ext[6]_i_4/O
                         net (fo=4, unplaced)         0.473     6.711    u_round/gen_p2.p2_m_ext[6]_i_4_n_0
                         LUT6 (Prop_lut6_I5_O)        0.124     6.835 r  u_round/gen_p2.p2_m_ext[1]_i_2/O
                         net (fo=4, unplaced)         0.926     7.761    u_round/gen_p2.p2_m_ext[1]_i_2_n_0
                         LUT4 (Prop_lut4_I1_O)        0.124     7.885 r  u_round/gen_p2.p2_m_ext[8]_i_5/O
                         net (fo=1, unplaced)         0.449     8.334    u_round/gen_p2.p2_m_ext[8]_i_5_n_0
                         LUT6 (Prop_lut6_I3_O)        0.124     8.458 r  u_round/gen_p2.p2_m_ext[8]_i_1/O
                         net (fo=1, unplaced)         0.000     8.458    u_round/sum_m_ext[8]
                         FDRE                                         r  u_round/gen_p2.p2_m_ext_reg[8]/D
  -------------------------------------------------------------------    -------------------

                         (clock clk rise edge)        2.000     2.000 r  
                                                      0.000     2.000 r  clk (IN)
                         net (fo=0)                   0.000     2.000    clk
                         IBUF (Prop_ibuf_I_O)         0.811     2.811 r  clk_IBUF_inst/O
                         net (fo=1, unplaced)         0.760     3.570    clk_IBUF
                         BUFG (Prop_bufg_I_O)         0.091     3.661 r  clk_IBUF_BUFG_inst/O
                         net (fo=531, unplaced)       0.439     4.100    u_round/clk_IBUF_BUFG
                         FDRE                                         r  u_round/gen_p2.p2_m_ext_reg[8]/C
                         clock pessimism              0.178     4.279    
                         clock uncertainty           -0.035     4.243    
                         FDRE (Setup_fdre_C_D)        0.029     4.272    u_round/gen_p2.p2_m_ext_reg[8]
  -------------------------------------------------------------------
                         required time                          4.272    
                         arrival time                          -8.458    
  -------------------------------------------------------------------
                         slack                                 -4.185    

Slack (VIOLATED) :        -4.159ns  (required time - arrival time)
  Source:                 u_round/gen_p1.p1_mant_reg[55]/C
                            (rising edge-triggered cell FDRE clocked by clk  {rise@0.000ns fall@1.000ns period=2.000ns})
  Destination:            u_round/gen_p2.p2_m_ext_reg[7]/D
                            (rising edge-triggered cell FDRE clocked by clk  {rise@0.000ns fall@1.000ns period=2.000ns})
  Path Group:             clk
  Path Type:              Setup (Max at Slow Process Corner)
  Requirement:            2.000ns  (clk rise@2.000ns - clk rise@0.000ns)
  Data Path Delay:        6.008ns  (logic 1.371ns (22.820%)  route 4.637ns (77.180%))
  Logic Levels:           6  (LUT3=1 LUT5=2 LUT6=3)
  Clock Path Skew:        -0.145ns (DCD - SCD + CPR)
    Destination Clock Delay (DCD):    2.100ns = ( 4.100 - 2.000 ) 
    Source Clock Delay      (SCD):    2.424ns
    Clock Pessimism Removal (CPR):    0.178ns
  Clock Uncertainty:      0.035ns  ((TSJ^2 + TIJ^2)^1/2 + DJ) / 2 + PE
    Total System Jitter     (TSJ):    0.071ns
    Total Input Jitter      (TIJ):    0.000ns
    Discrete Jitter          (DJ):    0.000ns
    Phase Error              (PE):    0.000ns

    Location             Delay type                Incr(ns)  Path(ns)    Netlist Resource(s)
  -------------------------------------------------------------------    -------------------
                         (clock clk rise edge)        0.000     0.000 r  
                                                      0.000     0.000 r  clk (IN)
                         net (fo=0)                   0.000     0.000    clk
                         IBUF (Prop_ibuf_I_O)         0.944     0.944 r  clk_IBUF_inst/O
                         net (fo=1, unplaced)         0.800     1.744    clk_IBUF
                         BUFG (Prop_bufg_I_O)         0.096     1.840 r  clk_IBUF_BUFG_inst/O
                         net (fo=531, unplaced)       0.584     2.424    u_round/clk_IBUF_BUFG
                         FDRE                                         r  u_round/gen_p1.p1_mant_reg[55]/C
  -------------------------------------------------------------------    -------------------
                         FDRE (Prop_fdre_C_Q)         0.456     2.880 r  u_round/gen_p1.p1_mant_reg[55]/Q
                         net (fo=4, unplaced)         0.989     3.869    u_round/p1_mant[55]
                         LUT6 (Prop_lut6_I0_O)        0.295     4.164 r  u_round/gen_p2.p2_m_ext[8]_i_43/O
                         net (fo=2, unplaced)         0.913     5.077    u_round/gen_p2.p2_m_ext[8]_i_43_n_0
                         LUT6 (Prop_lut6_I1_O)        0.124     5.201 r  u_round/gen_p2.p2_m_ext[8]_i_28/O
                         net (fo=2, unplaced)         0.913     6.114    u_round/gen_p2.p2_m_ext[8]_i_28_n_0
                         LUT5 (Prop_lut5_I0_O)        0.124     6.238 r  u_round/gen_p2.p2_m_ext[6]_i_4/O
                         net (fo=4, unplaced)         0.926     7.164    u_round/gen_p2.p2_m_ext[6]_i_4_n_0
                         LUT6 (Prop_lut6_I2_O)        0.124     7.288 f  u_round/gen_p2.p2_m_ext[6]_i_2/O
                         net (fo=5, unplaced)         0.447     7.735    u_round/gen_p2.p2_m_ext[6]_i_2_n_0
                         LUT5 (Prop_lut5_I3_O)        0.124     7.859 r  u_round/gen_p2.p2_m_ext[7]_i_4/O
                         net (fo=1, unplaced)         0.449     8.308    u_round/gen_p2.p2_m_ext[7]_i_4_n_0
                         LUT3 (Prop_lut3_I2_O)        0.124     8.432 r  u_round/gen_p2.p2_m_ext[7]_i_1/O
                         net (fo=1, unplaced)         0.000     8.432    u_round/sum_m_ext[7]
                         FDRE                                         r  u_round/gen_p2.p2_m_ext_reg[7]/D
  -------------------------------------------------------------------    -------------------

                         (clock clk rise edge)        2.000     2.000 r  
                                                      0.000     2.000 r  clk (IN)
                         net (fo=0)                   0.000     2.000    clk
                         IBUF (Prop_ibuf_I_O)         0.811     2.811 r  clk_IBUF_inst/O
                         net (fo=1, unplaced)         0.760     3.570    clk_IBUF
                         BUFG (Prop_bufg_I_O)         0.091     3.661 r  clk_IBUF_BUFG_inst/O
                         net (fo=531, unplaced)       0.439     4.100    u_round/clk_IBUF_BUFG
                         FDRE                                         r  u_round/gen_p2.p2_m_ext_reg[7]/C
                         clock pessimism              0.178     4.279    
                         clock uncertainty           -0.035     4.243    
                         FDRE (Setup_fdre_C_D)        0.029     4.272    u_round/gen_p2.p2_m_ext_reg[7]
  -------------------------------------------------------------------
                         required time                          4.272    
                         arrival time                          -8.432    
  -------------------------------------------------------------------
                         slack                                 -4.159    

Slack (VIOLATED) :        -4.093ns  (required time - arrival time)
  Source:                 u_round/gen_p1.p1_mant_reg[55]/C
                            (rising edge-triggered cell FDRE clocked by clk  {rise@0.000ns fall@1.000ns period=2.000ns})
  Destination:            u_round/gen_p2.p2_m_ext_reg[5]/D
                            (rising edge-triggered cell FDRE clocked by clk  {rise@0.000ns fall@1.000ns period=2.000ns})
  Path Group:             clk
  Path Type:              Setup (Max at Slow Process Corner)
  Requirement:            2.000ns  (clk rise@2.000ns - clk rise@0.000ns)
  Data Path Delay:        5.942ns  (logic 1.271ns (21.390%)  route 4.671ns (78.610%))
  Logic Levels:           5  (LUT5=2 LUT6=3)
  Clock Path Skew:        -0.145ns (DCD - SCD + CPR)
    Destination Clock Delay (DCD):    2.100ns = ( 4.100 - 2.000 ) 
    Source Clock Delay      (SCD):    2.424ns
    Clock Pessimism Removal (CPR):    0.178ns
  Clock Uncertainty:      0.035ns  ((TSJ^2 + TIJ^2)^1/2 + DJ) / 2 + PE
    Total System Jitter     (TSJ):    0.071ns
    Total Input Jitter      (TIJ):    0.000ns
    Discrete Jitter          (DJ):    0.000ns
    Phase Error              (PE):    0.000ns

    Location             Delay type                Incr(ns)  Path(ns)    Netlist Resource(s)
  -------------------------------------------------------------------    -------------------
                         (clock clk rise edge)        0.000     0.000 r  
                                                      0.000     0.000 r  clk (IN)
                         net (fo=0)                   0.000     0.000    clk
                         IBUF (Prop_ibuf_I_O)         0.944     0.944 r  clk_IBUF_inst/O
                         net (fo=1, unplaced)         0.800     1.744    clk_IBUF
                         BUFG (Prop_bufg_I_O)         0.096     1.840 r  clk_IBUF_BUFG_inst/O
                         net (fo=531, unplaced)       0.584     2.424    u_round/clk_IBUF_BUFG
                         FDRE                                         r  u_round/gen_p1.p1_mant_reg[55]/C
  -------------------------------------------------------------------    -------------------
                         FDRE (Prop_fdre_C_Q)         0.456     2.880 f  u_round/gen_p1.p1_mant_reg[55]/Q
                         net (fo=4, unplaced)         0.989     3.869    u_round/p1_mant[55]
                         LUT6 (Prop_lut6_I0_O)        0.295     4.164 f  u_round/gen_p2.p2_m_ext[8]_i_43/O
                         net (fo=2, unplaced)         0.913     5.077    u_round/gen_p2.p2_m_ext[8]_i_43_n_0
                         LUT6 (Prop_lut6_I1_O)        0.124     5.201 f  u_round/gen_p2.p2_m_ext[8]_i_28/O
                         net (fo=2, unplaced)         0.913     6.114    u_round/gen_p2.p2_m_ext[8]_i_28_n_0
                         LUT5 (Prop_lut5_I0_O)        0.124     6.238 f  u_round/gen_p2.p2_m_ext[6]_i_4/O
                         net (fo=4, unplaced)         0.926     7.164    u_round/gen_p2.p2_m_ext[6]_i_4_n_0
                         LUT6 (Prop_lut6_I2_O)        0.124     7.288 r  u_round/gen_p2.p2_m_ext[6]_i_2/O
                         net (fo=5, unplaced)         0.930     8.218    u_round/gen_p2.p2_m_ext[6]_i_2_n_0
                         LUT5 (Prop_lut5_I2_O)        0.148     8.366 r  u_round/gen_p2.p2_m_ext[5]_i_1/O
                         net (fo=1, unplaced)         0.000     8.366    u_round/sum_m_ext[5]
                         FDRE                                         r  u_round/gen_p2.p2_m_ext_reg[5]/D
  -------------------------------------------------------------------    -------------------

                         (clock clk rise edge)        2.000     2.000 r  
                                                      0.000     2.000 r  clk (IN)
                         net (fo=0)                   0.000     2.000    clk
                         IBUF (Prop_ibuf_I_O)         0.811     2.811 r  clk_IBUF_inst/O
                         net (fo=1, unplaced)         0.760     3.570    clk_IBUF
                         BUFG (Prop_bufg_I_O)         0.091     3.661 r  clk_IBUF_BUFG_inst/O
                         net (fo=531, unplaced)       0.439     4.100    u_round/clk_IBUF_BUFG
                         FDRE                                         r  u_round/gen_p2.p2_m_ext_reg[5]/C
                         clock pessimism              0.178     4.279    
                         clock uncertainty           -0.035     4.243    
                         FDRE (Setup_fdre_C_D)        0.029     4.272    u_round/gen_p2.p2_m_ext_reg[5]
  -------------------------------------------------------------------
                         required time                          4.272    
                         arrival time                          -8.366    
  -------------------------------------------------------------------
                         slack                                 -4.093    




