Copyright 1986-2022 Xilinx, Inc. All Rights Reserved. Copyright 2022-2025 Advanced Micro Devices, Inc. All Rights Reserved.
---------------------------------------------------------------------------------------------------------------------------------------------------------------------------------------------------------------------
| Tool Version : Vivado v.2025.2 (lin64) Build 6299465 Fri Nov 14 12:34:56 MST 2025
| Date         : Wed Jul 29 20:31:40 2026
| Host         : radoslaw-feiglewicz running 64-bit Ubuntu 24.04.2 LTS
| Command      : report_timing -max_paths 3 -unique_pins -delay_type max -file /home/radoslaw-feiglewicz/Pulpit/Git_projects/exp_eval_benchmarks/ai_math_modeling/build/vivado_compare/crit_split_F21_A2_split_1.rpt
| Design       : bf16_exp2
| Device       : 7a200t-fbg484
| Speed File   : -1  PRODUCTION 1.23 2018-06-13
| Design State : Synthesized
---------------------------------------------------------------------------------------------------------------------------------------------------------------------------------------------------------------------

Timing Report

Slack (VIOLATED) :        -6.607ns  (required time - arrival time)
  Source:                 gen_exp_delay[1].gen_nrst.exp_delay_reg[2][3]/C
                            (rising edge-triggered cell FDRE clocked by clk  {rise@0.000ns fall@1.000ns period=2.000ns})
  Destination:            u_lin_approx/gen_split_mult.gen_part[0].gen_part_reg.part_reg_reg[0]/B[10]
                            (rising edge-triggered cell DSP48E1 clocked by clk  {rise@0.000ns fall@1.000ns period=2.000ns})
  Path Group:             clk
  Path Type:              Setup (Max at Slow Process Corner)
  Requirement:            2.000ns  (clk rise@2.000ns - clk rise@0.000ns)
  Data Path Delay:        7.977ns  (logic 4.716ns (59.119%)  route 3.261ns (40.881%))
  Logic Levels:           3  (DSP48E1=1 LUT2=1 LUT5=1)
  Clock Path Skew:        -0.145ns (DCD - SCD + CPR)
    Destination Clock Delay (DCD):    2.100ns = ( 4.100 - 2.000 ) 
    Source Clock Delay      (SCD):    2.424ns
    Clock Pessimism Removal (CPR):    0.178ns
  Clock Uncertainty:      0.035ns  ((TSJ^2 + TIJ^2)^1/2 + DJ) / 2 + PE
    Total System Jitter     (TSJ):    0.071ns
    Total Input Jitter      (TIJ):    0.000ns
    Discrete Jitter          (DJ):    0.000ns
    Phase Error              (PE):    0.000ns

    Location             Delay type                Incr(ns)  Path(ns)    Netlist Resource(s)
  -------------------------------------------------------------------    -------------------
                         (clock clk rise edge)        0.000     0.000 r  
                                                      0.000     0.000 r  clk (IN)
                         net (fo=0)                   0.000     0.000    clk
                         IBUF (Prop_ibuf_I_O)         0.944     0.944 r  clk_IBUF_inst/O
                         net (fo=1, unplaced)         0.800     1.744    clk_IBUF
                         BUFG (Prop_bufg_I_O)         0.096     1.840 r  clk_IBUF_BUFG_inst/O
                         net (fo=437, unplaced)       0.584     2.424    clk_IBUF_BUFG
                         FDRE                                         r  gen_exp_delay[1].gen_nrst.exp_delay_reg[2][3]/C
  -------------------------------------------------------------------    -------------------
                         FDRE (Prop_fdre_C_Q)         0.456     2.880 f  gen_exp_delay[1].gen_nrst.exp_delay_reg[2][3]/Q
                         net (fo=17, unplaced)        0.862     3.742    u_unified_shift/gen_shift_dsp.lo_prod_1[3]
                         LUT5 (Prop_lut5_I0_O)        0.295     4.037 r  u_unified_shift/gen_shift_dsp.hi_prod_i_1/O
                         net (fo=2, unplaced)         0.800     4.836    u_unified_shift/A[16]
                         DSP48E1 (Prop_dsp48e1_A[16]_P[18])
                                                      3.841     8.677 r  u_unified_shift/gen_shift_dsp.lo_prod/P[18]
                         net (fo=1, unplaced)         0.800     9.477    u_unified_shift/gen_shift_dsp.lo_prod__0[18]
                         LUT2 (Prop_lut2_I1_O)        0.124     9.601 r  u_unified_shift/gen_split_mult.gen_part[0].gen_part_reg.part_reg_reg[0]_i_5/O
                         net (fo=1, unplaced)         0.800    10.401    u_lin_approx/gen_split_mult.gen_part[0].gen_part_reg.part_reg_reg[0]_0[10]
                         DSP48E1                                      r  u_lin_approx/gen_split_mult.gen_part[0].gen_part_reg.part_reg_reg[0]/B[10]
  -------------------------------------------------------------------    -------------------

                         (clock clk rise edge)        2.000     2.000 r  
                                                      0.000     2.000 r  clk (IN)
                         net (fo=0)                   0.000     2.000    clk
                         IBUF (Prop_ibuf_I_O)         0.811     2.811 r  clk_IBUF_inst/O
                         net (fo=1, unplaced)         0.760     3.570    clk_IBUF
                         BUFG (Prop_bufg_I_O)         0.091     3.661 r  clk_IBUF_BUFG_inst/O
                         net (fo=437, unplaced)       0.439     4.100    u_lin_approx/clk_IBUF_BUFG
                         DSP48E1                                      r  u_lin_approx/gen_split_mult.gen_part[0].gen_part_reg.part_reg_reg[0]/CLK
                         clock pessimism              0.178     4.279    
                         clock uncertainty           -0.035     4.243    
                         DSP48E1 (Setup_dsp48e1_CLK_B[10])
                                                     -0.450     3.793    u_lin_approx/gen_split_mult.gen_part[0].gen_part_reg.part_reg_reg[0]
  -------------------------------------------------------------------
                         required time                          3.793    
                         arrival time                         -10.401    
  -------------------------------------------------------------------
                         slack                                 -6.607    

Slack (VIOLATED) :        -6.607ns  (required time - arrival time)
  Source:                 gen_exp_delay[1].gen_nrst.exp_delay_reg[2][3]/C
                            (rising edge-triggered cell FDRE clocked by clk  {rise@0.000ns fall@1.000ns period=2.000ns})
  Destination:            u_lin_approx/gen_split_mult.gen_part[0].gen_part_reg.part_reg_reg[0]/B[11]
                            (rising edge-triggered cell DSP48E1 clocked by clk  {rise@0.000ns fall@1.000ns period=2.000ns})
  Path Group:             clk
  Path Type:              Setup (Max at Slow Process Corner)
  Requirement:            2.000ns  (clk rise@2.000ns - clk rise@0.000ns)
  Data Path Delay:        7.977ns  (logic 4.716ns (59.119%)  route 3.261ns (40.881%))
  Logic Levels:           3  (DSP48E1=1 LUT2=1 LUT5=1)
  Clock Path Skew:        -0.145ns (DCD - SCD + CPR)
    Destination Clock Delay (DCD):    2.100ns = ( 4.100 - 2.000 ) 
    Source Clock Delay      (SCD):    2.424ns
    Clock Pessimism Removal (CPR):    0.178ns
  Clock Uncertainty:      0.035ns  ((TSJ^2 + TIJ^2)^1/2 + DJ) / 2 + PE
    Total System Jitter     (TSJ):    0.071ns
    Total Input Jitter      (TIJ):    0.000ns
    Discrete Jitter          (DJ):    0.000ns
    Phase Error              (PE):    0.000ns

    Location             Delay type                Incr(ns)  Path(ns)    Netlist Resource(s)
  -------------------------------------------------------------------    -------------------
                         (clock clk rise edge)        0.000     0.000 r  
                                                      0.000     0.000 r  clk (IN)
                         net (fo=0)                   0.000     0.000    clk
                         IBUF (Prop_ibuf_I_O)         0.944     0.944 r  clk_IBUF_inst/O
                         net (fo=1, unplaced)         0.800     1.744    clk_IBUF
                         BUFG (Prop_bufg_I_O)         0.096     1.840 r  clk_IBUF_BUFG_inst/O
                         net (fo=437, unplaced)       0.584     2.424    clk_IBUF_BUFG
                         FDRE                                         r  gen_exp_delay[1].gen_nrst.exp_delay_reg[2][3]/C
  -------------------------------------------------------------------    -------------------
                         FDRE (Prop_fdre_C_Q)         0.456     2.880 f  gen_exp_delay[1].gen_nrst.exp_delay_reg[2][3]/Q
                         net (fo=17, unplaced)        0.862     3.742    u_unified_shift/gen_shift_dsp.lo_prod_1[3]
                         LUT5 (Prop_lut5_I0_O)        0.295     4.037 r  u_unified_shift/gen_shift_dsp.hi_prod_i_1/O
                         net (fo=2, unplaced)         0.800     4.836    u_unified_shift/A[16]
                         DSP48E1 (Prop_dsp48e1_A[16]_P[19])
                                                      3.841     8.677 r  u_unified_shift/gen_shift_dsp.lo_prod/P[19]
                         net (fo=1, unplaced)         0.800     9.477    u_unified_shift/gen_shift_dsp.lo_prod__0[19]
                         LUT2 (Prop_lut2_I1_O)        0.124     9.601 r  u_unified_shift/gen_split_mult.gen_part[0].gen_part_reg.part_reg_reg[0]_i_4/O
                         net (fo=1, unplaced)         0.800    10.401    u_lin_approx/gen_split_mult.gen_part[0].gen_part_reg.part_reg_reg[0]_0[11]
                         DSP48E1                                      r  u_lin_approx/gen_split_mult.gen_part[0].gen_part_reg.part_reg_reg[0]/B[11]
  -------------------------------------------------------------------    -------------------

                         (clock clk rise edge)        2.000     2.000 r  
                                                      0.000     2.000 r  clk (IN)
                         net (fo=0)                   0.000     2.000    clk
                         IBUF (Prop_ibuf_I_O)         0.811     2.811 r  clk_IBUF_inst/O
                         net (fo=1, unplaced)         0.760     3.570    clk_IBUF
                         BUFG (Prop_bufg_I_O)         0.091     3.661 r  clk_IBUF_BUFG_inst/O
                         net (fo=437, unplaced)       0.439     4.100    u_lin_approx/clk_IBUF_BUFG
                         DSP48E1                                      r  u_lin_approx/gen_split_mult.gen_part[0].gen_part_reg.part_reg_reg[0]/CLK
                         clock pessimism              0.178     4.279    
                         clock uncertainty           -0.035     4.243    
                         DSP48E1 (Setup_dsp48e1_CLK_B[11])
                                                     -0.450     3.793    u_lin_approx/gen_split_mult.gen_part[0].gen_part_reg.part_reg_reg[0]
  -------------------------------------------------------------------
                         required time                          3.793    
                         arrival time                         -10.401    
  -------------------------------------------------------------------
                         slack                                 -6.607    

Slack (VIOLATED) :        -6.607ns  (required time - arrival time)
  Source:                 gen_exp_delay[1].gen_nrst.exp_delay_reg[2][3]/C
                            (rising edge-triggered cell FDRE clocked by clk  {rise@0.000ns fall@1.000ns period=2.000ns})
  Destination:            u_lin_approx/gen_split_mult.gen_part[0].gen_part_reg.part_reg_reg[0]/B[12]
                            (rising edge-triggered cell DSP48E1 clocked by clk  {rise@0.000ns fall@1.000ns period=2.000ns})
  Path Group:             clk
  Path Type:              Setup (Max at Slow Process Corner)
  Requirement:            2.000ns  (clk rise@2.000ns - clk rise@0.000ns)
  Data Path Delay:        7.977ns  (logic 4.716ns (59.119%)  route 3.261ns (40.881%))
  Logic Levels:           3  (DSP48E1=1 LUT2=1 LUT5=1)
  Clock Path Skew:        -0.145ns (DCD - SCD + CPR)
    Destination Clock Delay (DCD):    2.100ns = ( 4.100 - 2.000 ) 
    Source Clock Delay      (SCD):    2.424ns
    Clock Pessimism Removal (CPR):    0.178ns
  Clock Uncertainty:      0.035ns  ((TSJ^2 + TIJ^2)^1/2 + DJ) / 2 + PE
    Total System Jitter     (TSJ):    0.071ns
    Total Input Jitter      (TIJ):    0.000ns
    Discrete Jitter          (DJ):    0.000ns
    Phase Error              (PE):    0.000ns

    Location             Delay type                Incr(ns)  Path(ns)    Netlist Resource(s)
  -------------------------------------------------------------------    -------------------
                         (clock clk rise edge)        0.000     0.000 r  
                                                      0.000     0.000 r  clk (IN)
                         net (fo=0)                   0.000     0.000    clk
                         IBUF (Prop_ibuf_I_O)         0.944     0.944 r  clk_IBUF_inst/O
                         net (fo=1, unplaced)         0.800     1.744    clk_IBUF
                         BUFG (Prop_bufg_I_O)         0.096     1.840 r  clk_IBUF_BUFG_inst/O
                         net (fo=437, unplaced)       0.584     2.424    clk_IBUF_BUFG
                         FDRE                                         r  gen_exp_delay[1].gen_nrst.exp_delay_reg[2][3]/C
  -------------------------------------------------------------------    -------------------
                         FDRE (Prop_fdre_C_Q)         0.456     2.880 f  gen_exp_delay[1].gen_nrst.exp_delay_reg[2][3]/Q
                         net (fo=17, unplaced)        0.862     3.742    u_unified_shift/gen_shift_dsp.lo_prod_1[3]
                         LUT5 (Prop_lut5_I0_O)        0.295     4.037 r  u_unified_shift/gen_shift_dsp.hi_prod_i_1/O
                         net (fo=2, unplaced)         0.800     4.836    u_unified_shift/A[16]
                         DSP48E1 (Prop_dsp48e1_A[16]_P[20])
                                                      3.841     8.677 r  u_unified_shift/gen_shift_dsp.lo_prod/P[20]
                         net (fo=1, unplaced)         0.800     9.477    u_unified_shift/gen_shift_dsp.lo_prod__0[20]
                         LUT2 (Prop_lut2_I1_O)        0.124     9.601 r  u_unified_shift/gen_split_mult.gen_part[0].gen_part_reg.part_reg_reg[0]_i_3/O
                         net (fo=1, unplaced)         0.800    10.401    u_lin_approx/gen_split_mult.gen_part[0].gen_part_reg.part_reg_reg[0]_0[12]
                         DSP48E1                                      r  u_lin_approx/gen_split_mult.gen_part[0].gen_part_reg.part_reg_reg[0]/B[12]
  -------------------------------------------------------------------    -------------------

                         (clock clk rise edge)        2.000     2.000 r  
                                                      0.000     2.000 r  clk (IN)
                         net (fo=0)                   0.000     2.000    clk
                         IBUF (Prop_ibuf_I_O)         0.811     2.811 r  clk_IBUF_inst/O
                         net (fo=1, unplaced)         0.760     3.570    clk_IBUF
                         BUFG (Prop_bufg_I_O)         0.091     3.661 r  clk_IBUF_BUFG_inst/O
                         net (fo=437, unplaced)       0.439     4.100    u_lin_approx/clk_IBUF_BUFG
                         DSP48E1                                      r  u_lin_approx/gen_split_mult.gen_part[0].gen_part_reg.part_reg_reg[0]/CLK
                         clock pessimism              0.178     4.279    
                         clock uncertainty           -0.035     4.243    
                         DSP48E1 (Setup_dsp48e1_CLK_B[12])
                                                     -0.450     3.793    u_lin_approx/gen_split_mult.gen_part[0].gen_part_reg.part_reg_reg[0]
  -------------------------------------------------------------------
                         required time                          3.793    
                         arrival time                         -10.401    
  -------------------------------------------------------------------
                         slack                                 -6.607    




