Copyright 1986-2022 Xilinx, Inc. All Rights Reserved. Copyright 2022-2025 Advanced Micro Devices, Inc. All Rights Reserved.
-------------------------------------------------------------------------------------------------------------------------------------------------------------------------------------------------------------
| Tool Version : Vivado v.2025.2 (lin64) Build 6299465 Fri Nov 14 12:34:56 MST 2025
| Date         : Wed Jul 29 20:20:35 2026
| Host         : radoslaw-feiglewicz running 64-bit Ubuntu 24.04.2 LTS
| Command      : report_timing -max_paths 3 -unique_pins -delay_type max -file /home/radoslaw-feiglewicz/Pulpit/Git_projects/exp_eval_benchmarks/ai_math_modeling/build/vivado_compare/crit_poly4+retime.rpt
| Design       : bf16_expe_poly4
| Device       : 7a200t-fbg484
| Speed File   : -1  PRODUCTION 1.23 2018-06-13
| Design State : Synthesized
-------------------------------------------------------------------------------------------------------------------------------------------------------------------------------------------------------------

Timing Report

Slack (VIOLATED) :        -4.631ns  (required time - arrival time)
  Source:                 gen_frontend_barrel.gen_fe_b_reg.fe1_prod_reg/CLK
                            (rising edge-triggered cell DSP48E1 clocked by clk  {rise@0.000ns fall@1.000ns period=2.000ns})
  Destination:            gen_horner[0].u_step/prod/A[0]
                            (rising edge-triggered cell DSP48E1 clocked by clk  {rise@0.000ns fall@1.000ns period=2.000ns})
  Path Group:             clk
  Path Type:              Setup (Max at Slow Process Corner)
  Requirement:            2.000ns  (clk rise@2.000ns - clk rise@0.000ns)
  Data Path Delay:        6.088ns  (logic 2.663ns (43.739%)  route 3.425ns (56.261%))
  Logic Levels:           3  (LUT5=1 LUT6=2)
  Clock Path Skew:        -0.145ns (DCD - SCD + CPR)
    Destination Clock Delay (DCD):    2.100ns = ( 4.100 - 2.000 ) 
    Source Clock Delay      (SCD):    2.424ns
    Clock Pessimism Removal (CPR):    0.178ns
  Clock Uncertainty:      0.035ns  ((TSJ^2 + TIJ^2)^1/2 + DJ) / 2 + PE
    Total System Jitter     (TSJ):    0.071ns
    Total Input Jitter      (TIJ):    0.000ns
    Discrete Jitter          (DJ):    0.000ns
    Phase Error              (PE):    0.000ns

    Location             Delay type                Incr(ns)  Path(ns)    Netlist Resource(s)
  -------------------------------------------------------------------    -------------------
                         (clock clk rise edge)        0.000     0.000 r  
                                                      0.000     0.000 r  clk (IN)
                         net (fo=0)                   0.000     0.000    clk
                         IBUF (Prop_ibuf_I_O)         0.944     0.944 r  clk_IBUF_inst/O
                         net (fo=1, unplaced)         0.800     1.744    clk_IBUF
                         BUFG (Prop_bufg_I_O)         0.096     1.840 r  clk_IBUF_BUFG_inst/O
                         net (fo=190, unplaced)       0.584     2.424    clk_IBUF_BUFG
                         DSP48E1                                      r  gen_frontend_barrel.gen_fe_b_reg.fe1_prod_reg/CLK
  -------------------------------------------------------------------    -------------------
                         DSP48E1 (Prop_dsp48e1_CLK_P[3])
                                                      2.291     4.715 r  gen_frontend_barrel.gen_fe_b_reg.fe1_prod_reg/P[3]
                         net (fo=1, unplaced)         0.800     5.514    gen_horner[0].u_step/gen_ctrl_delay[6].gen_reg.ctrl_int_reg[7][2]_srl8_i_2[3]
                         LUT6 (Prop_lut6_I5_O)        0.124     5.638 r  gen_horner[0].u_step/prod_i_57/O
                         net (fo=2, unplaced)         0.913     6.551    gen_horner[0].u_step/prod_i_57_n_0
                         LUT6 (Prop_lut6_I1_O)        0.124     6.675 r  gen_horner[0].u_step/prod_i_34/O
                         net (fo=2, unplaced)         0.913     7.588    gen_horner[0].u_step/prod_i_34_n_0
                         LUT5 (Prop_lut5_I0_O)        0.124     7.712 r  gen_horner[0].u_step/prod_i_17/O
                         net (fo=2, unplaced)         0.800     8.512    gen_horner[0].u_step/D[0]
                         DSP48E1                                      r  gen_horner[0].u_step/prod/A[0]
  -------------------------------------------------------------------    -------------------

                         (clock clk rise edge)        2.000     2.000 r  
                                                      0.000     2.000 r  clk (IN)
                         net (fo=0)                   0.000     2.000    clk
                         IBUF (Prop_ibuf_I_O)         0.811     2.811 r  clk_IBUF_inst/O
                         net (fo=1, unplaced)         0.760     3.570    clk_IBUF
                         BUFG (Prop_bufg_I_O)         0.091     3.661 r  clk_IBUF_BUFG_inst/O
                         net (fo=190, unplaced)       0.439     4.100    gen_horner[0].u_step/clk_IBUF_BUFG
                         DSP48E1                                      r  gen_horner[0].u_step/prod/CLK
                         clock pessimism              0.178     4.279    
                         clock uncertainty           -0.035     4.243    
                         DSP48E1 (Setup_dsp48e1_CLK_A[0])
                                                     -0.362     3.881    gen_horner[0].u_step/prod
  -------------------------------------------------------------------
                         required time                          3.881    
                         arrival time                          -8.512    
  -------------------------------------------------------------------
                         slack                                 -4.631    

Slack (VIOLATED) :        -4.191ns  (required time - arrival time)
  Source:                 gen_frontend_barrel.gen_fe_b_reg.fe1_prod_reg/CLK
                            (rising edge-triggered cell DSP48E1 clocked by clk  {rise@0.000ns fall@1.000ns period=2.000ns})
  Destination:            gen_horner[0].u_step/prod/A[10]
                            (rising edge-triggered cell DSP48E1 clocked by clk  {rise@0.000ns fall@1.000ns period=2.000ns})
  Path Group:             clk
  Path Type:              Setup (Max at Slow Process Corner)
  Requirement:            2.000ns  (clk rise@2.000ns - clk rise@0.000ns)
  Data Path Delay:        5.648ns  (logic 2.663ns (47.146%)  route 2.985ns (52.854%))
  Logic Levels:           3  (LUT3=1 LUT5=1 LUT6=1)
  Clock Path Skew:        -0.145ns (DCD - SCD + CPR)
    Destination Clock Delay (DCD):    2.100ns = ( 4.100 - 2.000 ) 
    Source Clock Delay      (SCD):    2.424ns
    Clock Pessimism Removal (CPR):    0.178ns
  Clock Uncertainty:      0.035ns  ((TSJ^2 + TIJ^2)^1/2 + DJ) / 2 + PE
    Total System Jitter     (TSJ):    0.071ns
    Total Input Jitter      (TIJ):    0.000ns
    Discrete Jitter          (DJ):    0.000ns
    Phase Error              (PE):    0.000ns

    Location             Delay type                Incr(ns)  Path(ns)    Netlist Resource(s)
  -------------------------------------------------------------------    -------------------
                         (clock clk rise edge)        0.000     0.000 r  
                                                      0.000     0.000 r  clk (IN)
                         net (fo=0)                   0.000     0.000    clk
                         IBUF (Prop_ibuf_I_O)         0.944     0.944 r  clk_IBUF_inst/O
                         net (fo=1, unplaced)         0.800     1.744    clk_IBUF
                         BUFG (Prop_bufg_I_O)         0.096     1.840 r  clk_IBUF_BUFG_inst/O
                         net (fo=190, unplaced)       0.584     2.424    clk_IBUF_BUFG
                         DSP48E1                                      r  gen_frontend_barrel.gen_fe_b_reg.fe1_prod_reg/CLK
  -------------------------------------------------------------------    -------------------
                         DSP48E1 (Prop_dsp48e1_CLK_P[12])
                                                      2.291     4.715 r  gen_frontend_barrel.gen_fe_b_reg.fe1_prod_reg/P[12]
                         net (fo=2, unplaced)         0.800     5.514    gen_horner[0].u_step/gen_ctrl_delay[6].gen_reg.ctrl_int_reg[7][2]_srl8_i_2[12]
                         LUT5 (Prop_lut5_I4_O)        0.124     5.638 r  gen_horner[0].u_step/prod_i_48/O
                         net (fo=4, unplaced)         0.926     6.564    gen_horner[0].u_step/prod_i_48_n_0
                         LUT6 (Prop_lut6_I1_O)        0.124     6.688 r  gen_horner[0].u_step/prod_i_25/O
                         net (fo=2, unplaced)         0.460     7.148    gen_horner[0].u_step/prod_i_25_n_0
                         LUT3 (Prop_lut3_I2_O)        0.124     7.272 r  gen_horner[0].u_step/prod_i_7/O
                         net (fo=2, unplaced)         0.800     8.072    gen_horner[0].u_step/D[10]
                         DSP48E1                                      r  gen_horner[0].u_step/prod/A[10]
  -------------------------------------------------------------------    -------------------

                         (clock clk rise edge)        2.000     2.000 r  
                                                      0.000     2.000 r  clk (IN)
                         net (fo=0)                   0.000     2.000    clk
                         IBUF (Prop_ibuf_I_O)         0.811     2.811 r  clk_IBUF_inst/O
                         net (fo=1, unplaced)         0.760     3.570    clk_IBUF
                         BUFG (Prop_bufg_I_O)         0.091     3.661 r  clk_IBUF_BUFG_inst/O
                         net (fo=190, unplaced)       0.439     4.100    gen_horner[0].u_step/clk_IBUF_BUFG
                         DSP48E1                                      r  gen_horner[0].u_step/prod/CLK
                         clock pessimism              0.178     4.279    
                         clock uncertainty           -0.035     4.243    
                         DSP48E1 (Setup_dsp48e1_CLK_A[10])
                                                     -0.362     3.881    gen_horner[0].u_step/prod
  -------------------------------------------------------------------
                         required time                          3.881    
                         arrival time                          -8.072    
  -------------------------------------------------------------------
                         slack                                 -4.191    

Slack (VIOLATED) :        -4.191ns  (required time - arrival time)
  Source:                 gen_frontend_barrel.gen_fe_b_reg.fe1_prod_reg/CLK
                            (rising edge-triggered cell DSP48E1 clocked by clk  {rise@0.000ns fall@1.000ns period=2.000ns})
  Destination:            gen_horner[0].u_step/prod/A[11]
                            (rising edge-triggered cell DSP48E1 clocked by clk  {rise@0.000ns fall@1.000ns period=2.000ns})
  Path Group:             clk
  Path Type:              Setup (Max at Slow Process Corner)
  Requirement:            2.000ns  (clk rise@2.000ns - clk rise@0.000ns)
  Data Path Delay:        5.648ns  (logic 2.663ns (47.146%)  route 2.985ns (52.854%))
  Logic Levels:           3  (LUT3=1 LUT5=1 LUT6=1)
  Clock Path Skew:        -0.145ns (DCD - SCD + CPR)
    Destination Clock Delay (DCD):    2.100ns = ( 4.100 - 2.000 ) 
    Source Clock Delay      (SCD):    2.424ns
    Clock Pessimism Removal (CPR):    0.178ns
  Clock Uncertainty:      0.035ns  ((TSJ^2 + TIJ^2)^1/2 + DJ) / 2 + PE
    Total System Jitter     (TSJ):    0.071ns
    Total Input Jitter      (TIJ):    0.000ns
    Discrete Jitter          (DJ):    0.000ns
    Phase Error              (PE):    0.000ns

    Location             Delay type                Incr(ns)  Path(ns)    Netlist Resource(s)
  -------------------------------------------------------------------    -------------------
                         (clock clk rise edge)        0.000     0.000 r  
                                                      0.000     0.000 r  clk (IN)
                         net (fo=0)                   0.000     0.000    clk
                         IBUF (Prop_ibuf_I_O)         0.944     0.944 r  clk_IBUF_inst/O
                         net (fo=1, unplaced)         0.800     1.744    clk_IBUF
                         BUFG (Prop_bufg_I_O)         0.096     1.840 r  clk_IBUF_BUFG_inst/O
                         net (fo=190, unplaced)       0.584     2.424    clk_IBUF_BUFG
                         DSP48E1                                      r  gen_frontend_barrel.gen_fe_b_reg.fe1_prod_reg/CLK
  -------------------------------------------------------------------    -------------------
                         DSP48E1 (Prop_dsp48e1_CLK_P[13])
                                                      2.291     4.715 r  gen_frontend_barrel.gen_fe_b_reg.fe1_prod_reg/P[13]
                         net (fo=2, unplaced)         0.800     5.514    gen_horner[0].u_step/gen_ctrl_delay[6].gen_reg.ctrl_int_reg[7][2]_srl8_i_2[13]
                         LUT5 (Prop_lut5_I4_O)        0.124     5.638 r  gen_horner[0].u_step/prod_i_47/O
                         net (fo=4, unplaced)         0.926     6.564    gen_horner[0].u_step/prod_i_47_n_0
                         LUT6 (Prop_lut6_I1_O)        0.124     6.688 r  gen_horner[0].u_step/prod_i_24/O
                         net (fo=2, unplaced)         0.460     7.148    gen_horner[0].u_step/prod_i_24_n_0
                         LUT3 (Prop_lut3_I2_O)        0.124     7.272 r  gen_horner[0].u_step/prod_i_6/O
                         net (fo=2, unplaced)         0.800     8.072    gen_horner[0].u_step/D[11]
                         DSP48E1                                      r  gen_horner[0].u_step/prod/A[11]
  -------------------------------------------------------------------    -------------------

                         (clock clk rise edge)        2.000     2.000 r  
                                                      0.000     2.000 r  clk (IN)
                         net (fo=0)                   0.000     2.000    clk
                         IBUF (Prop_ibuf_I_O)         0.811     2.811 r  clk_IBUF_inst/O
                         net (fo=1, unplaced)         0.760     3.570    clk_IBUF
                         BUFG (Prop_bufg_I_O)         0.091     3.661 r  clk_IBUF_BUFG_inst/O
                         net (fo=190, unplaced)       0.439     4.100    gen_horner[0].u_step/clk_IBUF_BUFG
                         DSP48E1                                      r  gen_horner[0].u_step/prod/CLK
                         clock pessimism              0.178     4.279    
                         clock uncertainty           -0.035     4.243    
                         DSP48E1 (Setup_dsp48e1_CLK_A[11])
                                                     -0.362     3.881    gen_horner[0].u_step/prod
  -------------------------------------------------------------------
                         required time                          3.881    
                         arrival time                          -8.072    
  -------------------------------------------------------------------
                         slack                                 -4.191    




