Copyright 1986-2022 Xilinx, Inc. All Rights Reserved. Copyright 2022-2025 Advanced Micro Devices, Inc. All Rights Reserved.
---------------------------------------------------------------------------------------------------------------------------------------------------------------------------------------------------------------------
| Tool Version : Vivado v.2025.2 (lin64) Build 6299465 Fri Nov 14 12:34:56 MST 2025
| Date         : Wed Jul 29 20:31:14 2026
| Host         : radoslaw-feiglewicz running 64-bit Ubuntu 24.04.2 LTS
| Command      : report_timing -max_paths 3 -unique_pins -delay_type max -file /home/radoslaw-feiglewicz/Pulpit/Git_projects/exp_eval_benchmarks/ai_math_modeling/build/vivado_compare/crit_split_F21_A1_split_1.rpt
| Design       : bf16_exp2
| Device       : 7a200t-fbg484
| Speed File   : -1  PRODUCTION 1.23 2018-06-13
| Design State : Synthesized
---------------------------------------------------------------------------------------------------------------------------------------------------------------------------------------------------------------------

Timing Report

Slack (VIOLATED) :        -8.285ns  (required time - arrival time)
  Source:                 u_lin_approx/gen_split_mult.gen_part[1].gen_part_reg.part_reg_reg[1]/CLK
                            (rising edge-triggered cell DSP48E1 clocked by clk  {rise@0.000ns fall@1.000ns period=2.000ns})
  Destination:            u_normalize/gen_split.msb_idx_s_reg[2]/D
                            (rising edge-triggered cell FDRE clocked by clk  {rise@0.000ns fall@1.000ns period=2.000ns})
  Path Group:             clk
  Path Type:              Setup (Max at Slow Process Corner)
  Requirement:            2.000ns  (clk rise@2.000ns - clk rise@0.000ns)
  Data Path Delay:        10.134ns  (logic 5.263ns (51.936%)  route 4.871ns (48.064%))
  Logic Levels:           14  (CARRY4=8 LUT2=2 LUT6=4)
  Clock Path Skew:        -0.145ns (DCD - SCD + CPR)
    Destination Clock Delay (DCD):    2.100ns = ( 4.100 - 2.000 ) 
    Source Clock Delay      (SCD):    2.424ns
    Clock Pessimism Removal (CPR):    0.178ns
  Clock Uncertainty:      0.035ns  ((TSJ^2 + TIJ^2)^1/2 + DJ) / 2 + PE
    Total System Jitter     (TSJ):    0.071ns
    Total Input Jitter      (TIJ):    0.000ns
    Discrete Jitter          (DJ):    0.000ns
    Phase Error              (PE):    0.000ns

    Location             Delay type                Incr(ns)  Path(ns)    Netlist Resource(s)
  -------------------------------------------------------------------    -------------------
                         (clock clk rise edge)        0.000     0.000 r  
                                                      0.000     0.000 r  clk (IN)
                         net (fo=0)                   0.000     0.000    clk
                         IBUF (Prop_ibuf_I_O)         0.944     0.944 r  clk_IBUF_inst/O
                         net (fo=1, unplaced)         0.800     1.744    clk_IBUF
                         BUFG (Prop_bufg_I_O)         0.096     1.840 r  clk_IBUF_BUFG_inst/O
                         net (fo=383, unplaced)       0.584     2.424    u_lin_approx/clk_IBUF_BUFG
                         DSP48E1                                      r  u_lin_approx/gen_split_mult.gen_part[1].gen_part_reg.part_reg_reg[1]/CLK
  -------------------------------------------------------------------    -------------------
                         DSP48E1 (Prop_dsp48e1_CLK_P[0])
                                                      2.191     4.615 r  u_lin_approx/gen_split_mult.gen_part[1].gen_part_reg.part_reg_reg[1]/P[0]
                         net (fo=1, unplaced)         0.800     5.414    u_lin_approx/unnormalized_res4[15]
                         LUT2 (Prop_lut2_I1_O)        0.124     5.538 r  u_lin_approx/unnormalized_res0_carry__2_i_8/O
                         net (fo=1, unplaced)         0.000     5.538    u_lin_approx/unnormalized_res0_carry__2_i_8_n_0
                         CARRY4 (Prop_carry4_S[1]_CO[3])
                                                      0.533     6.071 r  u_lin_approx/unnormalized_res0_carry__2_i_5/CO[3]
                         net (fo=1, unplaced)         0.009     6.080    u_lin_approx/unnormalized_res0_carry__2_i_5_n_0
                         CARRY4 (Prop_carry4_CI_CO[3])
                                                      0.117     6.197 r  u_lin_approx/unnormalized_res0_carry__3_i_5/CO[3]
                         net (fo=1, unplaced)         0.000     6.197    u_lin_approx/unnormalized_res0_carry__3_i_5_n_0
                         CARRY4 (Prop_carry4_CI_CO[3])
                                                      0.117     6.314 r  u_lin_approx/unnormalized_res0_carry__4_i_5/CO[3]
                         net (fo=1, unplaced)         0.000     6.314    u_lin_approx/unnormalized_res0_carry__4_i_5_n_0
                         CARRY4 (Prop_carry4_CI_CO[3])
                                                      0.117     6.431 r  u_lin_approx/unnormalized_res0_carry__5_i_5/CO[3]
                         net (fo=1, unplaced)         0.000     6.431    u_lin_approx/unnormalized_res0_carry__5_i_5_n_0
                         CARRY4 (Prop_carry4_CI_CO[3])
                                                      0.117     6.548 r  u_lin_approx/unnormalized_res0_carry__6_i_5/CO[3]
                         net (fo=1, unplaced)         0.000     6.548    u_lin_approx/unnormalized_res0_carry__6_i_5_n_0
                         CARRY4 (Prop_carry4_CI_O[3])
                                                      0.331     6.879 r  u_lin_approx/unnormalized_res0_carry__7_i_5/O[3]
                         net (fo=1, unplaced)         0.618     7.497    u_lin_approx/gen_split_mult.merged[37]
                         LUT2 (Prop_lut2_I1_O)        0.307     7.804 r  u_lin_approx/unnormalized_res0_carry__8_i_2/O
                         net (fo=1, unplaced)         0.000     7.804    u_lin_approx/unnormalized_res0_carry__8_i_2_n_0
                         CARRY4 (Prop_carry4_S[2]_CO[3])
                                                      0.380     8.184 r  u_lin_approx/unnormalized_res0_carry__8/CO[3]
                         net (fo=1, unplaced)         0.000     8.184    u_lin_approx/unnormalized_res0_carry__8_n_0
                         CARRY4 (Prop_carry4_CI_O[2])
                                                      0.256     8.440 f  u_lin_approx/unnormalized_res0_carry__9/O[2]
                         net (fo=3, unplaced)         1.132     9.572    u_lin_approx/s5_unnorm_res[41]
                         LUT6 (Prop_lut6_I4_O)        0.301     9.873 f  u_lin_approx/gen_split.msb_idx_s[4]_i_5/O
                         net (fo=9, unplaced)         0.490    10.363    u_lin_approx/gen_split.msb_idx_s[4]_i_5_n_0
                         LUT6 (Prop_lut6_I2_O)        0.124    10.487 f  u_lin_approx/gen_split.msb_idx_s[3]_i_4/O
                         net (fo=3, unplaced)         0.920    11.407    u_lin_approx/gen_split.msb_idx_s[3]_i_4_n_0
                         LUT6 (Prop_lut6_I0_O)        0.124    11.531 f  u_lin_approx/gen_split.msb_idx_s[2]_i_3/O
                         net (fo=1, unplaced)         0.902    12.433    u_lin_approx/gen_split.msb_idx_s[2]_i_3_n_0
                         LUT6 (Prop_lut6_I1_O)        0.124    12.557 r  u_lin_approx/gen_split.msb_idx_s[2]_i_1/O
                         net (fo=1, unplaced)         0.000    12.557    u_normalize/D[2]
                         FDRE                                         r  u_normalize/gen_split.msb_idx_s_reg[2]/D
  -------------------------------------------------------------------    -------------------

                         (clock clk rise edge)        2.000     2.000 r  
                                                      0.000     2.000 r  clk (IN)
                         net (fo=0)                   0.000     2.000    clk
                         IBUF (Prop_ibuf_I_O)         0.811     2.811 r  clk_IBUF_inst/O
                         net (fo=1, unplaced)         0.760     3.570    clk_IBUF
                         BUFG (Prop_bufg_I_O)         0.091     3.661 r  clk_IBUF_BUFG_inst/O
                         net (fo=383, unplaced)       0.439     4.100    u_normalize/clk_IBUF_BUFG
                         FDRE                                         r  u_normalize/gen_split.msb_idx_s_reg[2]/C
                         clock pessimism              0.178     4.279    
                         clock uncertainty           -0.035     4.243    
                         FDRE (Setup_fdre_C_D)        0.029     4.272    u_normalize/gen_split.msb_idx_s_reg[2]
  -------------------------------------------------------------------
                         required time                          4.272    
                         arrival time                         -12.557    
  -------------------------------------------------------------------
                         slack                                 -8.285    

Slack (VIOLATED) :        -7.850ns  (required time - arrival time)
  Source:                 u_lin_approx/gen_split_mult.gen_part[1].gen_part_reg.part_reg_reg[1]/CLK
                            (rising edge-triggered cell DSP48E1 clocked by clk  {rise@0.000ns fall@1.000ns period=2.000ns})
  Destination:            u_normalize/gen_split.msb_idx_s_reg[1]/D
                            (rising edge-triggered cell FDRE clocked by clk  {rise@0.000ns fall@1.000ns period=2.000ns})
  Path Group:             clk
  Path Type:              Setup (Max at Slow Process Corner)
  Requirement:            2.000ns  (clk rise@2.000ns - clk rise@0.000ns)
  Data Path Delay:        9.699ns  (logic 5.263ns (54.265%)  route 4.436ns (45.735%))
  Logic Levels:           14  (CARRY4=8 LUT2=2 LUT4=1 LUT6=3)
  Clock Path Skew:        -0.145ns (DCD - SCD + CPR)
    Destination Clock Delay (DCD):    2.100ns = ( 4.100 - 2.000 ) 
    Source Clock Delay      (SCD):    2.424ns
    Clock Pessimism Removal (CPR):    0.178ns
  Clock Uncertainty:      0.035ns  ((TSJ^2 + TIJ^2)^1/2 + DJ) / 2 + PE
    Total System Jitter     (TSJ):    0.071ns
    Total Input Jitter      (TIJ):    0.000ns
    Discrete Jitter          (DJ):    0.000ns
    Phase Error              (PE):    0.000ns

    Location             Delay type                Incr(ns)  Path(ns)    Netlist Resource(s)
  -------------------------------------------------------------------    -------------------
                         (clock clk rise edge)        0.000     0.000 r  
                                                      0.000     0.000 r  clk (IN)
                         net (fo=0)                   0.000     0.000    clk
                         IBUF (Prop_ibuf_I_O)         0.944     0.944 r  clk_IBUF_inst/O
                         net (fo=1, unplaced)         0.800     1.744    clk_IBUF
                         BUFG (Prop_bufg_I_O)         0.096     1.840 r  clk_IBUF_BUFG_inst/O
                         net (fo=383, unplaced)       0.584     2.424    u_lin_approx/clk_IBUF_BUFG
                         DSP48E1                                      r  u_lin_approx/gen_split_mult.gen_part[1].gen_part_reg.part_reg_reg[1]/CLK
  -------------------------------------------------------------------    -------------------
                         DSP48E1 (Prop_dsp48e1_CLK_P[0])
                                                      2.191     4.615 r  u_lin_approx/gen_split_mult.gen_part[1].gen_part_reg.part_reg_reg[1]/P[0]
                         net (fo=1, unplaced)         0.800     5.414    u_lin_approx/unnormalized_res4[15]
                         LUT2 (Prop_lut2_I1_O)        0.124     5.538 r  u_lin_approx/unnormalized_res0_carry__2_i_8/O
                         net (fo=1, unplaced)         0.000     5.538    u_lin_approx/unnormalized_res0_carry__2_i_8_n_0
                         CARRY4 (Prop_carry4_S[1]_CO[3])
                                                      0.533     6.071 r  u_lin_approx/unnormalized_res0_carry__2_i_5/CO[3]
                         net (fo=1, unplaced)         0.009     6.080    u_lin_approx/unnormalized_res0_carry__2_i_5_n_0
                         CARRY4 (Prop_carry4_CI_CO[3])
                                                      0.117     6.197 r  u_lin_approx/unnormalized_res0_carry__3_i_5/CO[3]
                         net (fo=1, unplaced)         0.000     6.197    u_lin_approx/unnormalized_res0_carry__3_i_5_n_0
                         CARRY4 (Prop_carry4_CI_CO[3])
                                                      0.117     6.314 r  u_lin_approx/unnormalized_res0_carry__4_i_5/CO[3]
                         net (fo=1, unplaced)         0.000     6.314    u_lin_approx/unnormalized_res0_carry__4_i_5_n_0
                         CARRY4 (Prop_carry4_CI_CO[3])
                                                      0.117     6.431 r  u_lin_approx/unnormalized_res0_carry__5_i_5/CO[3]
                         net (fo=1, unplaced)         0.000     6.431    u_lin_approx/unnormalized_res0_carry__5_i_5_n_0
                         CARRY4 (Prop_carry4_CI_CO[3])
                                                      0.117     6.548 r  u_lin_approx/unnormalized_res0_carry__6_i_5/CO[3]
                         net (fo=1, unplaced)         0.000     6.548    u_lin_approx/unnormalized_res0_carry__6_i_5_n_0
                         CARRY4 (Prop_carry4_CI_O[3])
                                                      0.331     6.879 r  u_lin_approx/unnormalized_res0_carry__7_i_5/O[3]
                         net (fo=1, unplaced)         0.618     7.497    u_lin_approx/gen_split_mult.merged[37]
                         LUT2 (Prop_lut2_I1_O)        0.307     7.804 r  u_lin_approx/unnormalized_res0_carry__8_i_2/O
                         net (fo=1, unplaced)         0.000     7.804    u_lin_approx/unnormalized_res0_carry__8_i_2_n_0
                         CARRY4 (Prop_carry4_S[2]_CO[3])
                                                      0.380     8.184 r  u_lin_approx/unnormalized_res0_carry__8/CO[3]
                         net (fo=1, unplaced)         0.000     8.184    u_lin_approx/unnormalized_res0_carry__8_n_0
                         CARRY4 (Prop_carry4_CI_O[2])
                                                      0.256     8.440 r  u_lin_approx/unnormalized_res0_carry__9/O[2]
                         net (fo=3, unplaced)         1.132     9.572    u_lin_approx/s5_unnorm_res[41]
                         LUT6 (Prop_lut6_I4_O)        0.301     9.873 r  u_lin_approx/gen_split.msb_idx_s[4]_i_5/O
                         net (fo=9, unplaced)         0.490    10.363    u_lin_approx/gen_split.msb_idx_s[4]_i_5_n_0
                         LUT6 (Prop_lut6_I2_O)        0.124    10.487 r  u_lin_approx/gen_split.msb_idx_s[3]_i_4/O
                         net (fo=3, unplaced)         0.467    10.954    u_lin_approx/gen_split.msb_idx_s[3]_i_4_n_0
                         LUT4 (Prop_lut4_I3_O)        0.124    11.078 f  u_lin_approx/gen_split.msb_idx_s[2]_i_4/O
                         net (fo=3, unplaced)         0.920    11.998    u_lin_approx/gen_split.msb_idx_s[2]_i_4_n_0
                         LUT6 (Prop_lut6_I0_O)        0.124    12.122 r  u_lin_approx/gen_split.msb_idx_s[1]_i_1/O
                         net (fo=1, unplaced)         0.000    12.122    u_normalize/D[1]
                         FDRE                                         r  u_normalize/gen_split.msb_idx_s_reg[1]/D
  -------------------------------------------------------------------    -------------------

                         (clock clk rise edge)        2.000     2.000 r  
                                                      0.000     2.000 r  clk (IN)
                         net (fo=0)                   0.000     2.000    clk
                         IBUF (Prop_ibuf_I_O)         0.811     2.811 r  clk_IBUF_inst/O
                         net (fo=1, unplaced)         0.760     3.570    clk_IBUF
                         BUFG (Prop_bufg_I_O)         0.091     3.661 r  clk_IBUF_BUFG_inst/O
                         net (fo=383, unplaced)       0.439     4.100    u_normalize/clk_IBUF_BUFG
                         FDRE                                         r  u_normalize/gen_split.msb_idx_s_reg[1]/C
                         clock pessimism              0.178     4.279    
                         clock uncertainty           -0.035     4.243    
                         FDRE (Setup_fdre_C_D)        0.029     4.272    u_normalize/gen_split.msb_idx_s_reg[1]
  -------------------------------------------------------------------
                         required time                          4.272    
                         arrival time                         -12.122    
  -------------------------------------------------------------------
                         slack                                 -7.850    

Slack (VIOLATED) :        -7.790ns  (required time - arrival time)
  Source:                 u_lin_approx/gen_split_mult.gen_part[1].gen_part_reg.part_reg_reg[1]/CLK
                            (rising edge-triggered cell DSP48E1 clocked by clk  {rise@0.000ns fall@1.000ns period=2.000ns})
  Destination:            u_normalize/gen_split.msb_idx_s_reg[0]/D
                            (rising edge-triggered cell FDRE clocked by clk  {rise@0.000ns fall@1.000ns period=2.000ns})
  Path Group:             clk
  Path Type:              Setup (Max at Slow Process Corner)
  Requirement:            2.000ns  (clk rise@2.000ns - clk rise@0.000ns)
  Data Path Delay:        9.639ns  (logic 4.795ns (49.747%)  route 4.844ns (50.253%))
  Logic Levels:           10  (CARRY4=4 LUT1=1 LUT2=1 LUT4=1 LUT5=1 LUT6=2)
  Clock Path Skew:        -0.145ns (DCD - SCD + CPR)
    Destination Clock Delay (DCD):    2.100ns = ( 4.100 - 2.000 ) 
    Source Clock Delay      (SCD):    2.424ns
    Clock Pessimism Removal (CPR):    0.178ns
  Clock Uncertainty:      0.035ns  ((TSJ^2 + TIJ^2)^1/2 + DJ) / 2 + PE
    Total System Jitter     (TSJ):    0.071ns
    Total Input Jitter      (TIJ):    0.000ns
    Discrete Jitter          (DJ):    0.000ns
    Phase Error              (PE):    0.000ns

    Location             Delay type                Incr(ns)  Path(ns)    Netlist Resource(s)
  -------------------------------------------------------------------    -------------------
                         (clock clk rise edge)        0.000     0.000 r  
                                                      0.000     0.000 r  clk (IN)
                         net (fo=0)                   0.000     0.000    clk
                         IBUF (Prop_ibuf_I_O)         0.944     0.944 r  clk_IBUF_inst/O
                         net (fo=1, unplaced)         0.800     1.744    clk_IBUF
                         BUFG (Prop_bufg_I_O)         0.096     1.840 r  clk_IBUF_BUFG_inst/O
                         net (fo=383, unplaced)       0.584     2.424    u_lin_approx/clk_IBUF_BUFG
                         DSP48E1                                      r  u_lin_approx/gen_split_mult.gen_part[1].gen_part_reg.part_reg_reg[1]/CLK
  -------------------------------------------------------------------    -------------------
                         DSP48E1 (Prop_dsp48e1_CLK_P[0])
                                                      2.191     4.615 r  u_lin_approx/gen_split_mult.gen_part[1].gen_part_reg.part_reg_reg[1]/P[0]
                         net (fo=1, unplaced)         0.800     5.414    u_lin_approx/unnormalized_res4[15]
                         LUT2 (Prop_lut2_I1_O)        0.124     5.538 r  u_lin_approx/unnormalized_res0_carry__2_i_8/O
                         net (fo=1, unplaced)         0.000     5.538    u_lin_approx/unnormalized_res0_carry__2_i_8_n_0
                         CARRY4 (Prop_carry4_S[1]_CO[3])
                                                      0.533     6.071 r  u_lin_approx/unnormalized_res0_carry__2_i_5/CO[3]
                         net (fo=1, unplaced)         0.009     6.080    u_lin_approx/unnormalized_res0_carry__2_i_5_n_0
                         CARRY4 (Prop_carry4_CI_O[3])
                                                      0.331     6.411 f  u_lin_approx/unnormalized_res0_carry__3_i_5/O[3]
                         net (fo=1, unplaced)         0.618     7.029    u_lin_approx/gen_split_mult.merged[21]
                         LUT1 (Prop_lut1_I0_O)        0.307     7.336 r  u_lin_approx/unnormalized_res0_carry__4_i_2/O
                         net (fo=1, unplaced)         0.000     7.336    u_lin_approx/p_0_in[29]
                         CARRY4 (Prop_carry4_S[2]_CO[3])
                                                      0.380     7.716 r  u_lin_approx/unnormalized_res0_carry__4/CO[3]
                         net (fo=1, unplaced)         0.000     7.716    u_lin_approx/unnormalized_res0_carry__4_n_0
                         CARRY4 (Prop_carry4_CI_O[2])
                                                      0.256     7.972 f  u_lin_approx/unnormalized_res0_carry__5/O[2]
                         net (fo=3, unplaced)         0.923     8.895    u_lin_approx/s5_unnorm_res[25]
                         LUT4 (Prop_lut4_I2_O)        0.301     9.196 f  u_lin_approx/gen_split.msb_idx_s[7]_i_8/O
                         net (fo=6, unplaced)         0.481     9.677    u_lin_approx/gen_split.msb_idx_s[7]_i_8_n_0
                         LUT5 (Prop_lut5_I0_O)        0.124     9.801 f  u_lin_approx/gen_split.msb_idx_s[0]_i_12/O
                         net (fo=1, unplaced)         0.902    10.703    u_lin_approx/gen_split.msb_idx_s[0]_i_12_n_0
                         LUT6 (Prop_lut6_I5_O)        0.124    10.827 r  u_lin_approx/gen_split.msb_idx_s[0]_i_6/O
                         net (fo=1, unplaced)         1.111    11.938    u_lin_approx/gen_split.msb_idx_s[0]_i_6_n_0
                         LUT6 (Prop_lut6_I5_O)        0.124    12.062 r  u_lin_approx/gen_split.msb_idx_s[0]_i_1/O
                         net (fo=1, unplaced)         0.000    12.062    u_normalize/D[0]
                         FDRE                                         r  u_normalize/gen_split.msb_idx_s_reg[0]/D
  -------------------------------------------------------------------    -------------------

                         (clock clk rise edge)        2.000     2.000 r  
                                                      0.000     2.000 r  clk (IN)
                         net (fo=0)                   0.000     2.000    clk
                         IBUF (Prop_ibuf_I_O)         0.811     2.811 r  clk_IBUF_inst/O
                         net (fo=1, unplaced)         0.760     3.570    clk_IBUF
                         BUFG (Prop_bufg_I_O)         0.091     3.661 r  clk_IBUF_BUFG_inst/O
                         net (fo=383, unplaced)       0.439     4.100    u_normalize/clk_IBUF_BUFG
                         FDRE                                         r  u_normalize/gen_split.msb_idx_s_reg[0]/C
                         clock pessimism              0.178     4.279    
                         clock uncertainty           -0.035     4.243    
                         FDRE (Setup_fdre_C_D)        0.029     4.272    u_normalize/gen_split.msb_idx_s_reg[0]
  -------------------------------------------------------------------
                         required time                          4.272    
                         arrival time                         -12.062    
  -------------------------------------------------------------------
                         slack                                 -7.790    




