Copyright 1986-2022 Xilinx, Inc. All Rights Reserved. Copyright 2022-2025 Advanced Micro Devices, Inc. All Rights Reserved.
-------------------------------------------------------------------------------------------------------------------------------------------------------------------------------------------------------------------
| Tool Version : Vivado v.2025.2 (lin64) Build 6299465 Fri Nov 14 12:34:56 MST 2025
| Date         : Wed Jul 29 20:53:02 2026
| Host         : radoslaw-feiglewicz running 64-bit Ubuntu 24.04.2 LTS
| Command      : report_timing -max_paths 3 -unique_pins -delay_type max -file /home/radoslaw-feiglewicz/Pulpit/Git_projects/exp_eval_benchmarks/ai_math_modeling/build/vivado_compare/crit_split_L2_S1_A2_sp1.rpt
| Design       : bf16_exp2
| Device       : 7a200t-fbg484
| Speed File   : -1  PRODUCTION 1.23 2018-06-13
| Design State : Synthesized
-------------------------------------------------------------------------------------------------------------------------------------------------------------------------------------------------------------------

Timing Report

Slack (VIOLATED) :        -4.448ns  (required time - arrival time)
  Source:                 u_lin_approx/gen_split_mult.gen_part[1].gen_part_reg.part_reg_reg[1]/CLK
                            (rising edge-triggered cell DSP48E1 clocked by clk  {rise@0.000ns fall@1.000ns period=2.000ns})
  Destination:            u_lin_approx/gen_sub_reg.unnormalized_res_reg[59]/D
                            (rising edge-triggered cell FDRE clocked by clk  {rise@0.000ns fall@1.000ns period=2.000ns})
  Path Group:             clk
  Path Type:              Setup (Max at Slow Process Corner)
  Requirement:            2.000ns  (clk rise@2.000ns - clk rise@0.000ns)
  Data Path Delay:        6.344ns  (logic 4.917ns (77.510%)  route 1.427ns (22.490%))
  Logic Levels:           13  (CARRY4=11 LUT2=2)
  Clock Path Skew:        -0.145ns (DCD - SCD + CPR)
    Destination Clock Delay (DCD):    2.100ns = ( 4.100 - 2.000 ) 
    Source Clock Delay      (SCD):    2.424ns
    Clock Pessimism Removal (CPR):    0.178ns
  Clock Uncertainty:      0.035ns  ((TSJ^2 + TIJ^2)^1/2 + DJ) / 2 + PE
    Total System Jitter     (TSJ):    0.071ns
    Total Input Jitter      (TIJ):    0.000ns
    Discrete Jitter          (DJ):    0.000ns
    Phase Error              (PE):    0.000ns

    Location             Delay type                Incr(ns)  Path(ns)    Netlist Resource(s)
  -------------------------------------------------------------------    -------------------
                         (clock clk rise edge)        0.000     0.000 r  
                                                      0.000     0.000 r  clk (IN)
                         net (fo=0)                   0.000     0.000    clk
                         IBUF (Prop_ibuf_I_O)         0.944     0.944 r  clk_IBUF_inst/O
                         net (fo=1, unplaced)         0.800     1.744    clk_IBUF
                         BUFG (Prop_bufg_I_O)         0.096     1.840 r  clk_IBUF_BUFG_inst/O
                         net (fo=458, unplaced)       0.584     2.424    u_lin_approx/clk_IBUF_BUFG
                         DSP48E1                                      r  u_lin_approx/gen_split_mult.gen_part[1].gen_part_reg.part_reg_reg[1]/CLK
  -------------------------------------------------------------------    -------------------
                         DSP48E1 (Prop_dsp48e1_CLK_P[0])
                                                      2.191     4.615 r  u_lin_approx/gen_split_mult.gen_part[1].gen_part_reg.part_reg_reg[1]/P[0]
                         net (fo=1, unplaced)         0.800     5.414    u_lin_approx/unnormalized_res4[15]
                         LUT2 (Prop_lut2_I1_O)        0.124     5.538 r  u_lin_approx/unnormalized_res0_carry__2_i_8/O
                         net (fo=1, unplaced)         0.000     5.538    u_lin_approx/unnormalized_res0_carry__2_i_8_n_0
                         CARRY4 (Prop_carry4_S[1]_CO[3])
                                                      0.533     6.071 r  u_lin_approx/unnormalized_res0_carry__2_i_5/CO[3]
                         net (fo=1, unplaced)         0.009     6.080    u_lin_approx/unnormalized_res0_carry__2_i_5_n_0
                         CARRY4 (Prop_carry4_CI_CO[3])
                                                      0.117     6.197 r  u_lin_approx/unnormalized_res0_carry__3_i_5/CO[3]
                         net (fo=1, unplaced)         0.000     6.197    u_lin_approx/unnormalized_res0_carry__3_i_5_n_0
                         CARRY4 (Prop_carry4_CI_CO[3])
                                                      0.117     6.314 r  u_lin_approx/unnormalized_res0_carry__4_i_5/CO[3]
                         net (fo=1, unplaced)         0.000     6.314    u_lin_approx/unnormalized_res0_carry__4_i_5_n_0
                         CARRY4 (Prop_carry4_CI_CO[3])
                                                      0.117     6.431 r  u_lin_approx/unnormalized_res0_carry__5_i_5/CO[3]
                         net (fo=1, unplaced)         0.000     6.431    u_lin_approx/unnormalized_res0_carry__5_i_5_n_0
                         CARRY4 (Prop_carry4_CI_CO[3])
                                                      0.117     6.548 r  u_lin_approx/unnormalized_res0_carry__6_i_5/CO[3]
                         net (fo=1, unplaced)         0.000     6.548    u_lin_approx/unnormalized_res0_carry__6_i_5_n_0
                         CARRY4 (Prop_carry4_CI_CO[3])
                                                      0.117     6.665 r  u_lin_approx/unnormalized_res0_carry__7_i_5/CO[3]
                         net (fo=1, unplaced)         0.000     6.665    u_lin_approx/unnormalized_res0_carry__7_i_5_n_0
                         CARRY4 (Prop_carry4_CI_CO[3])
                                                      0.117     6.782 r  u_lin_approx/unnormalized_res0_carry__8_i_5/CO[3]
                         net (fo=1, unplaced)         0.000     6.782    u_lin_approx/unnormalized_res0_carry__8_i_5_n_0
                         CARRY4 (Prop_carry4_CI_CO[3])
                                                      0.117     6.899 r  u_lin_approx/unnormalized_res0_carry__9_i_5/CO[3]
                         net (fo=1, unplaced)         0.000     6.899    u_lin_approx/unnormalized_res0_carry__9_i_5_n_0
                         CARRY4 (Prop_carry4_CI_O[3])
                                                      0.331     7.230 r  u_lin_approx/unnormalized_res0_carry__10_i_5/O[3]
                         net (fo=1, unplaced)         0.618     7.848    u_lin_approx/gen_split_mult.merged[49]
                         LUT2 (Prop_lut2_I1_O)        0.307     8.155 r  u_lin_approx/unnormalized_res0_carry__11_i_2/O
                         net (fo=1, unplaced)         0.000     8.155    u_lin_approx/unnormalized_res0_carry__11_i_2_n_0
                         CARRY4 (Prop_carry4_S[2]_CO[3])
                                                      0.380     8.535 r  u_lin_approx/unnormalized_res0_carry__11/CO[3]
                         net (fo=1, unplaced)         0.000     8.535    u_lin_approx/unnormalized_res0_carry__11_n_0
                         CARRY4 (Prop_carry4_CI_O[0])
                                                      0.232     8.767 r  u_lin_approx/unnormalized_res0_carry__12/O[0]
                         net (fo=1, unplaced)         0.000     8.767    u_lin_approx/calc_res[59]
                         FDRE                                         r  u_lin_approx/gen_sub_reg.unnormalized_res_reg[59]/D
  -------------------------------------------------------------------    -------------------

                         (clock clk rise edge)        2.000     2.000 r  
                                                      0.000     2.000 r  clk (IN)
                         net (fo=0)                   0.000     2.000    clk
                         IBUF (Prop_ibuf_I_O)         0.811     2.811 r  clk_IBUF_inst/O
                         net (fo=1, unplaced)         0.760     3.570    clk_IBUF
                         BUFG (Prop_bufg_I_O)         0.091     3.661 r  clk_IBUF_BUFG_inst/O
                         net (fo=458, unplaced)       0.439     4.100    u_lin_approx/clk_IBUF_BUFG
                         FDRE                                         r  u_lin_approx/gen_sub_reg.unnormalized_res_reg[59]/C
                         clock pessimism              0.178     4.279    
                         clock uncertainty           -0.035     4.243    
                         FDRE (Setup_fdre_C_D)        0.076     4.319    u_lin_approx/gen_sub_reg.unnormalized_res_reg[59]
  -------------------------------------------------------------------
                         required time                          4.319    
                         arrival time                          -8.767    
  -------------------------------------------------------------------
                         slack                                 -4.448    

Slack (VIOLATED) :        -4.436ns  (required time - arrival time)
  Source:                 u_lin_approx/gen_split_mult.gen_part[1].gen_part_reg.part_reg_reg[1]/CLK
                            (rising edge-triggered cell DSP48E1 clocked by clk  {rise@0.000ns fall@1.000ns period=2.000ns})
  Destination:            u_lin_approx/gen_sub_reg.unnormalized_res_reg[56]/D
                            (rising edge-triggered cell FDRE clocked by clk  {rise@0.000ns fall@1.000ns period=2.000ns})
  Path Group:             clk
  Path Type:              Setup (Max at Slow Process Corner)
  Requirement:            2.000ns  (clk rise@2.000ns - clk rise@0.000ns)
  Data Path Delay:        6.332ns  (logic 4.905ns (77.467%)  route 1.427ns (22.533%))
  Logic Levels:           12  (CARRY4=10 LUT2=2)
  Clock Path Skew:        -0.145ns (DCD - SCD + CPR)
    Destination Clock Delay (DCD):    2.100ns = ( 4.100 - 2.000 ) 
    Source Clock Delay      (SCD):    2.424ns
    Clock Pessimism Removal (CPR):    0.178ns
  Clock Uncertainty:      0.035ns  ((TSJ^2 + TIJ^2)^1/2 + DJ) / 2 + PE
    Total System Jitter     (TSJ):    0.071ns
    Total Input Jitter      (TIJ):    0.000ns
    Discrete Jitter          (DJ):    0.000ns
    Phase Error              (PE):    0.000ns

    Location             Delay type                Incr(ns)  Path(ns)    Netlist Resource(s)
  -------------------------------------------------------------------    -------------------
                         (clock clk rise edge)        0.000     0.000 r  
                                                      0.000     0.000 r  clk (IN)
                         net (fo=0)                   0.000     0.000    clk
                         IBUF (Prop_ibuf_I_O)         0.944     0.944 r  clk_IBUF_inst/O
                         net (fo=1, unplaced)         0.800     1.744    clk_IBUF
                         BUFG (Prop_bufg_I_O)         0.096     1.840 r  clk_IBUF_BUFG_inst/O
                         net (fo=458, unplaced)       0.584     2.424    u_lin_approx/clk_IBUF_BUFG
                         DSP48E1                                      r  u_lin_approx/gen_split_mult.gen_part[1].gen_part_reg.part_reg_reg[1]/CLK
  -------------------------------------------------------------------    -------------------
                         DSP48E1 (Prop_dsp48e1_CLK_P[0])
                                                      2.191     4.615 r  u_lin_approx/gen_split_mult.gen_part[1].gen_part_reg.part_reg_reg[1]/P[0]
                         net (fo=1, unplaced)         0.800     5.414    u_lin_approx/unnormalized_res4[15]
                         LUT2 (Prop_lut2_I1_O)        0.124     5.538 r  u_lin_approx/unnormalized_res0_carry__2_i_8/O
                         net (fo=1, unplaced)         0.000     5.538    u_lin_approx/unnormalized_res0_carry__2_i_8_n_0
                         CARRY4 (Prop_carry4_S[1]_CO[3])
                                                      0.533     6.071 r  u_lin_approx/unnormalized_res0_carry__2_i_5/CO[3]
                         net (fo=1, unplaced)         0.009     6.080    u_lin_approx/unnormalized_res0_carry__2_i_5_n_0
                         CARRY4 (Prop_carry4_CI_CO[3])
                                                      0.117     6.197 r  u_lin_approx/unnormalized_res0_carry__3_i_5/CO[3]
                         net (fo=1, unplaced)         0.000     6.197    u_lin_approx/unnormalized_res0_carry__3_i_5_n_0
                         CARRY4 (Prop_carry4_CI_CO[3])
                                                      0.117     6.314 r  u_lin_approx/unnormalized_res0_carry__4_i_5/CO[3]
                         net (fo=1, unplaced)         0.000     6.314    u_lin_approx/unnormalized_res0_carry__4_i_5_n_0
                         CARRY4 (Prop_carry4_CI_CO[3])
                                                      0.117     6.431 r  u_lin_approx/unnormalized_res0_carry__5_i_5/CO[3]
                         net (fo=1, unplaced)         0.000     6.431    u_lin_approx/unnormalized_res0_carry__5_i_5_n_0
                         CARRY4 (Prop_carry4_CI_CO[3])
                                                      0.117     6.548 r  u_lin_approx/unnormalized_res0_carry__6_i_5/CO[3]
                         net (fo=1, unplaced)         0.000     6.548    u_lin_approx/unnormalized_res0_carry__6_i_5_n_0
                         CARRY4 (Prop_carry4_CI_CO[3])
                                                      0.117     6.665 r  u_lin_approx/unnormalized_res0_carry__7_i_5/CO[3]
                         net (fo=1, unplaced)         0.000     6.665    u_lin_approx/unnormalized_res0_carry__7_i_5_n_0
                         CARRY4 (Prop_carry4_CI_CO[3])
                                                      0.117     6.782 r  u_lin_approx/unnormalized_res0_carry__8_i_5/CO[3]
                         net (fo=1, unplaced)         0.000     6.782    u_lin_approx/unnormalized_res0_carry__8_i_5_n_0
                         CARRY4 (Prop_carry4_CI_O[3])
                                                      0.331     7.113 r  u_lin_approx/unnormalized_res0_carry__9_i_5/O[3]
                         net (fo=1, unplaced)         0.618     7.731    u_lin_approx/gen_split_mult.merged[45]
                         LUT2 (Prop_lut2_I1_O)        0.307     8.038 r  u_lin_approx/unnormalized_res0_carry__10_i_2/O
                         net (fo=1, unplaced)         0.000     8.038    u_lin_approx/unnormalized_res0_carry__10_i_2_n_0
                         CARRY4 (Prop_carry4_S[2]_CO[3])
                                                      0.380     8.418 r  u_lin_approx/unnormalized_res0_carry__10/CO[3]
                         net (fo=1, unplaced)         0.000     8.418    u_lin_approx/unnormalized_res0_carry__10_n_0
                         CARRY4 (Prop_carry4_CI_O[1])
                                                      0.337     8.755 r  u_lin_approx/unnormalized_res0_carry__11/O[1]
                         net (fo=1, unplaced)         0.000     8.755    u_lin_approx/calc_res[56]
                         FDRE                                         r  u_lin_approx/gen_sub_reg.unnormalized_res_reg[56]/D
  -------------------------------------------------------------------    -------------------

                         (clock clk rise edge)        2.000     2.000 r  
                                                      0.000     2.000 r  clk (IN)
                         net (fo=0)                   0.000     2.000    clk
                         IBUF (Prop_ibuf_I_O)         0.811     2.811 r  clk_IBUF_inst/O
                         net (fo=1, unplaced)         0.760     3.570    clk_IBUF
                         BUFG (Prop_bufg_I_O)         0.091     3.661 r  clk_IBUF_BUFG_inst/O
                         net (fo=458, unplaced)       0.439     4.100    u_lin_approx/clk_IBUF_BUFG
                         FDRE                                         r  u_lin_approx/gen_sub_reg.unnormalized_res_reg[56]/C
                         clock pessimism              0.178     4.279    
                         clock uncertainty           -0.035     4.243    
                         FDRE (Setup_fdre_C_D)        0.076     4.319    u_lin_approx/gen_sub_reg.unnormalized_res_reg[56]
  -------------------------------------------------------------------
                         required time                          4.319    
                         arrival time                          -8.755    
  -------------------------------------------------------------------
                         slack                                 -4.436    

Slack (VIOLATED) :        -4.430ns  (required time - arrival time)
  Source:                 u_lin_approx/gen_split_mult.gen_part[1].gen_part_reg.part_reg_reg[1]/CLK
                            (rising edge-triggered cell DSP48E1 clocked by clk  {rise@0.000ns fall@1.000ns period=2.000ns})
  Destination:            u_lin_approx/gen_sub_reg.unnormalized_res_reg[58]/D
                            (rising edge-triggered cell FDRE clocked by clk  {rise@0.000ns fall@1.000ns period=2.000ns})
  Path Group:             clk
  Path Type:              Setup (Max at Slow Process Corner)
  Requirement:            2.000ns  (clk rise@2.000ns - clk rise@0.000ns)
  Data Path Delay:        6.326ns  (logic 4.899ns (77.446%)  route 1.427ns (22.554%))
  Logic Levels:           12  (CARRY4=10 LUT2=2)
  Clock Path Skew:        -0.145ns (DCD - SCD + CPR)
    Destination Clock Delay (DCD):    2.100ns = ( 4.100 - 2.000 ) 
    Source Clock Delay      (SCD):    2.424ns
    Clock Pessimism Removal (CPR):    0.178ns
  Clock Uncertainty:      0.035ns  ((TSJ^2 + TIJ^2)^1/2 + DJ) / 2 + PE
    Total System Jitter     (TSJ):    0.071ns
    Total Input Jitter      (TIJ):    0.000ns
    Discrete Jitter          (DJ):    0.000ns
    Phase Error              (PE):    0.000ns

    Location             Delay type                Incr(ns)  Path(ns)    Netlist Resource(s)
  -------------------------------------------------------------------    -------------------
                         (clock clk rise edge)        0.000     0.000 r  
                                                      0.000     0.000 r  clk (IN)
                         net (fo=0)                   0.000     0.000    clk
                         IBUF (Prop_ibuf_I_O)         0.944     0.944 r  clk_IBUF_inst/O
                         net (fo=1, unplaced)         0.800     1.744    clk_IBUF
                         BUFG (Prop_bufg_I_O)         0.096     1.840 r  clk_IBUF_BUFG_inst/O
                         net (fo=458, unplaced)       0.584     2.424    u_lin_approx/clk_IBUF_BUFG
                         DSP48E1                                      r  u_lin_approx/gen_split_mult.gen_part[1].gen_part_reg.part_reg_reg[1]/CLK
  -------------------------------------------------------------------    -------------------
                         DSP48E1 (Prop_dsp48e1_CLK_P[0])
                                                      2.191     4.615 r  u_lin_approx/gen_split_mult.gen_part[1].gen_part_reg.part_reg_reg[1]/P[0]
                         net (fo=1, unplaced)         0.800     5.414    u_lin_approx/unnormalized_res4[15]
                         LUT2 (Prop_lut2_I1_O)        0.124     5.538 r  u_lin_approx/unnormalized_res0_carry__2_i_8/O
                         net (fo=1, unplaced)         0.000     5.538    u_lin_approx/unnormalized_res0_carry__2_i_8_n_0
                         CARRY4 (Prop_carry4_S[1]_CO[3])
                                                      0.533     6.071 r  u_lin_approx/unnormalized_res0_carry__2_i_5/CO[3]
                         net (fo=1, unplaced)         0.009     6.080    u_lin_approx/unnormalized_res0_carry__2_i_5_n_0
                         CARRY4 (Prop_carry4_CI_CO[3])
                                                      0.117     6.197 r  u_lin_approx/unnormalized_res0_carry__3_i_5/CO[3]
                         net (fo=1, unplaced)         0.000     6.197    u_lin_approx/unnormalized_res0_carry__3_i_5_n_0
                         CARRY4 (Prop_carry4_CI_CO[3])
                                                      0.117     6.314 r  u_lin_approx/unnormalized_res0_carry__4_i_5/CO[3]
                         net (fo=1, unplaced)         0.000     6.314    u_lin_approx/unnormalized_res0_carry__4_i_5_n_0
                         CARRY4 (Prop_carry4_CI_CO[3])
                                                      0.117     6.431 r  u_lin_approx/unnormalized_res0_carry__5_i_5/CO[3]
                         net (fo=1, unplaced)         0.000     6.431    u_lin_approx/unnormalized_res0_carry__5_i_5_n_0
                         CARRY4 (Prop_carry4_CI_CO[3])
                                                      0.117     6.548 r  u_lin_approx/unnormalized_res0_carry__6_i_5/CO[3]
                         net (fo=1, unplaced)         0.000     6.548    u_lin_approx/unnormalized_res0_carry__6_i_5_n_0
                         CARRY4 (Prop_carry4_CI_CO[3])
                                                      0.117     6.665 r  u_lin_approx/unnormalized_res0_carry__7_i_5/CO[3]
                         net (fo=1, unplaced)         0.000     6.665    u_lin_approx/unnormalized_res0_carry__7_i_5_n_0
                         CARRY4 (Prop_carry4_CI_CO[3])
                                                      0.117     6.782 r  u_lin_approx/unnormalized_res0_carry__8_i_5/CO[3]
                         net (fo=1, unplaced)         0.000     6.782    u_lin_approx/unnormalized_res0_carry__8_i_5_n_0
                         CARRY4 (Prop_carry4_CI_O[3])
                                                      0.331     7.113 r  u_lin_approx/unnormalized_res0_carry__9_i_5/O[3]
                         net (fo=1, unplaced)         0.618     7.731    u_lin_approx/gen_split_mult.merged[45]
                         LUT2 (Prop_lut2_I1_O)        0.307     8.038 r  u_lin_approx/unnormalized_res0_carry__10_i_2/O
                         net (fo=1, unplaced)         0.000     8.038    u_lin_approx/unnormalized_res0_carry__10_i_2_n_0
                         CARRY4 (Prop_carry4_S[2]_CO[3])
                                                      0.380     8.418 r  u_lin_approx/unnormalized_res0_carry__10/CO[3]
                         net (fo=1, unplaced)         0.000     8.418    u_lin_approx/unnormalized_res0_carry__10_n_0
                         CARRY4 (Prop_carry4_CI_O[3])
                                                      0.331     8.749 r  u_lin_approx/unnormalized_res0_carry__11/O[3]
                         net (fo=1, unplaced)         0.000     8.749    u_lin_approx/calc_res[58]
                         FDRE                                         r  u_lin_approx/gen_sub_reg.unnormalized_res_reg[58]/D
  -------------------------------------------------------------------    -------------------

                         (clock clk rise edge)        2.000     2.000 r  
                                                      0.000     2.000 r  clk (IN)
                         net (fo=0)                   0.000     2.000    clk
                         IBUF (Prop_ibuf_I_O)         0.811     2.811 r  clk_IBUF_inst/O
                         net (fo=1, unplaced)         0.760     3.570    clk_IBUF
                         BUFG (Prop_bufg_I_O)         0.091     3.661 r  clk_IBUF_BUFG_inst/O
                         net (fo=458, unplaced)       0.439     4.100    u_lin_approx/clk_IBUF_BUFG
                         FDRE                                         r  u_lin_approx/gen_sub_reg.unnormalized_res_reg[58]/C
                         clock pessimism              0.178     4.279    
                         clock uncertainty           -0.035     4.243    
                         FDRE (Setup_fdre_C_D)        0.076     4.319    u_lin_approx/gen_sub_reg.unnormalized_res_reg[58]
  -------------------------------------------------------------------
                         required time                          4.319    
                         arrival time                          -8.749    
  -------------------------------------------------------------------
                         slack                                 -4.430    




