Copyright 1986-2022 Xilinx, Inc. All Rights Reserved. Copyright 2022-2025 Advanced Micro Devices, Inc. All Rights Reserved.
---------------------------------------------------------------------------------------------------------------------------------------------------------------------------------------------------------------------
| Tool Version : Vivado v.2025.2 (lin64) Build 6299465 Fri Nov 14 12:34:56 MST 2025
| Date         : Wed Jul 29 20:32:07 2026
| Host         : radoslaw-feiglewicz running 64-bit Ubuntu 24.04.2 LTS
| Command      : report_timing -max_paths 3 -unique_pins -delay_type max -file /home/radoslaw-feiglewicz/Pulpit/Git_projects/exp_eval_benchmarks/ai_math_modeling/build/vivado_compare/crit_split_F29_A1_split_1.rpt
| Design       : bf16_exp2
| Device       : 7a200t-fbg484
| Speed File   : -1  PRODUCTION 1.23 2018-06-13
| Design State : Synthesized
---------------------------------------------------------------------------------------------------------------------------------------------------------------------------------------------------------------------

Timing Report

Slack (VIOLATED) :        -8.197ns  (required time - arrival time)
  Source:                 u_lin_approx/gen_split_mult.gen_part[1].gen_part_reg.part_reg_reg[1]/CLK
                            (rising edge-triggered cell DSP48E1 clocked by clk  {rise@0.000ns fall@1.000ns period=2.000ns})
  Destination:            u_normalize/gen_split.msb_idx_s_reg[0]/D
                            (rising edge-triggered cell FDRE clocked by clk  {rise@0.000ns fall@1.000ns period=2.000ns})
  Path Group:             clk
  Path Type:              Setup (Max at Slow Process Corner)
  Requirement:            2.000ns  (clk rise@2.000ns - clk rise@0.000ns)
  Data Path Delay:        10.046ns  (logic 4.928ns (49.056%)  route 5.118ns (50.944%))
  Logic Levels:           10  (CARRY4=4 LUT1=1 LUT2=1 LUT5=2 LUT6=2)
  Clock Path Skew:        -0.145ns (DCD - SCD + CPR)
    Destination Clock Delay (DCD):    2.100ns = ( 4.100 - 2.000 ) 
    Source Clock Delay      (SCD):    2.424ns
    Clock Pessimism Removal (CPR):    0.178ns
  Clock Uncertainty:      0.035ns  ((TSJ^2 + TIJ^2)^1/2 + DJ) / 2 + PE
    Total System Jitter     (TSJ):    0.071ns
    Total Input Jitter      (TIJ):    0.000ns
    Discrete Jitter          (DJ):    0.000ns
    Phase Error              (PE):    0.000ns

    Location             Delay type                Incr(ns)  Path(ns)    Netlist Resource(s)
  -------------------------------------------------------------------    -------------------
                         (clock clk rise edge)        0.000     0.000 r  
                                                      0.000     0.000 r  clk (IN)
                         net (fo=0)                   0.000     0.000    clk
                         IBUF (Prop_ibuf_I_O)         0.944     0.944 r  clk_IBUF_inst/O
                         net (fo=1, unplaced)         0.800     1.744    clk_IBUF
                         BUFG (Prop_bufg_I_O)         0.096     1.840 r  clk_IBUF_BUFG_inst/O
                         net (fo=402, unplaced)       0.584     2.424    u_lin_approx/clk_IBUF_BUFG
                         DSP48E1                                      r  u_lin_approx/gen_split_mult.gen_part[1].gen_part_reg.part_reg_reg[1]/CLK
  -------------------------------------------------------------------    -------------------
                         DSP48E1 (Prop_dsp48e1_CLK_P[0])
                                                      2.191     4.615 r  u_lin_approx/gen_split_mult.gen_part[1].gen_part_reg.part_reg_reg[1]/P[0]
                         net (fo=1, unplaced)         0.800     5.414    u_lin_approx/unnormalized_res4[15]
                         LUT2 (Prop_lut2_I1_O)        0.124     5.538 r  u_lin_approx/unnormalized_res2__1_carry_i_3/O
                         net (fo=1, unplaced)         0.000     5.538    u_lin_approx/unnormalized_res2__1_carry_i_3_n_0
                         CARRY4 (Prop_carry4_S[1]_CO[3])
                                                      0.533     6.071 r  u_lin_approx/unnormalized_res2__1_carry/CO[3]
                         net (fo=1, unplaced)         0.009     6.080    u_lin_approx/unnormalized_res2__1_carry_n_0
                         CARRY4 (Prop_carry4_CI_O[3])
                                                      0.331     6.411 f  u_lin_approx/unnormalized_res2__1_carry__0/O[3]
                         net (fo=1, unplaced)         0.618     7.029    u_lin_approx/unnormalized_res2__1_carry__0_n_4
                         LUT1 (Prop_lut1_I0_O)        0.307     7.336 r  u_lin_approx/unnormalized_res0_carry__4_i_4/O
                         net (fo=1, unplaced)         0.000     7.336    u_lin_approx/p_0_in[21]
                         CARRY4 (Prop_carry4_S[0]_CO[3])
                                                      0.513     7.849 r  u_lin_approx/unnormalized_res0_carry__4/CO[3]
                         net (fo=1, unplaced)         0.000     7.849    u_lin_approx/unnormalized_res0_carry__4_n_0
                         CARRY4 (Prop_carry4_CI_O[2])
                                                      0.256     8.105 f  u_lin_approx/unnormalized_res0_carry__5/O[2]
                         net (fo=5, unplaced)         1.142     9.247    u_lin_approx/s5_unnorm_res[26]
                         LUT5 (Prop_lut5_I0_O)        0.301     9.548 f  u_lin_approx/gen_split.msb_idx_s[4]_i_3/O
                         net (fo=3, unplaced)         0.683    10.231    u_lin_approx/gen_split.msb_idx_s[4]_i_3_n_0
                         LUT5 (Prop_lut5_I1_O)        0.124    10.355 r  u_lin_approx/gen_split.msb_idx_s[0]_i_11/O
                         net (fo=1, unplaced)         0.964    11.319    u_lin_approx/gen_split.msb_idx_s[0]_i_11_n_0
                         LUT6 (Prop_lut6_I4_O)        0.124    11.443 f  u_lin_approx/gen_split.msb_idx_s[0]_i_3/O
                         net (fo=1, unplaced)         0.902    12.345    u_lin_approx/gen_split.msb_idx_s[0]_i_3_n_0
                         LUT6 (Prop_lut6_I1_O)        0.124    12.469 r  u_lin_approx/gen_split.msb_idx_s[0]_i_1/O
                         net (fo=1, unplaced)         0.000    12.469    u_normalize/D[0]
                         FDRE                                         r  u_normalize/gen_split.msb_idx_s_reg[0]/D
  -------------------------------------------------------------------    -------------------

                         (clock clk rise edge)        2.000     2.000 r  
                                                      0.000     2.000 r  clk (IN)
                         net (fo=0)                   0.000     2.000    clk
                         IBUF (Prop_ibuf_I_O)         0.811     2.811 r  clk_IBUF_inst/O
                         net (fo=1, unplaced)         0.760     3.570    clk_IBUF
                         BUFG (Prop_bufg_I_O)         0.091     3.661 r  clk_IBUF_BUFG_inst/O
                         net (fo=402, unplaced)       0.439     4.100    u_normalize/clk_IBUF_BUFG
                         FDRE                                         r  u_normalize/gen_split.msb_idx_s_reg[0]/C
                         clock pessimism              0.178     4.279    
                         clock uncertainty           -0.035     4.243    
                         FDRE (Setup_fdre_C_D)        0.029     4.272    u_normalize/gen_split.msb_idx_s_reg[0]
  -------------------------------------------------------------------
                         required time                          4.272    
                         arrival time                         -12.469    
  -------------------------------------------------------------------
                         slack                                 -8.197    

Slack (VIOLATED) :        -8.042ns  (required time - arrival time)
  Source:                 u_lin_approx/gen_split_mult.gen_part[2].gen_part_reg.part_reg_reg[2]/CLK
                            (rising edge-triggered cell DSP48E1 clocked by clk  {rise@0.000ns fall@1.000ns period=2.000ns})
  Destination:            u_normalize/gen_split.msb_idx_s_reg[2]/D
                            (rising edge-triggered cell FDRE clocked by clk  {rise@0.000ns fall@1.000ns period=2.000ns})
  Path Group:             clk
  Path Type:              Setup (Max at Slow Process Corner)
  Requirement:            2.000ns  (clk rise@2.000ns - clk rise@0.000ns)
  Data Path Delay:        9.891ns  (logic 4.996ns (50.512%)  route 4.895ns (49.488%))
  Logic Levels:           10  (CARRY4=4 LUT2=1 LUT3=1 LUT4=1 LUT6=3)
  Clock Path Skew:        -0.145ns (DCD - SCD + CPR)
    Destination Clock Delay (DCD):    2.100ns = ( 4.100 - 2.000 ) 
    Source Clock Delay      (SCD):    2.424ns
    Clock Pessimism Removal (CPR):    0.178ns
  Clock Uncertainty:      0.035ns  ((TSJ^2 + TIJ^2)^1/2 + DJ) / 2 + PE
    Total System Jitter     (TSJ):    0.071ns
    Total Input Jitter      (TIJ):    0.000ns
    Discrete Jitter          (DJ):    0.000ns
    Phase Error              (PE):    0.000ns

    Location             Delay type                Incr(ns)  Path(ns)    Netlist Resource(s)
  -------------------------------------------------------------------    -------------------
                         (clock clk rise edge)        0.000     0.000 r  
                                                      0.000     0.000 r  clk (IN)
                         net (fo=0)                   0.000     0.000    clk
                         IBUF (Prop_ibuf_I_O)         0.944     0.944 r  clk_IBUF_inst/O
                         net (fo=1, unplaced)         0.800     1.744    clk_IBUF
                         BUFG (Prop_bufg_I_O)         0.096     1.840 r  clk_IBUF_BUFG_inst/O
                         net (fo=402, unplaced)       0.584     2.424    u_lin_approx/clk_IBUF_BUFG
                         DSP48E1                                      r  u_lin_approx/gen_split_mult.gen_part[2].gen_part_reg.part_reg_reg[2]/CLK
  -------------------------------------------------------------------    -------------------
                         DSP48E1 (Prop_dsp48e1_CLK_P[4])
                                                      2.191     4.615 r  u_lin_approx/gen_split_mult.gen_part[2].gen_part_reg.part_reg_reg[2]/P[4]
                         net (fo=3, unplaced)         0.800     5.414    u_lin_approx/unnormalized_res3[34]
                         LUT3 (Prop_lut3_I2_O)        0.124     5.538 r  u_lin_approx/unnormalized_res2__1_carry__4_i_3/O
                         net (fo=1, unplaced)         0.639     6.177    u_lin_approx/unnormalized_res2__1_carry__4_i_3_n_0
                         CARRY4 (Prop_carry4_DI[1]_CO[3])
                                                      0.520     6.697 r  u_lin_approx/unnormalized_res2__1_carry__4/CO[3]
                         net (fo=1, unplaced)         0.000     6.697    u_lin_approx/unnormalized_res2__1_carry__4_n_0
                         CARRY4 (Prop_carry4_CI_O[3])
                                                      0.331     7.028 r  u_lin_approx/unnormalized_res2__1_carry__5/O[3]
                         net (fo=1, unplaced)         0.618     7.646    u_lin_approx/unnormalized_res2__1_carry__5_n_4
                         LUT2 (Prop_lut2_I1_O)        0.307     7.953 r  u_lin_approx/unnormalized_res0_carry__9_i_4/O
                         net (fo=1, unplaced)         0.000     7.953    u_lin_approx/unnormalized_res0_carry__9_i_4_n_0
                         CARRY4 (Prop_carry4_S[0]_CO[3])
                                                      0.513     8.466 r  u_lin_approx/unnormalized_res0_carry__9/CO[3]
                         net (fo=1, unplaced)         0.000     8.466    u_lin_approx/unnormalized_res0_carry__9_n_0
                         CARRY4 (Prop_carry4_CI_O[3])
                                                      0.331     8.797 f  u_lin_approx/unnormalized_res0_carry__10/O[3]
                         net (fo=2, unplaced)         0.979     9.776    u_lin_approx/s5_unnorm_res[47]
                         LUT6 (Prop_lut6_I1_O)        0.307    10.083 f  u_lin_approx/gen_split.msb_idx_s[4]_i_2/O
                         net (fo=7, unplaced)         0.484    10.567    u_lin_approx/gen_split.msb_idx_s[4]_i_2_n_0
                         LUT4 (Prop_lut4_I3_O)        0.124    10.691 f  u_lin_approx/gen_split.msb_idx_s[5]_i_4/O
                         net (fo=4, unplaced)         0.473    11.164    u_lin_approx/gen_split.msb_idx_s[5]_i_4_n_0
                         LUT6 (Prop_lut6_I1_O)        0.124    11.288 f  u_lin_approx/gen_split.msb_idx_s[2]_i_2/O
                         net (fo=1, unplaced)         0.902    12.190    u_lin_approx/gen_split.msb_idx_s[2]_i_2_n_0
                         LUT6 (Prop_lut6_I0_O)        0.124    12.314 r  u_lin_approx/gen_split.msb_idx_s[2]_i_1/O
                         net (fo=1, unplaced)         0.000    12.314    u_normalize/D[2]
                         FDRE                                         r  u_normalize/gen_split.msb_idx_s_reg[2]/D
  -------------------------------------------------------------------    -------------------

                         (clock clk rise edge)        2.000     2.000 r  
                                                      0.000     2.000 r  clk (IN)
                         net (fo=0)                   0.000     2.000    clk
                         IBUF (Prop_ibuf_I_O)         0.811     2.811 r  clk_IBUF_inst/O
                         net (fo=1, unplaced)         0.760     3.570    clk_IBUF
                         BUFG (Prop_bufg_I_O)         0.091     3.661 r  clk_IBUF_BUFG_inst/O
                         net (fo=402, unplaced)       0.439     4.100    u_normalize/clk_IBUF_BUFG
                         FDRE                                         r  u_normalize/gen_split.msb_idx_s_reg[2]/C
                         clock pessimism              0.178     4.279    
                         clock uncertainty           -0.035     4.243    
                         FDRE (Setup_fdre_C_D)        0.029     4.272    u_normalize/gen_split.msb_idx_s_reg[2]
  -------------------------------------------------------------------
                         required time                          4.272    
                         arrival time                         -12.314    
  -------------------------------------------------------------------
                         slack                                 -8.042    

Slack (VIOLATED) :        -7.619ns  (required time - arrival time)
  Source:                 u_lin_approx/gen_split_mult.gen_part[1].gen_part_reg.part_reg_reg[1]/CLK
                            (rising edge-triggered cell DSP48E1 clocked by clk  {rise@0.000ns fall@1.000ns period=2.000ns})
  Destination:            u_normalize/gen_split.msb_idx_s_reg[3]/D
                            (rising edge-triggered cell FDRE clocked by clk  {rise@0.000ns fall@1.000ns period=2.000ns})
  Path Group:             clk
  Path Type:              Setup (Max at Slow Process Corner)
  Requirement:            2.000ns  (clk rise@2.000ns - clk rise@0.000ns)
  Data Path Delay:        9.468ns  (logic 5.126ns (54.142%)  route 4.342ns (45.858%))
  Logic Levels:           11  (CARRY4=5 LUT1=1 LUT2=1 LUT4=2 LUT6=2)
  Clock Path Skew:        -0.145ns (DCD - SCD + CPR)
    Destination Clock Delay (DCD):    2.100ns = ( 4.100 - 2.000 ) 
    Source Clock Delay      (SCD):    2.424ns
    Clock Pessimism Removal (CPR):    0.178ns
  Clock Uncertainty:      0.035ns  ((TSJ^2 + TIJ^2)^1/2 + DJ) / 2 + PE
    Total System Jitter     (TSJ):    0.071ns
    Total Input Jitter      (TIJ):    0.000ns
    Discrete Jitter          (DJ):    0.000ns
    Phase Error              (PE):    0.000ns

    Location             Delay type                Incr(ns)  Path(ns)    Netlist Resource(s)
  -------------------------------------------------------------------    -------------------
                         (clock clk rise edge)        0.000     0.000 r  
                                                      0.000     0.000 r  clk (IN)
                         net (fo=0)                   0.000     0.000    clk
                         IBUF (Prop_ibuf_I_O)         0.944     0.944 r  clk_IBUF_inst/O
                         net (fo=1, unplaced)         0.800     1.744    clk_IBUF
                         BUFG (Prop_bufg_I_O)         0.096     1.840 r  clk_IBUF_BUFG_inst/O
                         net (fo=402, unplaced)       0.584     2.424    u_lin_approx/clk_IBUF_BUFG
                         DSP48E1                                      r  u_lin_approx/gen_split_mult.gen_part[1].gen_part_reg.part_reg_reg[1]/CLK
  -------------------------------------------------------------------    -------------------
                         DSP48E1 (Prop_dsp48e1_CLK_P[0])
                                                      2.191     4.615 r  u_lin_approx/gen_split_mult.gen_part[1].gen_part_reg.part_reg_reg[1]/P[0]
                         net (fo=1, unplaced)         0.800     5.414    u_lin_approx/unnormalized_res4[15]
                         LUT2 (Prop_lut2_I1_O)        0.124     5.538 r  u_lin_approx/unnormalized_res2__1_carry_i_3/O
                         net (fo=1, unplaced)         0.000     5.538    u_lin_approx/unnormalized_res2__1_carry_i_3_n_0
                         CARRY4 (Prop_carry4_S[1]_CO[3])
                                                      0.533     6.071 r  u_lin_approx/unnormalized_res2__1_carry/CO[3]
                         net (fo=1, unplaced)         0.009     6.080    u_lin_approx/unnormalized_res2__1_carry_n_0
                         CARRY4 (Prop_carry4_CI_CO[3])
                                                      0.117     6.197 r  u_lin_approx/unnormalized_res2__1_carry__0/CO[3]
                         net (fo=1, unplaced)         0.000     6.197    u_lin_approx/unnormalized_res2__1_carry__0_n_0
                         CARRY4 (Prop_carry4_CI_O[3])
                                                      0.331     6.528 f  u_lin_approx/unnormalized_res2__1_carry__1/O[3]
                         net (fo=1, unplaced)         0.618     7.146    u_lin_approx/unnormalized_res2__1_carry__1_n_4
                         LUT1 (Prop_lut1_I0_O)        0.307     7.453 r  u_lin_approx/unnormalized_res0_carry__5_i_4/O
                         net (fo=1, unplaced)         0.000     7.453    u_lin_approx/p_0_in[25]
                         CARRY4 (Prop_carry4_S[0]_CO[3])
                                                      0.513     7.966 r  u_lin_approx/unnormalized_res0_carry__5/CO[3]
                         net (fo=1, unplaced)         0.000     7.966    u_lin_approx/unnormalized_res0_carry__5_n_0
                         CARRY4 (Prop_carry4_CI_O[3])
                                                      0.331     8.297 r  u_lin_approx/unnormalized_res0_carry__6/O[3]
                         net (fo=5, unplaced)         0.836     9.133    u_lin_approx/s5_unnorm_res[31]
                         LUT4 (Prop_lut4_I3_O)        0.307     9.440 r  u_lin_approx/gen_split.msb_idx_s[7]_i_7/O
                         net (fo=4, unplaced)         1.135    10.575    u_lin_approx/gen_split.msb_idx_s[7]_i_7_n_0
                         LUT6 (Prop_lut6_I0_O)        0.124    10.699 f  u_lin_approx/gen_split.msb_idx_s[7]_i_2/O
                         net (fo=7, unplaced)         0.484    11.183    u_lin_approx/gen_split.msb_idx_s[7]_i_2_n_0
                         LUT4 (Prop_lut4_I3_O)        0.124    11.307 r  u_lin_approx/gen_split.msb_idx_s[3]_i_6/O
                         net (fo=2, unplaced)         0.460    11.767    u_lin_approx/gen_split.msb_idx_s[3]_i_6_n_0
                         LUT6 (Prop_lut6_I5_O)        0.124    11.891 r  u_lin_approx/gen_split.msb_idx_s[3]_i_1/O
                         net (fo=1, unplaced)         0.000    11.891    u_normalize/D[3]
                         FDRE                                         r  u_normalize/gen_split.msb_idx_s_reg[3]/D
  -------------------------------------------------------------------    -------------------

                         (clock clk rise edge)        2.000     2.000 r  
                                                      0.000     2.000 r  clk (IN)
                         net (fo=0)                   0.000     2.000    clk
                         IBUF (Prop_ibuf_I_O)         0.811     2.811 r  clk_IBUF_inst/O
                         net (fo=1, unplaced)         0.760     3.570    clk_IBUF
                         BUFG (Prop_bufg_I_O)         0.091     3.661 r  clk_IBUF_BUFG_inst/O
                         net (fo=402, unplaced)       0.439     4.100    u_normalize/clk_IBUF_BUFG
                         FDRE                                         r  u_normalize/gen_split.msb_idx_s_reg[3]/C
                         clock pessimism              0.178     4.279    
                         clock uncertainty           -0.035     4.243    
                         FDRE (Setup_fdre_C_D)        0.029     4.272    u_normalize/gen_split.msb_idx_s_reg[3]
  -------------------------------------------------------------------
                         required time                          4.272    
                         arrival time                         -11.891    
  -------------------------------------------------------------------
                         slack                                 -7.619    




