Copyright 1986-2022 Xilinx, Inc. All Rights Reserved. Copyright 2022-2025 Advanced Micro Devices, Inc. All Rights Reserved.
---------------------------------------------------------------------------------------------------------------------------------------------------------------------------------------
| Tool Version : Vivado v.2025.2 (lin64) Build 6299465 Fri Nov 14 12:34:56 MST 2025
| Date         : Sun Aug  2 11:40:36 2026
| Host         : radoslaw-feiglewicz running 64-bit Ubuntu 24.04.2 LTS
| Command      : report_utilization -hierarchical -file /home/radoslaw-feiglewicz/Pulpit/Git_projects/exp_eval_benchmarks/ai_math_modeling/build/vivado_compare/util_expe_cut_hier.rpt
| Design       : bf16_expe_cut
| Device       : xc7a200tfbg484-1
| Speed File   : -1
| Design State : Synthesized
---------------------------------------------------------------------------------------------------------------------------------------------------------------------------------------

Utilization Design Information

Table of Contents
-----------------
1. Utilization by Hierarchy

1. Utilization by Hierarchy
---------------------------

+-------------------+------------------------+------------+------------+---------+------+-----+--------+--------+------------+
|      Instance     |         Module         | Total LUTs | Logic LUTs | LUTRAMs | SRLs | FFs | RAMB36 | RAMB18 | DSP Blocks |
+-------------------+------------------------+------------+------------+---------+------+-----+--------+--------+------------+
| bf16_expe_cut     |                  (top) |        254 |        254 |       0 |    0 | 110 |      0 |      0 |          1 |
|   (bf16_expe_cut) |                  (top) |          0 |          0 |       0 |    0 |  78 |      0 |      0 |          1 |
|   u_cand_rom      | bf16_expe_cut_cand_rom |        113 |        113 |       0 |    0 |   4 |      0 |      0 |          0 |
|   u_decompose     |         bf16_decompose |        134 |        134 |       0 |    0 |  19 |      0 |      0 |          0 |
+-------------------+------------------------+------------+------------+---------+------+-----+--------+--------+------------+


