Copyright 1986-2022 Xilinx, Inc. All Rights Reserved. Copyright 2022-2025 Advanced Micro Devices, Inc. All Rights Reserved.
---------------------------------------------------------------------------------------------------------------------------------------------------------------------------------------
| Tool Version : Vivado v.2025.2 (lin64) Build 6299465 Fri Nov 14 12:34:56 MST 2025
| Date         : Wed Jul 29 21:05:24 2026
| Host         : radoslaw-feiglewicz running 64-bit Ubuntu 24.04.2 LTS
| Command      : report_utilization -hierarchical -file /home/radoslaw-feiglewicz/Pulpit/Git_projects/exp_eval_benchmarks/ai_math_modeling/build/vivado_compare/util_exp2_opt_hier.rpt
| Design       : bf16_exp2
| Device       : xc7a200tfbg484-1
| Speed File   : -1
| Design State : Synthesized
---------------------------------------------------------------------------------------------------------------------------------------------------------------------------------------

Utilization Design Information

Table of Contents
-----------------
1. Utilization by Hierarchy

1. Utilization by Hierarchy
---------------------------

+--------------------+--------------------+------------+------------+---------+------+-----+--------+--------+------------+
|      Instance      |       Module       | Total LUTs | Logic LUTs | LUTRAMs | SRLs | FFs | RAMB36 | RAMB18 | DSP Blocks |
+--------------------+--------------------+------------+------------+---------+------+-----+--------+--------+------------+
| bf16_exp2          |              (top) |        595 |        584 |       0 |   11 | 153 |      0 |      2 |          5 |
|   (bf16_exp2)      |              (top) |         13 |          2 |       0 |   11 |  29 |      0 |      0 |          0 |
|   u_lin_approx     | bf16_linear_approx |        299 |        299 |       0 |    0 |   0 |      0 |      2 |          2 |
|     (u_lin_approx) | bf16_linear_approx |         86 |         86 |       0 |    0 |   0 |      0 |      0 |          2 |
|     u_coeff_rom    |     bf16_coeff_rom |        213 |        213 |       0 |    0 |   0 |      0 |      2 |          0 |
|   u_normalize      |     bf16_normalize |        115 |        115 |       0 |    0 |  61 |      0 |      0 |          0 |
|   u_round          |         bf16_round |         72 |         72 |       0 |    0 |  18 |      0 |      0 |          0 |
+--------------------+--------------------+------------+------------+---------+------+-----+--------+--------+------------+


